rm -rf /tmp/*test-raftstore*
GO111MODULE=on go test -v --count=1 --parallel=1 -p=1 ./raft -run 2C || true
=== RUN   TestRestoreSnapshot2C
2024/11/08 10:49:50 raft.go:745: [0;37m[info] 1 [commit: 11] restored snapshot [index: 11, term: 11][0m
--- PASS: TestRestoreSnapshot2C (0.00s)
=== RUN   TestRestoreIgnoreSnapshot2C
2024/11/08 10:49:50 raft.go:751: [0;37m[info] 1 [commit: 3] ignored snapshot [index: 1, term: 1][0m
--- PASS: TestRestoreIgnoreSnapshot2C (0.00s)
=== RUN   TestProvideSnap2C
2024/11/08 10:49:50 raft.go:745: [0;37m[info] 1 [commit: 11] restored snapshot [index: 11, term: 11][0m
2024/11/08 10:49:50 raft.go:246: [0;37m[info] Send Snapshot[11,11] from 1 to 2[0m
--- PASS: TestProvideSnap2C (0.00s)
=== RUN   TestRestoreFromSnapMsg2C
2024/11/08 10:49:50 raft.go:745: [0;37m[info] 2 [commit: 11] restored snapshot [index: 11, term: 11][0m
--- PASS: TestRestoreFromSnapMsg2C (0.00s)
=== RUN   TestRestoreFromSnapWithOverlapingPeersMsg2C
2024/11/08 10:49:50 raft.go:745: [0;37m[info] 2 [commit: 11] restored snapshot [index: 11, term: 11][0m
--- PASS: TestRestoreFromSnapWithOverlapingPeersMsg2C (0.00s)
=== RUN   TestSlowNodeRestore2C
2024/11/08 10:49:50 raft.go:246: [0;37m[info] Send Snapshot[102,1] from 1 to 3[0m
2024/11/08 10:49:50 raft.go:745: [0;37m[info] 3 [commit: 102] restored snapshot [index: 102, term: 1][0m
--- PASS: TestSlowNodeRestore2C (0.00s)
=== RUN   TestRawNodeRestartFromSnapshot2C
--- PASS: TestRawNodeRestartFromSnapshot2C (0.00s)
PASS
ok  	github.com/pingcap-incubator/tinykv/raft	0.005s
GO111MODULE=on go test -v --count=1 --parallel=1 -p=1 ./kv/test_raftstore -run ^TestOneSnapshot2C|| true
=== RUN   TestOneSnapshot2C
2024/11/08 10:49:52.378756 node.go:193: [0;37m[info] start raft store node, storeID: 2[0m
2024/11/08 10:49:52.379312 peer.go:41: [0;37m[info] region id:1 region_epoch:<conf_ver:1 version:1 > peers:<id:3 store_id:3 > peers:<id:1 store_id:1 > peers:<id:2 store_id:2 >  create peer with ID 2[0m
2024/11/08 10:49:52.379381 raftstore.go:176: [0;37m[info] start store 2, region_count 1, tombstone_count 0, takes 416.552µs[0m
2024/11/08 10:49:52.380505 node.go:193: [0;37m[info] start raft store node, storeID: 3[0m
2024/11/08 10:49:52.380615 peer.go:41: [0;37m[info] region id:1 region_epoch:<conf_ver:1 version:1 > peers:<id:3 store_id:3 > peers:<id:1 store_id:1 > peers:<id:2 store_id:2 >  create peer with ID 3[0m
2024/11/08 10:49:52.380645 raftstore.go:176: [0;37m[info] start store 3, region_count 1, tombstone_count 0, takes 63.096µs[0m
2024/11/08 10:49:52.381939 node.go:193: [0;37m[info] start raft store node, storeID: 1[0m
2024/11/08 10:49:52.382056 peer.go:41: [0;37m[info] region id:1 region_epoch:<conf_ver:1 version:1 > peers:<id:3 store_id:3 > peers:<id:1 store_id:1 > peers:<id:2 store_id:2 >  create peer with ID 1[0m
2024/11/08 10:49:52.382090 raftstore.go:176: [0;37m[info] start store 1, region_count 1, tombstone_count 0, takes 61.963µs[0m
2024/11/08 10:49:53.948105 peer_storage.go:182: [0;37m[info] [region 1] 2 requesting snapshot[0m
2024/11/08 10:49:53.948166 raft.go:236: [0;37m[info] 2 failed to send snapshot to 1 because snapshot is temporarily unavailable[0m
2024/11/08 10:49:53.948577 snap.go:549: [0;37m[info] region 1 scan snapshot /tmp/test-raftstore701509319/snap/gen_1_7_19_(default|write|lock).sst, key count 12, size 148[0m
2024/11/08 10:49:53.951037 raft.go:236: [0;37m[info] 2 failed to send snapshot to 1 because snapshot is temporarily unavailable[0m
2024/11/08 10:49:53.957905 raft.go:246: [0;37m[info] Send Snapshot[19,7] from 2 to 1[0m
2024/11/08 10:49:53.960080 peer_storage.go:182: [0;37m[info] [region 1] 2 requesting snapshot[0m
2024/11/08 10:49:53.960112 raft.go:236: [0;37m[info] 2 failed to send snapshot to 1 because snapshot is temporarily unavailable[0m
2024/11/08 10:49:53.960337 snap.go:549: [0;37m[info] region 1 scan snapshot /tmp/test-raftstore701509319/snap/gen_1_7_21_(default|write|lock).sst, key count 14, size 174[0m
2024/11/08 10:49:53.964365 raft.go:246: [0;37m[info] Send Snapshot[21,7] from 2 to 1[0m
2024/11/08 10:49:53.966495 peer_storage.go:182: [0;37m[info] [region 1] 2 requesting snapshot[0m
2024/11/08 10:49:53.966550 raft.go:236: [0;37m[info] 2 failed to send snapshot to 1 because snapshot is temporarily unavailable[0m
2024/11/08 10:49:53.967606 snap.go:549: [0;37m[info] region 1 scan snapshot /tmp/test-raftstore701509319/snap/gen_1_7_22_(default|write|lock).sst, key count 15, size 187[0m
2024/11/08 10:49:53.971516 raft.go:236: [0;37m[info] 2 failed to send snapshot to 1 because snapshot is temporarily unavailable[0m
2024/11/08 10:49:53.974671 raft.go:246: [0;37m[info] Send Snapshot[22,7] from 2 to 1[0m
2024/11/08 10:49:53.979908 peer_storage.go:182: [0;37m[info] [region 1] 2 requesting snapshot[0m
2024/11/08 10:49:53.979974 raft.go:236: [0;37m[info] 2 failed to send snapshot to 1 because snapshot is temporarily unavailable[0m
2024/11/08 10:49:53.980799 snap.go:549: [0;37m[info] region 1 scan snapshot /tmp/test-raftstore701509319/snap/gen_1_7_23_(default|write|lock).sst, key count 16, size 200[0m
2024/11/08 10:49:53.983267 raft.go:236: [0;37m[info] 2 failed to send snapshot to 1 because snapshot is temporarily unavailable[0m
2024/11/08 10:49:53.988847 raft.go:246: [0;37m[info] Send Snapshot[23,7] from 2 to 1[0m
2024/11/08 10:49:54.585881 peer_storage.go:182: [0;37m[info] [region 1] 2 requesting snapshot[0m
2024/11/08 10:49:54.585934 raft.go:236: [0;37m[info] 2 failed to send snapshot to 1 because snapshot is temporarily unavailable[0m
2024/11/08 10:49:54.586235 snap.go:549: [0;37m[info] region 1 scan snapshot /tmp/test-raftstore701509319/snap/gen_1_7_25_(default|write|lock).sst, key count 16, size 204[0m
2024/11/08 10:49:54.687510 raft.go:246: [0;37m[info] Send Snapshot[25,7] from 2 to 1[0m
2024/11/08 10:49:54.694329 raft.go:745: [0;37m[info] 1 [commit: 25] restored snapshot [index: 25, term: 7][0m
2024/11/08 10:49:54.694368 peer_storage.go:338: [0;37m[info] [region 1] 1 begin to apply snapshot[0m
2024/11/08 10:49:54.694393 peer_storage.go:298: [0;37m[info] [region 1] clear peer 1 meta key 1 apply key 1 raft key and 3 raft logs, takes 10.13µs[0m
2024/11/08 10:49:54.694430 region_task.go:93: [0;37m[info] begin apply snap data. [regionId: 1][0m
2024/11/08 10:49:54.696407 region_task.go:137: [0;37m[info] succeed in deleting data in range. [regionId: 1, startKey: , endKey: ][0m
2024/11/08 10:49:54.716172 snap.go:700: [0;37m[info] apply snapshot ingested 1 tables[0m
2024/11/08 10:49:54.716245 region_task.go:117: [0;37m[info] applying new data. [regionId: 1, timeTakes: 19.748685ms][0m
2024/11/08 10:49:54.719441 node.go:198: [0;37m[info] stop raft store thread, storeID: 1[0m
2024/11/08 10:49:54.721307 rawnode.go:255: [0;37m[info] Call Advance, Snap is not empty[0m
2024/11/08 10:49:54.721350 log.go:448: [0;37m[info] Ready snap index is 25, PendingSnapshot is 25[0m
2024/11/08 10:49:54.721357 log.go:452: [0;37m[info] Stable Snap to 25, now Snap is nil[0m
2024/11/08 10:49:54.721488 node.go:193: [0;37m[info] start raft store node, storeID: 1[0m
2024/11/08 10:49:54.721631 peer.go:41: [0;37m[info] region id:1 region_epoch:<conf_ver:1 version:1 > peers:<id:3 store_id:3 > peers:<id:1 store_id:1 > peers:<id:2 store_id:2 >  create peer with ID 1[0m
2024/11/08 10:49:54.721668 raftstore.go:176: [0;37m[info] start store 1, region_count 1, tombstone_count 0, takes 87.133µs[0m
2024/11/08 10:49:54.722329 node.go:198: [0;37m[info] stop raft store thread, storeID: 1[0m
2024/11/08 10:49:54.722393 node.go:198: [0;37m[info] stop raft store thread, storeID: 2[0m
2024/11/08 10:49:54.722407 node.go:198: [0;37m[info] stop raft store thread, storeID: 3[0m
--- PASS: TestOneSnapshot2C (2.68s)
PASS
ok  	github.com/pingcap-incubator/tinykv/kv/test_raftstore	2.689s
GO111MODULE=on go test -v --count=1 --parallel=1 -p=1 ./kv/test_raftstore -run ^TestSnapshotRecover2C|| true
=== RUN   TestSnapshotRecover2C
2024/11/08 10:49:56.702075 node.go:193: [0;37m[info] start raft store node, storeID: 4[0m
2024/11/08 10:49:56.702566 peer.go:41: [0;37m[info] region id:1 region_epoch:<conf_ver:1 version:1 > peers:<id:5 store_id:5 > peers:<id:1 store_id:1 > peers:<id:2 store_id:2 > peers:<id:3 store_id:3 > peers:<id:4 store_id:4 >  create peer with ID 4[0m
2024/11/08 10:49:56.702630 raftstore.go:176: [0;37m[info] start store 4, region_count 1, tombstone_count 0, takes 369.674µs[0m
2024/11/08 10:49:56.703987 node.go:193: [0;37m[info] start raft store node, storeID: 5[0m
2024/11/08 10:49:56.704125 peer.go:41: [0;37m[info] region id:1 region_epoch:<conf_ver:1 version:1 > peers:<id:5 store_id:5 > peers:<id:1 store_id:1 > peers:<id:2 store_id:2 > peers:<id:3 store_id:3 > peers:<id:4 store_id:4 >  create peer with ID 5[0m
2024/11/08 10:49:56.704157 raftstore.go:176: [0;37m[info] start store 5, region_count 1, tombstone_count 0, takes 80.073µs[0m
2024/11/08 10:49:56.704240 node.go:193: [0;37m[info] start raft store node, storeID: 1[0m
2024/11/08 10:49:56.704324 peer.go:41: [0;37m[info] region id:1 region_epoch:<conf_ver:1 version:1 > peers:<id:5 store_id:5 > peers:<id:1 store_id:1 > peers:<id:2 store_id:2 > peers:<id:3 store_id:3 > peers:<id:4 store_id:4 >  create peer with ID 1[0m
2024/11/08 10:49:56.704348 raftstore.go:176: [0;37m[info] start store 1, region_count 1, tombstone_count 0, takes 43.683µs[0m
2024/11/08 10:49:56.705203 node.go:193: [0;37m[info] start raft store node, storeID: 2[0m
2024/11/08 10:49:56.705335 peer.go:41: [0;37m[info] region id:1 region_epoch:<conf_ver:1 version:1 > peers:<id:5 store_id:5 > peers:<id:1 store_id:1 > peers:<id:2 store_id:2 > peers:<id:3 store_id:3 > peers:<id:4 store_id:4 >  create peer with ID 2[0m
2024/11/08 10:49:56.705387 raftstore.go:176: [0;37m[info] start store 2, region_count 1, tombstone_count 0, takes 86.942µs[0m
2024/11/08 10:49:56.706149 node.go:193: [0;37m[info] start raft store node, storeID: 3[0m
2024/11/08 10:49:56.706234 peer.go:41: [0;37m[info] region id:1 region_epoch:<conf_ver:1 version:1 > peers:<id:5 store_id:5 > peers:<id:1 store_id:1 > peers:<id:2 store_id:2 > peers:<id:3 store_id:3 > peers:<id:4 store_id:4 >  create peer with ID 3[0m
2024/11/08 10:49:56.706310 raftstore.go:176: [0;37m[info] start store 3, region_count 1, tombstone_count 0, takes 95.003µs[0m
2024/11/08 10:50:02.711291 test_test.go:257: [0;33m[warning] shutdown servers
[0m
2024/11/08 10:50:02.711367 node.go:198: [0;37m[info] stop raft store thread, storeID: 1[0m
2024/11/08 10:50:02.713368 node.go:198: [0;37m[info] stop raft store thread, storeID: 2[0m
2024/11/08 10:50:02.713428 node.go:198: [0;37m[info] stop raft store thread, storeID: 3[0m
2024/11/08 10:50:02.713660 node.go:198: [0;37m[info] stop raft store thread, storeID: 4[0m
2024/11/08 10:50:02.713705 node.go:198: [0;37m[info] stop raft store thread, storeID: 5[0m
2024/11/08 10:50:03.214074 test_test.go:264: [0;33m[warning] restart servers
[0m
2024/11/08 10:50:03.214275 node.go:193: [0;37m[info] start raft store node, storeID: 1[0m
2024/11/08 10:50:03.214505 peer.go:41: [0;37m[info] region id:1 region_epoch:<conf_ver:1 version:1 > peers:<id:5 store_id:5 > peers:<id:1 store_id:1 > peers:<id:2 store_id:2 > peers:<id:3 store_id:3 > peers:<id:4 store_id:4 >  create peer with ID 1[0m
2024/11/08 10:50:03.214617 raftstore.go:176: [0;37m[info] start store 1, region_count 1, tombstone_count 0, takes 211.171µs[0m
2024/11/08 10:50:03.216014 node.go:193: [0;37m[info] start raft store node, storeID: 2[0m
2024/11/08 10:50:03.216147 peer.go:41: [0;37m[info] region id:1 region_epoch:<conf_ver:1 version:1 > peers:<id:5 store_id:5 > peers:<id:1 store_id:1 > peers:<id:2 store_id:2 > peers:<id:3 store_id:3 > peers:<id:4 store_id:4 >  create peer with ID 2[0m
2024/11/08 10:50:03.216216 raftstore.go:176: [0;37m[info] start store 2, region_count 1, tombstone_count 0, takes 113.801µs[0m
2024/11/08 10:50:03.217112 node.go:193: [0;37m[info] start raft store node, storeID: 3[0m
2024/11/08 10:50:03.217212 peer.go:41: [0;37m[info] region id:1 region_epoch:<conf_ver:1 version:1 > peers:<id:5 store_id:5 > peers:<id:1 store_id:1 > peers:<id:2 store_id:2 > peers:<id:3 store_id:3 > peers:<id:4 store_id:4 >  create peer with ID 3[0m
2024/11/08 10:50:03.217310 raftstore.go:176: [0;37m[info] start store 3, region_count 1, tombstone_count 0, takes 127.697µs[0m
2024/11/08 10:50:03.218102 node.go:193: [0;37m[info] start raft store node, storeID: 4[0m
2024/11/08 10:50:03.218213 peer.go:41: [0;37m[info] region id:1 region_epoch:<conf_ver:1 version:1 > peers:<id:5 store_id:5 > peers:<id:1 store_id:1 > peers:<id:2 store_id:2 > peers:<id:3 store_id:3 > peers:<id:4 store_id:4 >  create peer with ID 4[0m
2024/11/08 10:50:03.218271 raftstore.go:176: [0;37m[info] start store 4, region_count 1, tombstone_count 0, takes 90.822µs[0m
2024/11/08 10:50:03.219223 node.go:193: [0;37m[info] start raft store node, storeID: 5[0m
2024/11/08 10:50:03.219318 peer.go:41: [0;37m[info] region id:1 region_epoch:<conf_ver:1 version:1 > peers:<id:5 store_id:5 > peers:<id:1 store_id:1 > peers:<id:2 store_id:2 > peers:<id:3 store_id:3 > peers:<id:4 store_id:4 >  create peer with ID 5[0m
2024/11/08 10:50:03.219387 raftstore.go:176: [0;37m[info] start store 5, region_count 1, tombstone_count 0, takes 99.492µs[0m
2024/11/08 10:50:13.755390 test_test.go:257: [0;33m[warning] shutdown servers
[0m
2024/11/08 10:50:13.755435 node.go:198: [0;37m[info] stop raft store thread, storeID: 1[0m
2024/11/08 10:50:13.757899 node.go:198: [0;37m[info] stop raft store thread, storeID: 2[0m
2024/11/08 10:50:13.757955 node.go:198: [0;37m[info] stop raft store thread, storeID: 3[0m
2024/11/08 10:50:13.757984 node.go:198: [0;37m[info] stop raft store thread, storeID: 4[0m
2024/11/08 10:50:13.758034 node.go:198: [0;37m[info] stop raft store thread, storeID: 5[0m
2024/11/08 10:50:14.258474 test_test.go:264: [0;33m[warning] restart servers
[0m
2024/11/08 10:50:14.258628 node.go:193: [0;37m[info] start raft store node, storeID: 1[0m
2024/11/08 10:50:14.258818 peer.go:41: [0;37m[info] region id:1 region_epoch:<conf_ver:1 version:1 > peers:<id:5 store_id:5 > peers:<id:1 store_id:1 > peers:<id:2 store_id:2 > peers:<id:3 store_id:3 > peers:<id:4 store_id:4 >  create peer with ID 1[0m
2024/11/08 10:50:14.258902 raftstore.go:176: [0;37m[info] start store 1, region_count 1, tombstone_count 0, takes 151.899µs[0m
2024/11/08 10:50:14.259791 node.go:193: [0;37m[info] start raft store node, storeID: 2[0m
2024/11/08 10:50:14.259891 peer.go:41: [0;37m[info] region id:1 region_epoch:<conf_ver:1 version:1 > peers:<id:5 store_id:5 > peers:<id:1 store_id:1 > peers:<id:2 store_id:2 > peers:<id:3 store_id:3 > peers:<id:4 store_id:4 >  create peer with ID 2[0m
2024/11/08 10:50:14.259998 raftstore.go:176: [0;37m[info] start store 2, region_count 1, tombstone_count 0, takes 144.071µs[0m
2024/11/08 10:50:14.260971 node.go:193: [0;37m[info] start raft store node, storeID: 3[0m
2024/11/08 10:50:14.261066 peer.go:41: [0;37m[info] region id:1 region_epoch:<conf_ver:1 version:1 > peers:<id:5 store_id:5 > peers:<id:1 store_id:1 > peers:<id:2 store_id:2 > peers:<id:3 store_id:3 > peers:<id:4 store_id:4 >  create peer with ID 3[0m
2024/11/08 10:50:14.261124 raftstore.go:176: [0;37m[info] start store 3, region_count 1, tombstone_count 0, takes 88.146µs[0m
2024/11/08 10:50:14.263055 node.go:193: [0;37m[info] start raft store node, storeID: 4[0m
2024/11/08 10:50:14.263180 peer.go:41: [0;37m[info] region id:1 region_epoch:<conf_ver:1 version:1 > peers:<id:5 store_id:5 > peers:<id:1 store_id:1 > peers:<id:2 store_id:2 > peers:<id:3 store_id:3 > peers:<id:4 store_id:4 >  create peer with ID 4[0m
2024/11/08 10:50:14.263236 raftstore.go:176: [0;37m[info] start store 4, region_count 1, tombstone_count 0, takes 91.253µs[0m
2024/11/08 10:50:14.264048 node.go:193: [0;37m[info] start raft store node, storeID: 5[0m
2024/11/08 10:50:14.264203 peer.go:41: [0;37m[info] region id:1 region_epoch:<conf_ver:1 version:1 > peers:<id:5 store_id:5 > peers:<id:1 store_id:1 > peers:<id:2 store_id:2 > peers:<id:3 store_id:3 > peers:<id:4 store_id:4 >  create peer with ID 5[0m
2024/11/08 10:50:14.264267 raftstore.go:176: [0;37m[info] start store 5, region_count 1, tombstone_count 0, takes 100.213µs[0m
2024/11/08 10:50:25.100354 test_test.go:257: [0;33m[warning] shutdown servers
[0m
2024/11/08 10:50:25.100403 node.go:198: [0;37m[info] stop raft store thread, storeID: 1[0m
2024/11/08 10:50:25.103999 node.go:198: [0;37m[info] stop raft store thread, storeID: 2[0m
2024/11/08 10:50:25.104079 node.go:198: [0;37m[info] stop raft store thread, storeID: 3[0m
2024/11/08 10:50:25.105249 node.go:198: [0;37m[info] stop raft store thread, storeID: 4[0m
2024/11/08 10:50:25.105304 node.go:198: [0;37m[info] stop raft store thread, storeID: 5[0m
2024/11/08 10:50:25.606488 test_test.go:264: [0;33m[warning] restart servers
[0m
2024/11/08 10:50:25.606656 node.go:193: [0;37m[info] start raft store node, storeID: 1[0m
2024/11/08 10:50:25.606798 peer.go:41: [0;37m[info] region id:1 region_epoch:<conf_ver:1 version:1 > peers:<id:5 store_id:5 > peers:<id:1 store_id:1 > peers:<id:2 store_id:2 > peers:<id:3 store_id:3 > peers:<id:4 store_id:4 >  create peer with ID 1[0m
2024/11/08 10:50:25.606857 raftstore.go:176: [0;37m[info] start store 1, region_count 1, tombstone_count 0, takes 122.072µs[0m
2024/11/08 10:50:25.607899 node.go:193: [0;37m[info] start raft store node, storeID: 2[0m
2024/11/08 10:50:25.608022 peer.go:41: [0;37m[info] region id:1 region_epoch:<conf_ver:1 version:1 > peers:<id:5 store_id:5 > peers:<id:1 store_id:1 > peers:<id:2 store_id:2 > peers:<id:3 store_id:3 > peers:<id:4 store_id:4 >  create peer with ID 2[0m
2024/11/08 10:50:25.608171 raftstore.go:176: [0;37m[info] start store 2, region_count 1, tombstone_count 0, takes 178.354µs[0m
2024/11/08 10:50:25.609009 node.go:193: [0;37m[info] start raft store node, storeID: 3[0m
2024/11/08 10:50:25.609114 peer.go:41: [0;37m[info] region id:1 region_epoch:<conf_ver:1 version:1 > peers:<id:5 store_id:5 > peers:<id:1 store_id:1 > peers:<id:2 store_id:2 > peers:<id:3 store_id:3 > peers:<id:4 store_id:4 >  create peer with ID 3[0m
2024/11/08 10:50:25.609164 raftstore.go:176: [0;37m[info] start store 3, region_count 1, tombstone_count 0, takes 85.676µs[0m
2024/11/08 10:50:25.610041 node.go:193: [0;37m[info] start raft store node, storeID: 4[0m
2024/11/08 10:50:25.610140 peer.go:41: [0;37m[info] region id:1 region_epoch:<conf_ver:1 version:1 > peers:<id:5 store_id:5 > peers:<id:1 store_id:1 > peers:<id:2 store_id:2 > peers:<id:3 store_id:3 > peers:<id:4 store_id:4 >  create peer with ID 4[0m
2024/11/08 10:50:25.610191 raftstore.go:176: [0;37m[info] start store 4, region_count 1, tombstone_count 0, takes 84.057µs[0m
2024/11/08 10:50:25.611126 node.go:193: [0;37m[info] start raft store node, storeID: 5[0m
2024/11/08 10:50:25.611252 peer.go:41: [0;37m[info] region id:1 region_epoch:<conf_ver:1 version:1 > peers:<id:5 store_id:5 > peers:<id:1 store_id:1 > peers:<id:2 store_id:2 > peers:<id:3 store_id:3 > peers:<id:4 store_id:4 >  create peer with ID 5[0m
2024/11/08 10:50:25.611966 raftstore.go:176: [0;37m[info] start store 5, region_count 1, tombstone_count 0, takes 748.109µs[0m
2024/11/08 10:50:31.358676 node.go:198: [0;37m[info] stop raft store thread, storeID: 4[0m
2024/11/08 10:50:31.358857 node.go:198: [0;37m[info] stop raft store thread, storeID: 5[0m
2024/11/08 10:50:31.358885 node.go:198: [0;37m[info] stop raft store thread, storeID: 1[0m
2024/11/08 10:50:31.358909 node.go:198: [0;37m[info] stop raft store thread, storeID: 2[0m
2024/11/08 10:50:31.358927 node.go:198: [0;37m[info] stop raft store thread, storeID: 3[0m
--- PASS: TestSnapshotRecover2C (35.24s)
PASS
ok  	github.com/pingcap-incubator/tinykv/kv/test_raftstore	35.259s
GO111MODULE=on go test -v --count=1 --parallel=1 -p=1 ./kv/test_raftstore -run ^TestSnapshotRecoverManyClients2C|| true
=== RUN   TestSnapshotRecoverManyClients2C
2024/11/08 10:50:33.259523 node.go:193: [0;37m[info] start raft store node, storeID: 5[0m
2024/11/08 10:50:33.260008 peer.go:41: [0;37m[info] region id:1 region_epoch:<conf_ver:1 version:1 > peers:<id:1 store_id:1 > peers:<id:2 store_id:2 > peers:<id:3 store_id:3 > peers:<id:4 store_id:4 > peers:<id:5 store_id:5 >  create peer with ID 5[0m
2024/11/08 10:50:33.260095 raftstore.go:176: [0;37m[info] start store 5, region_count 1, tombstone_count 0, takes 415.178µs[0m
2024/11/08 10:50:33.260531 node.go:193: [0;37m[info] start raft store node, storeID: 1[0m
2024/11/08 10:50:33.260626 peer.go:41: [0;37m[info] region id:1 region_epoch:<conf_ver:1 version:1 > peers:<id:1 store_id:1 > peers:<id:2 store_id:2 > peers:<id:3 store_id:3 > peers:<id:4 store_id:4 > peers:<id:5 store_id:5 >  create peer with ID 1[0m
2024/11/08 10:50:33.260673 raftstore.go:176: [0;37m[info] start store 1, region_count 1, tombstone_count 0, takes 73.159µs[0m
2024/11/08 10:50:33.260992 node.go:193: [0;37m[info] start raft store node, storeID: 2[0m
2024/11/08 10:50:33.261076 peer.go:41: [0;37m[info] region id:1 region_epoch:<conf_ver:1 version:1 > peers:<id:1 store_id:1 > peers:<id:2 store_id:2 > peers:<id:3 store_id:3 > peers:<id:4 store_id:4 > peers:<id:5 store_id:5 >  create peer with ID 2[0m
2024/11/08 10:50:33.261103 raftstore.go:176: [0;37m[info] start store 2, region_count 1, tombstone_count 0, takes 50.461µs[0m
2024/11/08 10:50:33.261450 node.go:193: [0;37m[info] start raft store node, storeID: 3[0m
2024/11/08 10:50:33.261673 peer.go:41: [0;37m[info] region id:1 region_epoch:<conf_ver:1 version:1 > peers:<id:1 store_id:1 > peers:<id:2 store_id:2 > peers:<id:3 store_id:3 > peers:<id:4 store_id:4 > peers:<id:5 store_id:5 >  create peer with ID 3[0m
2024/11/08 10:50:33.261729 raftstore.go:176: [0;37m[info] start store 3, region_count 1, tombstone_count 0, takes 81.588µs[0m
2024/11/08 10:50:33.262040 node.go:193: [0;37m[info] start raft store node, storeID: 4[0m
2024/11/08 10:50:33.262124 peer.go:41: [0;37m[info] region id:1 region_epoch:<conf_ver:1 version:1 > peers:<id:1 store_id:1 > peers:<id:2 store_id:2 > peers:<id:3 store_id:3 > peers:<id:4 store_id:4 > peers:<id:5 store_id:5 >  create peer with ID 4[0m
2024/11/08 10:50:33.262147 raftstore.go:176: [0;37m[info] start store 4, region_count 1, tombstone_count 0, takes 49.954µs[0m
2024/11/08 10:50:39.289667 test_test.go:257: [0;33m[warning] shutdown servers
[0m
2024/11/08 10:50:39.289729 node.go:198: [0;37m[info] stop raft store thread, storeID: 1[0m
2024/11/08 10:50:39.296880 node.go:198: [0;37m[info] stop raft store thread, storeID: 2[0m
2024/11/08 10:50:39.296944 node.go:198: [0;37m[info] stop raft store thread, storeID: 3[0m
2024/11/08 10:50:39.296995 node.go:198: [0;37m[info] stop raft store thread, storeID: 4[0m
2024/11/08 10:50:39.297048 node.go:198: [0;37m[info] stop raft store thread, storeID: 5[0m
2024/11/08 10:50:39.798234 test_test.go:264: [0;33m[warning] restart servers
[0m
2024/11/08 10:50:39.798438 node.go:193: [0;37m[info] start raft store node, storeID: 1[0m
2024/11/08 10:50:39.798585 peer.go:41: [0;37m[info] region id:1 region_epoch:<conf_ver:1 version:1 > peers:<id:1 store_id:1 > peers:<id:2 store_id:2 > peers:<id:3 store_id:3 > peers:<id:4 store_id:4 > peers:<id:5 store_id:5 >  create peer with ID 1[0m
2024/11/08 10:50:39.798831 raftstore.go:176: [0;37m[info] start store 1, region_count 1, tombstone_count 0, takes 303.006µs[0m
2024/11/08 10:50:39.799474 node.go:193: [0;37m[info] start raft store node, storeID: 2[0m
2024/11/08 10:50:39.799574 peer.go:41: [0;37m[info] region id:1 region_epoch:<conf_ver:1 version:1 > peers:<id:1 store_id:1 > peers:<id:2 store_id:2 > peers:<id:3 store_id:3 > peers:<id:4 store_id:4 > peers:<id:5 store_id:5 >  create peer with ID 2[0m
2024/11/08 10:50:39.799636 raftstore.go:176: [0;37m[info] start store 2, region_count 1, tombstone_count 0, takes 98.373µs[0m
2024/11/08 10:50:39.800625 node.go:193: [0;37m[info] start raft store node, storeID: 3[0m
2024/11/08 10:50:39.800717 peer.go:41: [0;37m[info] region id:1 region_epoch:<conf_ver:1 version:1 > peers:<id:1 store_id:1 > peers:<id:2 store_id:2 > peers:<id:3 store_id:3 > peers:<id:4 store_id:4 > peers:<id:5 store_id:5 >  create peer with ID 3[0m
2024/11/08 10:50:39.800775 raftstore.go:176: [0;37m[info] start store 3, region_count 1, tombstone_count 0, takes 88.917µs[0m
2024/11/08 10:50:39.801875 node.go:193: [0;37m[info] start raft store node, storeID: 4[0m
2024/11/08 10:50:39.801967 peer.go:41: [0;37m[info] region id:1 region_epoch:<conf_ver:1 version:1 > peers:<id:1 store_id:1 > peers:<id:2 store_id:2 > peers:<id:3 store_id:3 > peers:<id:4 store_id:4 > peers:<id:5 store_id:5 >  create peer with ID 4[0m
2024/11/08 10:50:39.802024 raftstore.go:176: [0;37m[info] start store 4, region_count 1, tombstone_count 0, takes 87.694µs[0m
2024/11/08 10:50:39.803072 node.go:193: [0;37m[info] start raft store node, storeID: 5[0m
2024/11/08 10:50:39.803161 peer.go:41: [0;37m[info] region id:1 region_epoch:<conf_ver:1 version:1 > peers:<id:1 store_id:1 > peers:<id:2 store_id:2 > peers:<id:3 store_id:3 > peers:<id:4 store_id:4 > peers:<id:5 store_id:5 >  create peer with ID 5[0m
2024/11/08 10:50:39.803214 raftstore.go:176: [0;37m[info] start store 5, region_count 1, tombstone_count 0, takes 83.941µs[0m
2024/11/08 10:50:57.094458 test_test.go:257: [0;33m[warning] shutdown servers
[0m
2024/11/08 10:50:57.094528 node.go:198: [0;37m[info] stop raft store thread, storeID: 1[0m
2024/11/08 10:50:57.095802 node.go:198: [0;37m[info] stop raft store thread, storeID: 2[0m
2024/11/08 10:50:57.105954 node.go:198: [0;37m[info] stop raft store thread, storeID: 3[0m
2024/11/08 10:50:57.106011 node.go:198: [0;37m[info] stop raft store thread, storeID: 4[0m
2024/11/08 10:50:57.106048 node.go:198: [0;37m[info] stop raft store thread, storeID: 5[0m
2024/11/08 10:50:57.607368 test_test.go:264: [0;33m[warning] restart servers
[0m
2024/11/08 10:50:57.607549 node.go:193: [0;37m[info] start raft store node, storeID: 1[0m
2024/11/08 10:50:57.607789 peer.go:41: [0;37m[info] region id:1 region_epoch:<conf_ver:1 version:1 > peers:<id:1 store_id:1 > peers:<id:2 store_id:2 > peers:<id:3 store_id:3 > peers:<id:4 store_id:4 > peers:<id:5 store_id:5 >  create peer with ID 1[0m
2024/11/08 10:50:57.607895 raftstore.go:176: [0;37m[info] start store 1, region_count 1, tombstone_count 0, takes 181.969µs[0m
2024/11/08 10:50:57.607999 node.go:193: [0;37m[info] start raft store node, storeID: 2[0m
2024/11/08 10:50:57.608063 peer.go:41: [0;37m[info] region id:1 region_epoch:<conf_ver:1 version:1 > peers:<id:1 store_id:1 > peers:<id:2 store_id:2 > peers:<id:3 store_id:3 > peers:<id:4 store_id:4 > peers:<id:5 store_id:5 >  create peer with ID 2[0m
2024/11/08 10:50:57.608133 raftstore.go:176: [0;37m[info] start store 2, region_count 1, tombstone_count 0, takes 102.666µs[0m
2024/11/08 10:50:57.609321 node.go:193: [0;37m[info] start raft store node, storeID: 3[0m
2024/11/08 10:50:57.609440 peer.go:41: [0;37m[info] region id:1 region_epoch:<conf_ver:1 version:1 > peers:<id:1 store_id:1 > peers:<id:2 store_id:2 > peers:<id:3 store_id:3 > peers:<id:4 store_id:4 > peers:<id:5 store_id:5 >  create peer with ID 3[0m
2024/11/08 10:50:57.610305 raftstore.go:176: [0;37m[info] start store 3, region_count 1, tombstone_count 0, takes 900.028µs[0m
2024/11/08 10:50:57.611650 node.go:193: [0;37m[info] start raft store node, storeID: 4[0m
2024/11/08 10:50:57.611768 peer.go:41: [0;37m[info] region id:1 region_epoch:<conf_ver:1 version:1 > peers:<id:1 store_id:1 > peers:<id:2 store_id:2 > peers:<id:3 store_id:3 > peers:<id:4 store_id:4 > peers:<id:5 store_id:5 >  create peer with ID 4[0m
2024/11/08 10:50:57.611840 raftstore.go:176: [0;37m[info] start store 4, region_count 1, tombstone_count 0, takes 112.915µs[0m
2024/11/08 10:50:57.611940 node.go:193: [0;37m[info] start raft store node, storeID: 5[0m
2024/11/08 10:50:57.611996 peer.go:41: [0;37m[info] region id:1 region_epoch:<conf_ver:1 version:1 > peers:<id:1 store_id:1 > peers:<id:2 store_id:2 > peers:<id:3 store_id:3 > peers:<id:4 store_id:4 > peers:<id:5 store_id:5 >  create peer with ID 5[0m
2024/11/08 10:50:57.612058 raftstore.go:176: [0;37m[info] start store 5, region_count 1, tombstone_count 0, takes 87.59µs[0m
2024/11/08 10:51:14.877398 test_test.go:257: [0;33m[warning] shutdown servers
[0m
2024/11/08 10:51:14.877445 node.go:198: [0;37m[info] stop raft store thread, storeID: 1[0m
2024/11/08 10:51:14.878151 node.go:198: [0;37m[info] stop raft store thread, storeID: 2[0m
2024/11/08 10:51:14.882923 node.go:198: [0;37m[info] stop raft store thread, storeID: 3[0m
2024/11/08 10:51:14.895898 node.go:198: [0;37m[info] stop raft store thread, storeID: 4[0m
2024/11/08 10:51:14.895966 node.go:198: [0;37m[info] stop raft store thread, storeID: 5[0m
2024/11/08 10:51:15.396963 test_test.go:264: [0;33m[warning] restart servers
[0m
2024/11/08 10:51:15.397129 node.go:193: [0;37m[info] start raft store node, storeID: 1[0m
2024/11/08 10:51:15.397277 peer.go:41: [0;37m[info] region id:1 region_epoch:<conf_ver:1 version:1 > peers:<id:1 store_id:1 > peers:<id:2 store_id:2 > peers:<id:3 store_id:3 > peers:<id:4 store_id:4 > peers:<id:5 store_id:5 >  create peer with ID 1[0m
2024/11/08 10:51:15.397460 raftstore.go:176: [0;37m[info] start store 1, region_count 1, tombstone_count 0, takes 239.868µs[0m
2024/11/08 10:51:15.397654 node.go:193: [0;37m[info] start raft store node, storeID: 2[0m
2024/11/08 10:51:15.397849 peer.go:41: [0;37m[info] region id:1 region_epoch:<conf_ver:1 version:1 > peers:<id:1 store_id:1 > peers:<id:2 store_id:2 > peers:<id:3 store_id:3 > peers:<id:4 store_id:4 > peers:<id:5 store_id:5 >  create peer with ID 2[0m
2024/11/08 10:51:15.397936 raftstore.go:176: [0;37m[info] start store 2, region_count 1, tombstone_count 0, takes 140.87µs[0m
2024/11/08 10:51:15.398830 node.go:193: [0;37m[info] start raft store node, storeID: 3[0m
2024/11/08 10:51:15.399048 peer.go:41: [0;37m[info] region id:1 region_epoch:<conf_ver:1 version:1 > peers:<id:1 store_id:1 > peers:<id:2 store_id:2 > peers:<id:3 store_id:3 > peers:<id:4 store_id:4 > peers:<id:5 store_id:5 >  create peer with ID 3[0m
2024/11/08 10:51:15.399257 raftstore.go:176: [0;37m[info] start store 3, region_count 1, tombstone_count 0, takes 330.387µs[0m
2024/11/08 10:51:15.400175 node.go:193: [0;37m[info] start raft store node, storeID: 4[0m
2024/11/08 10:51:15.400298 peer.go:41: [0;37m[info] region id:1 region_epoch:<conf_ver:1 version:1 > peers:<id:1 store_id:1 > peers:<id:2 store_id:2 > peers:<id:3 store_id:3 > peers:<id:4 store_id:4 > peers:<id:5 store_id:5 >  create peer with ID 4[0m
2024/11/08 10:51:15.400366 raftstore.go:176: [0;37m[info] start store 4, region_count 1, tombstone_count 0, takes 115.021µs[0m
2024/11/08 10:51:15.401375 node.go:193: [0;37m[info] start raft store node, storeID: 5[0m
2024/11/08 10:51:15.401504 peer.go:41: [0;37m[info] region id:1 region_epoch:<conf_ver:1 version:1 > peers:<id:1 store_id:1 > peers:<id:2 store_id:2 > peers:<id:3 store_id:3 > peers:<id:4 store_id:4 > peers:<id:5 store_id:5 >  create peer with ID 5[0m
2024/11/08 10:51:15.401556 raftstore.go:176: [0;37m[info] start store 5, region_count 1, tombstone_count 0, takes 91.625µs[0m
2024/11/08 10:51:27.639203 node.go:198: [0;37m[info] stop raft store thread, storeID: 1[0m
2024/11/08 10:51:27.639580 node.go:198: [0;37m[info] stop raft store thread, storeID: 2[0m
2024/11/08 10:51:27.639696 node.go:198: [0;37m[info] stop raft store thread, storeID: 3[0m
2024/11/08 10:51:27.639903 node.go:198: [0;37m[info] stop raft store thread, storeID: 4[0m
2024/11/08 10:51:27.640013 node.go:198: [0;37m[info] stop raft store thread, storeID: 5[0m
--- PASS: TestSnapshotRecoverManyClients2C (55.18s)
PASS
ok  	github.com/pingcap-incubator/tinykv/kv/test_raftstore	55.207s
GO111MODULE=on go test -v --count=1 --parallel=1 -p=1 ./kv/test_raftstore -run ^TestSnapshotUnreliable2C|| true
=== RUN   TestSnapshotUnreliable2C
2024/11/08 10:51:30.019013 node.go:193: [0;37m[info] start raft store node, storeID: 1[0m
2024/11/08 10:51:30.019603 peer.go:41: [0;37m[info] region id:1 region_epoch:<conf_ver:1 version:1 > peers:<id:2 store_id:2 > peers:<id:3 store_id:3 > peers:<id:4 store_id:4 > peers:<id:5 store_id:5 > peers:<id:1 store_id:1 >  create peer with ID 1[0m
2024/11/08 10:51:30.019695 raftstore.go:176: [0;37m[info] start store 1, region_count 1, tombstone_count 0, takes 451.116µs[0m
2024/11/08 10:51:30.020262 node.go:193: [0;37m[info] start raft store node, storeID: 2[0m
2024/11/08 10:51:30.020399 peer.go:41: [0;37m[info] region id:1 region_epoch:<conf_ver:1 version:1 > peers:<id:2 store_id:2 > peers:<id:3 store_id:3 > peers:<id:4 store_id:4 > peers:<id:5 store_id:5 > peers:<id:1 store_id:1 >  create peer with ID 2[0m
2024/11/08 10:51:30.020437 raftstore.go:176: [0;37m[info] start store 2, region_count 1, tombstone_count 0, takes 78.785µs[0m
2024/11/08 10:51:30.022447 node.go:193: [0;37m[info] start raft store node, storeID: 3[0m
2024/11/08 10:51:30.022585 peer.go:41: [0;37m[info] region id:1 region_epoch:<conf_ver:1 version:1 > peers:<id:2 store_id:2 > peers:<id:3 store_id:3 > peers:<id:4 store_id:4 > peers:<id:5 store_id:5 > peers:<id:1 store_id:1 >  create peer with ID 3[0m
2024/11/08 10:51:30.022613 raftstore.go:176: [0;37m[info] start store 3, region_count 1, tombstone_count 0, takes 84.415µs[0m
2024/11/08 10:51:30.022911 node.go:193: [0;37m[info] start raft store node, storeID: 4[0m
2024/11/08 10:51:30.022990 peer.go:41: [0;37m[info] region id:1 region_epoch:<conf_ver:1 version:1 > peers:<id:2 store_id:2 > peers:<id:3 store_id:3 > peers:<id:4 store_id:4 > peers:<id:5 store_id:5 > peers:<id:1 store_id:1 >  create peer with ID 4[0m
2024/11/08 10:51:30.023012 raftstore.go:176: [0;37m[info] start store 4, region_count 1, tombstone_count 0, takes 42.932µs[0m
2024/11/08 10:51:30.024383 node.go:193: [0;37m[info] start raft store node, storeID: 5[0m
2024/11/08 10:51:30.024487 peer.go:41: [0;37m[info] region id:1 region_epoch:<conf_ver:1 version:1 > peers:<id:2 store_id:2 > peers:<id:3 store_id:3 > peers:<id:4 store_id:4 > peers:<id:5 store_id:5 > peers:<id:1 store_id:1 >  create peer with ID 5[0m
2024/11/08 10:51:30.024538 raftstore.go:176: [0;37m[info] start store 5, region_count 1, tombstone_count 0, takes 78.163µs[0m
2024/11/08 10:51:32.637756 peer_storage.go:182: [0;37m[info] [region 1] 1 requesting snapshot[0m
2024/11/08 10:51:32.637839 raft.go:236: [0;37m[info] 1 failed to send snapshot to 2 because snapshot is temporarily unavailable[0m
2024/11/08 10:51:32.637866 raft.go:236: [0;37m[info] 1 failed to send snapshot to 5 because snapshot is temporarily unavailable[0m
2024/11/08 10:51:32.637880 raft.go:236: [0;37m[info] 1 failed to send snapshot to 2 because snapshot is temporarily unavailable[0m
2024/11/08 10:51:32.637896 raft.go:236: [0;37m[info] 1 failed to send snapshot to 5 because snapshot is temporarily unavailable[0m
2024/11/08 10:51:32.637903 raft.go:236: [0;37m[info] 1 failed to send snapshot to 5 because snapshot is temporarily unavailable[0m
2024/11/08 10:51:32.637927 raft.go:236: [0;37m[info] 1 failed to send snapshot to 2 because snapshot is temporarily unavailable[0m
2024/11/08 10:51:32.638698 snap.go:549: [0;37m[info] region 1 scan snapshot /tmp/test-raftstore331018078/snap/gen_1_6_557_(default|write|lock).sst, key count 270, size 6970[0m
2024/11/08 10:51:32.644235 raft.go:246: [0;37m[info] Send Snapshot[557,6] from 1 to 5[0m
2024/11/08 10:51:32.644428 peer_storage.go:182: [0;37m[info] [region 1] 1 requesting snapshot[0m
2024/11/08 10:51:32.644501 raft.go:236: [0;37m[info] 1 failed to send snapshot to 5 because snapshot is temporarily unavailable[0m
2024/11/08 10:51:32.644592 raft.go:236: [0;37m[info] 1 failed to send snapshot to 5 because snapshot is temporarily unavailable[0m
2024/11/08 10:51:32.645453 snap.go:549: [0;37m[info] region 1 scan snapshot /tmp/test-raftstore331018078/snap/gen_1_6_560_(default|write|lock).sst, key count 271, size 6996[0m
2024/11/08 10:51:32.650724 raft.go:246: [0;37m[info] Send Snapshot[560,6] from 1 to 5[0m
2024/11/08 10:51:32.657481 peer_storage.go:182: [0;37m[info] [region 1] 1 requesting snapshot[0m
2024/11/08 10:51:32.657520 raft.go:236: [0;37m[info] 1 failed to send snapshot to 5 because snapshot is temporarily unavailable[0m
2024/11/08 10:51:32.657532 raft.go:236: [0;37m[info] 1 failed to send snapshot to 5 because snapshot is temporarily unavailable[0m
2024/11/08 10:51:32.657550 raft.go:236: [0;37m[info] 1 failed to send snapshot to 5 because snapshot is temporarily unavailable[0m
2024/11/08 10:51:32.666618 raft.go:236: [0;37m[info] 1 failed to send snapshot to 5 because snapshot is temporarily unavailable[0m
2024/11/08 10:51:32.666730 raft.go:236: [0;37m[info] 1 failed to send snapshot to 5 because snapshot is temporarily unavailable[0m
2024/11/08 10:51:32.666767 raft.go:236: [0;37m[info] 1 failed to send snapshot to 5 because snapshot is temporarily unavailable[0m
2024/11/08 10:51:32.673983 raft.go:236: [0;37m[info] 1 failed to send snapshot to 5 because snapshot is temporarily unavailable[0m
2024/11/08 10:51:32.674024 raft.go:236: [0;37m[info] 1 failed to send snapshot to 5 because snapshot is temporarily unavailable[0m
2024/11/08 10:51:32.674069 raft.go:236: [0;37m[info] 1 failed to send snapshot to 5 because snapshot is temporarily unavailable[0m
2024/11/08 10:51:32.674082 raft.go:236: [0;37m[info] 1 failed to send snapshot to 5 because snapshot is temporarily unavailable[0m
2024/11/08 10:51:32.674117 raft.go:236: [0;37m[info] 1 failed to send snapshot to 5 because snapshot is temporarily unavailable[0m
2024/11/08 10:51:32.680033 raft.go:236: [0;37m[info] 1 failed to send snapshot to 5 because snapshot is temporarily unavailable[0m
2024/11/08 10:51:32.682953 raft.go:236: [0;37m[info] 1 failed to send snapshot to 5 because snapshot is temporarily unavailable[0m
2024/11/08 10:51:32.683108 raft.go:236: [0;37m[info] 1 failed to send snapshot to 5 because snapshot is temporarily unavailable[0m
2024/11/08 10:51:32.683144 raft.go:236: [0;37m[info] 1 failed to send snapshot to 5 because snapshot is temporarily unavailable[0m
2024/11/08 10:51:32.683169 raft.go:236: [0;37m[info] 1 failed to send snapshot to 5 because snapshot is temporarily unavailable[0m
2024/11/08 10:51:32.683190 raft.go:236: [0;37m[info] 1 failed to send snapshot to 5 because snapshot is temporarily unavailable[0m
2024/11/08 10:51:32.689562 raft.go:236: [0;37m[info] 1 failed to send snapshot to 5 because snapshot is temporarily unavailable[0m
2024/11/08 10:51:32.689605 raft.go:236: [0;37m[info] 1 failed to send snapshot to 5 because snapshot is temporarily unavailable[0m
2024/11/08 10:51:32.689706 raft.go:236: [0;37m[info] 1 failed to send snapshot to 5 because snapshot is temporarily unavailable[0m
2024/11/08 10:51:32.689740 raft.go:236: [0;37m[info] 1 failed to send snapshot to 5 because snapshot is temporarily unavailable[0m
2024/11/08 10:51:32.753320 raft.go:236: [0;37m[info] 1 failed to send snapshot to 5 because snapshot is temporarily unavailable[0m
2024/11/08 10:51:32.753441 raft.go:236: [0;37m[info] 1 failed to send snapshot to 5 because snapshot is temporarily unavailable[0m
2024/11/08 10:51:32.756556 raft.go:236: [0;37m[info] 1 failed to send snapshot to 5 because snapshot is temporarily unavailable[0m
2024/11/08 10:51:32.756633 raft.go:236: [0;37m[info] 1 failed to send snapshot to 5 because snapshot is temporarily unavailable[0m
2024/11/08 10:51:32.760810 raft.go:236: [0;37m[info] 1 failed to send snapshot to 5 because snapshot is temporarily unavailable[0m
2024/11/08 10:51:32.760877 raft.go:236: [0;37m[info] 1 failed to send snapshot to 5 because snapshot is temporarily unavailable[0m
2024/11/08 10:51:32.760888 raft.go:236: [0;37m[info] 1 failed to send snapshot to 5 because snapshot is temporarily unavailable[0m
2024/11/08 10:51:32.764484 raft.go:236: [0;37m[info] 1 failed to send snapshot to 5 because snapshot is temporarily unavailable[0m
2024/11/08 10:51:32.764546 raft.go:236: [0;37m[info] 1 failed to send snapshot to 5 because snapshot is temporarily unavailable[0m
2024/11/08 10:51:32.767384 raft.go:236: [0;37m[info] 1 failed to send snapshot to 5 because snapshot is temporarily unavailable[0m
2024/11/08 10:51:32.767443 raft.go:236: [0;37m[info] 1 failed to send snapshot to 5 because snapshot is temporarily unavailable[0m
2024/11/08 10:51:32.767462 raft.go:236: [0;37m[info] 1 failed to send snapshot to 5 because snapshot is temporarily unavailable[0m
2024/11/08 10:51:32.771776 raft.go:236: [0;37m[info] 1 failed to send snapshot to 5 because snapshot is temporarily unavailable[0m
2024/11/08 10:51:32.771850 raft.go:236: [0;37m[info] 1 failed to send snapshot to 5 because snapshot is temporarily unavailable[0m
2024/11/08 10:51:32.771880 raft.go:236: [0;37m[info] 1 failed to send snapshot to 5 because snapshot is temporarily unavailable[0m
2024/11/08 10:51:32.774866 raft.go:236: [0;37m[info] 1 failed to send snapshot to 5 because snapshot is temporarily unavailable[0m
2024/11/08 10:51:32.777787 raft.go:236: [0;37m[info] 1 failed to send snapshot to 5 because snapshot is temporarily unavailable[0m
2024/11/08 10:51:32.781266 raft.go:236: [0;37m[info] 1 failed to send snapshot to 5 because snapshot is temporarily unavailable[0m
2024/11/08 10:51:32.781313 raft.go:236: [0;37m[info] 1 failed to send snapshot to 5 because snapshot is temporarily unavailable[0m
2024/11/08 10:51:32.781338 raft.go:236: [0;37m[info] 1 failed to send snapshot to 5 because snapshot is temporarily unavailable[0m
2024/11/08 10:51:32.781349 raft.go:236: [0;37m[info] 1 failed to send snapshot to 5 because snapshot is temporarily unavailable[0m
2024/11/08 10:51:32.785648 raft.go:236: [0;37m[info] 1 failed to send snapshot to 5 because snapshot is temporarily unavailable[0m
2024/11/08 10:51:32.785691 raft.go:236: [0;37m[info] 1 failed to send snapshot to 5 because snapshot is temporarily unavailable[0m
2024/11/08 10:51:32.787820 raft.go:236: [0;37m[info] 1 failed to send snapshot to 5 because snapshot is temporarily unavailable[0m
2024/11/08 10:51:32.787870 raft.go:236: [0;37m[info] 1 failed to send snapshot to 5 because snapshot is temporarily unavailable[0m
2024/11/08 10:51:32.791586 raft.go:236: [0;37m[info] 1 failed to send snapshot to 5 because snapshot is temporarily unavailable[0m
2024/11/08 10:51:32.791638 raft.go:236: [0;37m[info] 1 failed to send snapshot to 5 because snapshot is temporarily unavailable[0m
2024/11/08 10:51:32.791647 raft.go:236: [0;37m[info] 1 failed to send snapshot to 5 because snapshot is temporarily unavailable[0m
2024/11/08 10:51:32.791659 raft.go:236: [0;37m[info] 1 failed to send snapshot to 5 because snapshot is temporarily unavailable[0m
2024/11/08 10:51:32.795931 raft.go:236: [0;37m[info] 1 failed to send snapshot to 5 because snapshot is temporarily unavailable[0m
2024/11/08 10:51:32.796037 raft.go:236: [0;37m[info] 1 failed to send snapshot to 5 because snapshot is temporarily unavailable[0m
2024/11/08 10:51:32.798023 raft.go:236: [0;37m[info] 1 failed to send snapshot to 5 because snapshot is temporarily unavailable[0m
2024/11/08 10:51:32.798063 raft.go:236: [0;37m[info] 1 failed to send snapshot to 5 because snapshot is temporarily unavailable[0m
2024/11/08 10:51:32.801941 raft.go:236: [0;37m[info] 1 failed to send snapshot to 5 because snapshot is temporarily unavailable[0m
2024/11/08 10:51:32.801985 raft.go:236: [0;37m[info] 1 failed to send snapshot to 5 because snapshot is temporarily unavailable[0m
2024/11/08 10:51:32.801996 raft.go:236: [0;37m[info] 1 failed to send snapshot to 5 because snapshot is temporarily unavailable[0m
2024/11/08 10:51:32.802007 raft.go:236: [0;37m[info] 1 failed to send snapshot to 5 because snapshot is temporarily unavailable[0m
2024/11/08 10:51:32.802015 raft.go:236: [0;37m[info] 1 failed to send snapshot to 5 because snapshot is temporarily unavailable[0m
2024/11/08 10:51:32.805868 raft.go:236: [0;37m[info] 1 failed to send snapshot to 5 because snapshot is temporarily unavailable[0m
2024/11/08 10:51:32.805909 raft.go:236: [0;37m[info] 1 failed to send snapshot to 5 because snapshot is temporarily unavailable[0m
2024/11/08 10:51:32.809282 raft.go:236: [0;37m[info] 1 failed to send snapshot to 5 because snapshot is temporarily unavailable[0m
2024/11/08 10:51:32.809322 raft.go:236: [0;37m[info] 1 failed to send snapshot to 5 because snapshot is temporarily unavailable[0m
2024/11/08 10:51:32.813208 raft.go:236: [0;37m[info] 1 failed to send snapshot to 5 because snapshot is temporarily unavailable[0m
2024/11/08 10:51:32.813254 raft.go:236: [0;37m[info] 1 failed to send snapshot to 5 because snapshot is temporarily unavailable[0m
2024/11/08 10:51:32.813260 raft.go:236: [0;37m[info] 1 failed to send snapshot to 5 because snapshot is temporarily unavailable[0m
2024/11/08 10:51:32.813270 raft.go:236: [0;37m[info] 1 failed to send snapshot to 5 because snapshot is temporarily unavailable[0m
2024/11/08 10:51:32.813280 raft.go:236: [0;37m[info] 1 failed to send snapshot to 5 because snapshot is temporarily unavailable[0m
2024/11/08 10:51:32.817002 raft.go:236: [0;37m[info] 1 failed to send snapshot to 5 because snapshot is temporarily unavailable[0m
2024/11/08 10:51:32.817042 raft.go:236: [0;37m[info] 1 failed to send snapshot to 5 because snapshot is temporarily unavailable[0m
2024/11/08 10:51:32.819601 raft.go:236: [0;37m[info] 1 failed to send snapshot to 5 because snapshot is temporarily unavailable[0m
2024/11/08 10:51:32.821574 raft.go:236: [0;37m[info] 1 failed to send snapshot to 5 because snapshot is temporarily unavailable[0m
2024/11/08 10:51:32.825872 raft.go:236: [0;37m[info] 1 failed to send snapshot to 5 because snapshot is temporarily unavailable[0m
2024/11/08 10:51:32.825926 raft.go:236: [0;37m[info] 1 failed to send snapshot to 5 because snapshot is temporarily unavailable[0m
2024/11/08 10:51:32.831923 raft.go:236: [0;37m[info] 1 failed to send snapshot to 5 because snapshot is temporarily unavailable[0m
2024/11/08 10:51:32.832003 raft.go:236: [0;37m[info] 1 failed to send snapshot to 5 because snapshot is temporarily unavailable[0m
2024/11/08 10:51:32.832035 raft.go:236: [0;37m[info] 1 failed to send snapshot to 5 because snapshot is temporarily unavailable[0m
2024/11/08 10:51:32.832053 raft.go:236: [0;37m[info] 1 failed to send snapshot to 5 because snapshot is temporarily unavailable[0m
2024/11/08 10:51:32.832078 raft.go:236: [0;37m[info] 1 failed to send snapshot to 5 because snapshot is temporarily unavailable[0m
2024/11/08 10:51:32.833494 raft.go:745: [0;37m[info] 5 [commit: 557] restored snapshot [index: 557, term: 6][0m
2024/11/08 10:51:32.833568 raft.go:745: [0;37m[info] 5 [commit: 560] restored snapshot [index: 560, term: 6][0m
2024/11/08 10:51:32.833597 peer_storage.go:338: [0;37m[info] [region 1] 5 begin to apply snapshot[0m
2024/11/08 10:51:32.833668 peer_storage.go:298: [0;37m[info] [region 1] clear peer 1 meta key 1 apply key 1 raft key and 82 raft logs, takes 43.562µs[0m
2024/11/08 10:51:32.833718 region_task.go:93: [0;37m[info] begin apply snap data. [regionId: 1][0m
2024/11/08 10:51:32.834154 snap.go:549: [0;37m[info] region 1 scan snapshot /tmp/test-raftstore331018078/snap/gen_1_6_563_(default|write|lock).sst, key count 274, size 7074[0m
2024/11/08 10:51:32.835644 raft.go:236: [0;37m[info] 1 failed to send snapshot to 5 because snapshot is temporarily unavailable[0m
2024/11/08 10:51:32.837357 region_task.go:137: [0;37m[info] succeed in deleting data in range. [regionId: 1, startKey: , endKey: ][0m
2024/11/08 10:51:32.838984 raft.go:236: [0;37m[info] 1 failed to send snapshot to 5 because snapshot is temporarily unavailable[0m
2024/11/08 10:51:32.841327 raft.go:246: [0;37m[info] Send Snapshot[563,6] from 1 to 5[0m
2024/11/08 10:51:32.841379 peer_storage.go:182: [0;37m[info] [region 1] 1 requesting snapshot[0m
2024/11/08 10:51:32.841406 raft.go:236: [0;37m[info] 1 failed to send snapshot to 5 because snapshot is temporarily unavailable[0m
2024/11/08 10:51:32.841417 raft.go:236: [0;37m[info] 1 failed to send snapshot to 5 because snapshot is temporarily unavailable[0m
2024/11/08 10:51:32.841441 raft.go:236: [0;37m[info] 1 failed to send snapshot to 5 because snapshot is temporarily unavailable[0m
2024/11/08 10:51:32.844583 snap.go:549: [0;37m[info] region 1 scan snapshot /tmp/test-raftstore331018078/snap/gen_1_6_609_(default|write|lock).sst, key count 299, size 7724[0m
2024/11/08 10:51:32.847949 raft.go:236: [0;37m[info] 1 failed to send snapshot to 5 because snapshot is temporarily unavailable[0m
2024/11/08 10:51:32.847999 raft.go:236: [0;37m[info] 1 failed to send snapshot to 5 because snapshot is temporarily unavailable[0m
2024/11/08 10:51:32.848015 raft.go:236: [0;37m[info] 1 failed to send snapshot to 5 because snapshot is temporarily unavailable[0m
2024/11/08 10:51:32.853486 raft.go:246: [0;37m[info] Send Snapshot[609,6] from 1 to 5[0m
2024/11/08 10:51:32.853526 peer_storage.go:182: [0;37m[info] [region 1] 1 requesting snapshot[0m
2024/11/08 10:51:32.853552 raft.go:236: [0;37m[info] 1 failed to send snapshot to 5 because snapshot is temporarily unavailable[0m
2024/11/08 10:51:32.854531 snap.go:549: [0;37m[info] region 1 scan snapshot /tmp/test-raftstore331018078/snap/gen_1_6_612_(default|write|lock).sst, key count 300, size 7750[0m
2024/11/08 10:51:32.857475 raft.go:236: [0;37m[info] 1 failed to send snapshot to 5 because snapshot is temporarily unavailable[0m
2024/11/08 10:51:32.857525 raft.go:236: [0;37m[info] 1 failed to send snapshot to 5 because snapshot is temporarily unavailable[0m
2024/11/08 10:51:32.860474 raft.go:246: [0;37m[info] Send Snapshot[612,6] from 1 to 5[0m
2024/11/08 10:51:32.860528 peer_storage.go:182: [0;37m[info] [region 1] 1 requesting snapshot[0m
2024/11/08 10:51:32.860538 raft.go:236: [0;37m[info] 1 failed to send snapshot to 5 because snapshot is temporarily unavailable[0m
2024/11/08 10:51:32.860545 raft.go:236: [0;37m[info] 1 failed to send snapshot to 5 because snapshot is temporarily unavailable[0m
2024/11/08 10:51:32.861474 snap.go:549: [0;37m[info] region 1 scan snapshot /tmp/test-raftstore331018078/snap/gen_1_6_614_(default|write|lock).sst, key count 302, size 7802[0m
2024/11/08 10:51:32.867891 raft.go:246: [0;37m[info] Send Snapshot[614,6] from 1 to 5[0m
2024/11/08 10:51:32.867963 peer_storage.go:182: [0;37m[info] [region 1] 1 requesting snapshot[0m
2024/11/08 10:51:32.867989 raft.go:236: [0;37m[info] 1 failed to send snapshot to 5 because snapshot is temporarily unavailable[0m
2024/11/08 10:51:32.868000 raft.go:236: [0;37m[info] 1 failed to send snapshot to 5 because snapshot is temporarily unavailable[0m
2024/11/08 10:51:32.868012 raft.go:236: [0;37m[info] 1 failed to send snapshot to 5 because snapshot is temporarily unavailable[0m
2024/11/08 10:51:32.868021 raft.go:236: [0;37m[info] 1 failed to send snapshot to 5 because snapshot is temporarily unavailable[0m
2024/11/08 10:51:32.868454 snap.go:549: [0;37m[info] region 1 scan snapshot /tmp/test-raftstore331018078/snap/gen_1_6_617_(default|write|lock).sst, key count 304, size 7854[0m
2024/11/08 10:51:32.872604 snap.go:700: [0;37m[info] apply snapshot ingested 1 tables[0m
2024/11/08 10:51:32.872637 region_task.go:117: [0;37m[info] applying new data. [regionId: 1, timeTakes: 35.198959ms][0m
2024/11/08 10:51:32.874916 raft.go:246: [0;37m[info] Send Snapshot[617,6] from 1 to 5[0m
2024/11/08 10:51:32.874952 peer_storage.go:182: [0;37m[info] [region 1] 1 requesting snapshot[0m
2024/11/08 10:51:32.874962 raft.go:236: [0;37m[info] 1 failed to send snapshot to 5 because snapshot is temporarily unavailable[0m
2024/11/08 10:51:32.875723 snap.go:549: [0;37m[info] region 1 scan snapshot /tmp/test-raftstore331018078/snap/gen_1_6_619_(default|write|lock).sst, key count 305, size 7880[0m
2024/11/08 10:51:32.877319 rawnode.go:255: [0;37m[info] Call Advance, Snap is not empty[0m
2024/11/08 10:51:32.877351 log.go:448: [0;37m[info] Ready snap index is 560, PendingSnapshot is 560[0m
2024/11/08 10:51:32.877356 log.go:452: [0;37m[info] Stable Snap to 560, now Snap is nil[0m
2024/11/08 10:51:32.877419 raft.go:745: [0;37m[info] 5 [commit: 612] restored snapshot [index: 612, term: 6][0m
2024/11/08 10:51:32.877448 raft.go:745: [0;37m[info] 5 [commit: 614] restored snapshot [index: 614, term: 6][0m
2024/11/08 10:51:32.877469 peer_storage.go:338: [0;37m[info] [region 1] 5 begin to apply snapshot[0m
2024/11/08 10:51:32.877511 peer_storage.go:298: [0;37m[info] [region 1] clear peer 1 meta key 1 apply key 1 raft key and 0 raft logs, takes 33.562µs[0m
2024/11/08 10:51:32.877556 region_task.go:93: [0;37m[info] begin apply snap data. [regionId: 1][0m
2024/11/08 10:51:32.881977 region_task.go:137: [0;37m[info] succeed in deleting data in range. [regionId: 1, startKey: , endKey: ][0m
2024/11/08 10:51:32.905180 snap.go:700: [0;37m[info] apply snapshot ingested 1 tables[0m
2024/11/08 10:51:32.905250 region_task.go:117: [0;37m[info] applying new data. [regionId: 1, timeTakes: 23.116151ms][0m
2024/11/08 10:51:32.907770 rawnode.go:255: [0;37m[info] Call Advance, Snap is not empty[0m
2024/11/08 10:51:32.907814 log.go:448: [0;37m[info] Ready snap index is 614, PendingSnapshot is 614[0m
2024/11/08 10:51:32.907820 log.go:452: [0;37m[info] Stable Snap to 614, now Snap is nil[0m
2024/11/08 10:51:57.354257 raftlog_gc.go:52: [0;37m[info] no need to gc, [regionId: 1][0m
2024/11/08 10:51:57.354977 raftlog_gc.go:52: [0;37m[info] no need to gc, [regionId: 1][0m
2024/11/08 10:51:57.356745 raftlog_gc.go:52: [0;37m[info] no need to gc, [regionId: 1][0m
2024/11/08 10:51:57.357712 raftlog_gc.go:52: [0;37m[info] no need to gc, [regionId: 1][0m
2024/11/08 10:51:57.373191 raftlog_gc.go:52: [0;37m[info] no need to gc, [regionId: 1][0m
2024/11/08 10:52:00.546557 raftlog_gc.go:52: [0;37m[info] no need to gc, [regionId: 1][0m
2024/11/08 10:52:00.549175 raftlog_gc.go:52: [0;37m[info] no need to gc, [regionId: 1][0m
2024/11/08 10:52:00.549183 raftlog_gc.go:52: [0;37m[info] no need to gc, [regionId: 1][0m
2024/11/08 10:52:00.551642 raftlog_gc.go:52: [0;37m[info] no need to gc, [regionId: 1][0m
2024/11/08 10:52:00.567699 raftlog_gc.go:52: [0;37m[info] no need to gc, [regionId: 1][0m
2024/11/08 10:52:05.241003 node.go:198: [0;37m[info] stop raft store thread, storeID: 1[0m
2024/11/08 10:52:05.241098 node.go:198: [0;37m[info] stop raft store thread, storeID: 2[0m
2024/11/08 10:52:05.241116 node.go:198: [0;37m[info] stop raft store thread, storeID: 3[0m
2024/11/08 10:52:05.241128 node.go:198: [0;37m[info] stop raft store thread, storeID: 4[0m
2024/11/08 10:52:05.241140 node.go:198: [0;37m[info] stop raft store thread, storeID: 5[0m
--- PASS: TestSnapshotUnreliable2C (35.76s)
PASS
ok  	github.com/pingcap-incubator/tinykv/kv/test_raftstore	35.771s
GO111MODULE=on go test -v --count=1 --parallel=1 -p=1 ./kv/test_raftstore -run ^TestSnapshotUnreliableRecover2C|| true
=== RUN   TestSnapshotUnreliableRecover2C
2024/11/08 10:52:07.187080 node.go:193: [0;37m[info] start raft store node, storeID: 1[0m
2024/11/08 10:52:07.187720 peer.go:41: [0;37m[info] region id:1 region_epoch:<conf_ver:1 version:1 > peers:<id:1 store_id:1 > peers:<id:2 store_id:2 > peers:<id:3 store_id:3 > peers:<id:4 store_id:4 > peers:<id:5 store_id:5 >  create peer with ID 1[0m
2024/11/08 10:52:07.187798 raftstore.go:176: [0;37m[info] start store 1, region_count 1, tombstone_count 0, takes 589.263µs[0m
2024/11/08 10:52:07.187878 node.go:193: [0;37m[info] start raft store node, storeID: 2[0m
2024/11/08 10:52:07.188175 peer.go:41: [0;37m[info] region id:1 region_epoch:<conf_ver:1 version:1 > peers:<id:1 store_id:1 > peers:<id:2 store_id:2 > peers:<id:3 store_id:3 > peers:<id:4 store_id:4 > peers:<id:5 store_id:5 >  create peer with ID 2[0m
2024/11/08 10:52:07.188233 raftstore.go:176: [0;37m[info] start store 2, region_count 1, tombstone_count 0, takes 79.814µs[0m
2024/11/08 10:52:07.188623 node.go:193: [0;37m[info] start raft store node, storeID: 3[0m
2024/11/08 10:52:07.188926 peer.go:41: [0;37m[info] region id:1 region_epoch:<conf_ver:1 version:1 > peers:<id:1 store_id:1 > peers:<id:2 store_id:2 > peers:<id:3 store_id:3 > peers:<id:4 store_id:4 > peers:<id:5 store_id:5 >  create peer with ID 3[0m
2024/11/08 10:52:07.188980 raftstore.go:176: [0;37m[info] start store 3, region_count 1, tombstone_count 0, takes 75.989µs[0m
2024/11/08 10:52:07.189036 node.go:193: [0;37m[info] start raft store node, storeID: 4[0m
2024/11/08 10:52:07.189093 peer.go:41: [0;37m[info] region id:1 region_epoch:<conf_ver:1 version:1 > peers:<id:1 store_id:1 > peers:<id:2 store_id:2 > peers:<id:3 store_id:3 > peers:<id:4 store_id:4 > peers:<id:5 store_id:5 >  create peer with ID 4[0m
2024/11/08 10:52:07.189112 raftstore.go:176: [0;37m[info] start store 4, region_count 1, tombstone_count 0, takes 34.556µs[0m
2024/11/08 10:52:07.189427 node.go:193: [0;37m[info] start raft store node, storeID: 5[0m
2024/11/08 10:52:07.189521 peer.go:41: [0;37m[info] region id:1 region_epoch:<conf_ver:1 version:1 > peers:<id:1 store_id:1 > peers:<id:2 store_id:2 > peers:<id:3 store_id:3 > peers:<id:4 store_id:4 > peers:<id:5 store_id:5 >  create peer with ID 5[0m
2024/11/08 10:52:07.189560 raftstore.go:176: [0;37m[info] start store 5, region_count 1, tombstone_count 0, takes 62.647µs[0m
2024/11/08 10:52:11.101927 peer_storage.go:182: [0;37m[info] [region 1] 4 requesting snapshot[0m
2024/11/08 10:52:11.102023 raft.go:236: [0;37m[info] 4 failed to send snapshot to 5 because snapshot is temporarily unavailable[0m
2024/11/08 10:52:11.102062 raft.go:236: [0;37m[info] 4 failed to send snapshot to 5 because snapshot is temporarily unavailable[0m
2024/11/08 10:52:11.102096 raft.go:236: [0;37m[info] 4 failed to send snapshot to 5 because snapshot is temporarily unavailable[0m
2024/11/08 10:52:11.102102 raft.go:236: [0;37m[info] 4 failed to send snapshot to 5 because snapshot is temporarily unavailable[0m
2024/11/08 10:52:11.102118 raft.go:236: [0;37m[info] 4 failed to send snapshot to 5 because snapshot is temporarily unavailable[0m
2024/11/08 10:52:11.102948 snap.go:549: [0;37m[info] region 1 scan snapshot /tmp/test-raftstore2445979498/snap/gen_1_7_1007_(default|write|lock).sst, key count 485, size 12567[0m
2024/11/08 10:52:11.111329 raft.go:246: [0;37m[info] Send Snapshot[1007,7] from 4 to 5[0m
2024/11/08 10:52:11.111390 peer_storage.go:182: [0;37m[info] [region 1] 4 requesting snapshot[0m
2024/11/08 10:52:11.111421 raft.go:236: [0;37m[info] 4 failed to send snapshot to 5 because snapshot is temporarily unavailable[0m
2024/11/08 10:52:11.111437 raft.go:236: [0;37m[info] 4 failed to send snapshot to 5 because snapshot is temporarily unavailable[0m
2024/11/08 10:52:11.111448 raft.go:236: [0;37m[info] 4 failed to send snapshot to 5 because snapshot is temporarily unavailable[0m
2024/11/08 10:52:11.112814 snap.go:549: [0;37m[info] region 1 scan snapshot /tmp/test-raftstore2445979498/snap/gen_1_7_1010_(default|write|lock).sst, key count 487, size 12620[0m
2024/11/08 10:52:11.115129 raft.go:751: [0;37m[info] 5 [commit: 1007] ignored snapshot [index: 1007, term: 7][0m
2024/11/08 10:52:11.117040 raft.go:246: [0;37m[info] Send Snapshot[1010,7] from 4 to 5[0m
2024/11/08 10:52:11.173399 raft.go:745: [0;37m[info] 5 [commit: 1010] restored snapshot [index: 1010, term: 7][0m
2024/11/08 10:52:11.173450 peer_storage.go:338: [0;37m[info] [region 1] 5 begin to apply snapshot[0m
2024/11/08 10:52:11.173563 peer_storage.go:298: [0;37m[info] [region 1] clear peer 1 meta key 1 apply key 1 raft key and 7 raft logs, takes 65.756µs[0m
2024/11/08 10:52:11.173647 region_task.go:93: [0;37m[info] begin apply snap data. [regionId: 1][0m
2024/11/08 10:52:11.178499 region_task.go:137: [0;37m[info] succeed in deleting data in range. [regionId: 1, startKey: , endKey: ][0m
2024/11/08 10:52:11.197764 snap.go:700: [0;37m[info] apply snapshot ingested 1 tables[0m
2024/11/08 10:52:11.197806 region_task.go:117: [0;37m[info] applying new data. [regionId: 1, timeTakes: 19.159711ms][0m
2024/11/08 10:52:11.202144 rawnode.go:255: [0;37m[info] Call Advance, Snap is not empty[0m
2024/11/08 10:52:11.202175 log.go:448: [0;37m[info] Ready snap index is 1010, PendingSnapshot is 1010[0m
2024/11/08 10:52:11.202181 log.go:452: [0;37m[info] Stable Snap to 1010, now Snap is nil[0m
2024/11/08 10:52:11.517735 peer_storage.go:182: [0;37m[info] [region 1] 4 requesting snapshot[0m
2024/11/08 10:52:11.517798 raft.go:236: [0;37m[info] 4 failed to send snapshot to 1 because snapshot is temporarily unavailable[0m
2024/11/08 10:52:11.517816 raft.go:236: [0;37m[info] 4 failed to send snapshot to 1 because snapshot is temporarily unavailable[0m
2024/11/08 10:52:11.517836 raft.go:236: [0;37m[info] 4 failed to send snapshot to 1 because snapshot is temporarily unavailable[0m
2024/11/08 10:52:11.517854 raft.go:236: [0;37m[info] 4 failed to send snapshot to 1 because snapshot is temporarily unavailable[0m
2024/11/08 10:52:11.517903 raft.go:236: [0;37m[info] 4 failed to send snapshot to 1 because snapshot is temporarily unavailable[0m
2024/11/08 10:52:11.517914 raft.go:236: [0;37m[info] 4 failed to send snapshot to 1 because snapshot is temporarily unavailable[0m
2024/11/08 10:52:11.519279 snap.go:549: [0;37m[info] region 1 scan snapshot /tmp/test-raftstore2445979498/snap/gen_1_7_1112_(default|write|lock).sst, key count 539, size 14007[0m
2024/11/08 10:52:11.521390 raftlog_gc.go:52: [0;37m[info] no need to gc, [regionId: 1][0m
2024/11/08 10:52:11.525836 raftlog_gc.go:52: [0;37m[info] no need to gc, [regionId: 1][0m
2024/11/08 10:52:11.525864 raftlog_gc.go:52: [0;37m[info] no need to gc, [regionId: 1][0m
2024/11/08 10:52:11.530673 raftlog_gc.go:52: [0;37m[info] no need to gc, [regionId: 1][0m
2024/11/08 10:52:11.534546 raftlog_gc.go:52: [0;37m[info] no need to gc, [regionId: 1][0m
2024/11/08 10:52:11.534955 raftlog_gc.go:52: [0;37m[info] no need to gc, [regionId: 1][0m
2024/11/08 10:52:11.535372 raftlog_gc.go:52: [0;37m[info] no need to gc, [regionId: 1][0m
2024/11/08 10:52:11.538245 raft.go:246: [0;37m[info] Send Snapshot[1112,7] from 4 to 1[0m
2024/11/08 10:52:11.544468 peer_storage.go:182: [0;37m[info] [region 1] 4 requesting snapshot[0m
2024/11/08 10:52:11.544551 raft.go:236: [0;37m[info] 4 failed to send snapshot to 1 because snapshot is temporarily unavailable[0m
2024/11/08 10:52:11.544583 raft.go:236: [0;37m[info] 4 failed to send snapshot to 1 because snapshot is temporarily unavailable[0m
2024/11/08 10:52:11.544607 raft.go:236: [0;37m[info] 4 failed to send snapshot to 1 because snapshot is temporarily unavailable[0m
2024/11/08 10:52:11.544654 raft.go:236: [0;37m[info] 4 failed to send snapshot to 1 because snapshot is temporarily unavailable[0m
2024/11/08 10:52:11.548560 snap.go:549: [0;37m[info] region 1 scan snapshot /tmp/test-raftstore2445979498/snap/gen_1_7_1115_(default|write|lock).sst, key count 540, size 14034[0m
2024/11/08 10:52:11.550991 raft.go:236: [0;37m[info] 4 failed to send snapshot to 1 because snapshot is temporarily unavailable[0m
2024/11/08 10:52:11.551043 raft.go:236: [0;37m[info] 4 failed to send snapshot to 1 because snapshot is temporarily unavailable[0m
2024/11/08 10:52:11.551061 raft.go:236: [0;37m[info] 4 failed to send snapshot to 1 because snapshot is temporarily unavailable[0m
2024/11/08 10:52:11.551533 raftlog_gc.go:52: [0;37m[info] no need to gc, [regionId: 1][0m
2024/11/08 10:52:11.551564 raftlog_gc.go:52: [0;37m[info] no need to gc, [regionId: 1][0m
2024/11/08 10:52:11.553942 raft.go:246: [0;37m[info] Send Snapshot[1115,7] from 4 to 1[0m
2024/11/08 10:52:11.556960 peer_storage.go:182: [0;37m[info] [region 1] 4 requesting snapshot[0m
2024/11/08 10:52:11.557009 raft.go:236: [0;37m[info] 4 failed to send snapshot to 1 because snapshot is temporarily unavailable[0m
2024/11/08 10:52:11.557038 raft.go:236: [0;37m[info] 4 failed to send snapshot to 1 because snapshot is temporarily unavailable[0m
2024/11/08 10:52:11.557043 raft.go:236: [0;37m[info] 4 failed to send snapshot to 1 because snapshot is temporarily unavailable[0m
2024/11/08 10:52:11.557944 snap.go:549: [0;37m[info] region 1 scan snapshot /tmp/test-raftstore2445979498/snap/gen_1_7_1120_(default|write|lock).sst, key count 543, size 14114[0m
2024/11/08 10:52:11.560944 raft.go:236: [0;37m[info] 4 failed to send snapshot to 1 because snapshot is temporarily unavailable[0m
2024/11/08 10:52:11.563484 raft.go:246: [0;37m[info] Send Snapshot[1120,7] from 4 to 1[0m
2024/11/08 10:52:11.567113 raft.go:745: [0;37m[info] 1 [commit: 1120] restored snapshot [index: 1120, term: 7][0m
2024/11/08 10:52:11.567144 peer_storage.go:338: [0;37m[info] [region 1] 1 begin to apply snapshot[0m
2024/11/08 10:52:11.567224 peer_storage.go:298: [0;37m[info] [region 1] clear peer 1 meta key 1 apply key 1 raft key and 9 raft logs, takes 67.613µs[0m
2024/11/08 10:52:11.567252 region_task.go:93: [0;37m[info] begin apply snap data. [regionId: 1][0m
2024/11/08 10:52:11.569510 peer_storage.go:182: [0;37m[info] [region 1] 4 requesting snapshot[0m
2024/11/08 10:52:11.569560 raft.go:236: [0;37m[info] 4 failed to send snapshot to 1 because snapshot is temporarily unavailable[0m
2024/11/08 10:52:11.569598 raft.go:236: [0;37m[info] 4 failed to send snapshot to 1 because snapshot is temporarily unavailable[0m
2024/11/08 10:52:11.569617 raft.go:236: [0;37m[info] 4 failed to send snapshot to 1 because snapshot is temporarily unavailable[0m
2024/11/08 10:52:11.570660 snap.go:549: [0;37m[info] region 1 scan snapshot /tmp/test-raftstore2445979498/snap/gen_1_7_1123_(default|write|lock).sst, key count 545, size 14167[0m
2024/11/08 10:52:11.570803 region_task.go:137: [0;37m[info] succeed in deleting data in range. [regionId: 1, startKey: , endKey: ][0m
2024/11/08 10:52:11.579699 raft.go:246: [0;37m[info] Send Snapshot[1123,7] from 4 to 1[0m
2024/11/08 10:52:11.579760 peer_storage.go:182: [0;37m[info] [region 1] 4 requesting snapshot[0m
2024/11/08 10:52:11.579775 raft.go:236: [0;37m[info] 4 failed to send snapshot to 1 because snapshot is temporarily unavailable[0m
2024/11/08 10:52:11.579805 raft.go:236: [0;37m[info] 4 failed to send snapshot to 1 because snapshot is temporarily unavailable[0m
2024/11/08 10:52:11.581425 snap.go:549: [0;37m[info] region 1 scan snapshot /tmp/test-raftstore2445979498/snap/gen_1_7_1125_(default|write|lock).sst, key count 546, size 14194[0m
2024/11/08 10:52:11.583867 raft.go:236: [0;37m[info] 4 failed to send snapshot to 1 because snapshot is temporarily unavailable[0m
2024/11/08 10:52:11.591012 snap.go:700: [0;37m[info] apply snapshot ingested 1 tables[0m
2024/11/08 10:52:11.591046 region_task.go:117: [0;37m[info] applying new data. [regionId: 1, timeTakes: 20.149734ms][0m
2024/11/08 10:52:11.593626 rawnode.go:255: [0;37m[info] Call Advance, Snap is not empty[0m
2024/11/08 10:52:11.593659 log.go:448: [0;37m[info] Ready snap index is 1120, PendingSnapshot is 1120[0m
2024/11/08 10:52:11.593665 log.go:452: [0;37m[info] Stable Snap to 1120, now Snap is nil[0m
2024/11/08 10:52:11.846858 raft.go:246: [0;37m[info] Send Snapshot[1125,7] from 4 to 1[0m
2024/11/08 10:52:12.149550 peer_storage.go:182: [0;37m[info] [region 1] 4 requesting snapshot[0m
2024/11/08 10:52:12.149658 raft.go:236: [0;37m[info] 4 failed to send snapshot to 1 because snapshot is temporarily unavailable[0m
2024/11/08 10:52:12.153329 snap.go:549: [0;37m[info] region 1 scan snapshot /tmp/test-raftstore2445979498/snap/gen_1_7_1126_(default|write|lock).sst, key count 546, size 14194[0m
2024/11/08 10:52:12.160696 raft.go:246: [0;37m[info] Send Snapshot[1126,7] from 4 to 1[0m
2024/11/08 10:52:12.160736 peer_storage.go:182: [0;37m[info] [region 1] 4 requesting snapshot[0m
2024/11/08 10:52:12.160759 raft.go:236: [0;37m[info] 4 failed to send snapshot to 1 because snapshot is temporarily unavailable[0m
2024/11/08 10:52:12.160769 raft.go:236: [0;37m[info] 4 failed to send snapshot to 1 because snapshot is temporarily unavailable[0m
2024/11/08 10:52:12.160775 raft.go:236: [0;37m[info] 4 failed to send snapshot to 1 because snapshot is temporarily unavailable[0m
2024/11/08 10:52:12.160780 raft.go:236: [0;37m[info] 4 failed to send snapshot to 1 because snapshot is temporarily unavailable[0m
2024/11/08 10:52:12.162423 snap.go:549: [0;37m[info] region 1 scan snapshot /tmp/test-raftstore2445979498/snap/gen_1_7_1131_(default|write|lock).sst, key count 548, size 14247[0m
2024/11/08 10:52:12.167672 raft.go:246: [0;37m[info] Send Snapshot[1131,7] from 4 to 1[0m
2024/11/08 10:52:12.173647 raft.go:745: [0;37m[info] 1 [commit: 1131] restored snapshot [index: 1131, term: 7][0m
2024/11/08 10:52:12.173681 peer_storage.go:338: [0;37m[info] [region 1] 1 begin to apply snapshot[0m
2024/11/08 10:52:12.173782 peer_storage.go:298: [0;37m[info] [region 1] clear peer 1 meta key 1 apply key 1 raft key and 0 raft logs, takes 86.481µs[0m
2024/11/08 10:52:12.173801 region_task.go:93: [0;37m[info] begin apply snap data. [regionId: 1][0m
2024/11/08 10:52:12.175243 peer_storage.go:182: [0;37m[info] [region 1] 4 requesting snapshot[0m
2024/11/08 10:52:12.175320 raft.go:236: [0;37m[info] 4 failed to send snapshot to 1 because snapshot is temporarily unavailable[0m
2024/11/08 10:52:12.175372 raft.go:236: [0;37m[info] 4 failed to send snapshot to 1 because snapshot is temporarily unavailable[0m
2024/11/08 10:52:12.178395 region_task.go:137: [0;37m[info] succeed in deleting data in range. [regionId: 1, startKey: , endKey: ][0m
2024/11/08 10:52:12.178701 snap.go:549: [0;37m[info] region 1 scan snapshot /tmp/test-raftstore2445979498/snap/gen_1_7_1132_(default|write|lock).sst, key count 549, size 14273[0m
2024/11/08 10:52:12.180779 raft.go:236: [0;37m[info] 4 failed to send snapshot to 1 because snapshot is temporarily unavailable[0m
2024/11/08 10:52:12.206974 snap.go:700: [0;37m[info] apply snapshot ingested 1 tables[0m
2024/11/08 10:52:12.207044 region_task.go:117: [0;37m[info] applying new data. [regionId: 1, timeTakes: 28.505256ms][0m
2024/11/08 10:52:12.212336 rawnode.go:255: [0;37m[info] Call Advance, Snap is not empty[0m
2024/11/08 10:52:12.212389 log.go:448: [0;37m[info] Ready snap index is 1131, PendingSnapshot is 1131[0m
2024/11/08 10:52:12.212396 log.go:452: [0;37m[info] Stable Snap to 1131, now Snap is nil[0m
2024/11/08 10:52:14.394044 test_test.go:257: [0;33m[warning] shutdown servers
[0m
2024/11/08 10:52:14.394145 node.go:198: [0;37m[info] stop raft store thread, storeID: 1[0m
2024/11/08 10:52:14.394194 node.go:198: [0;37m[info] stop raft store thread, storeID: 2[0m
2024/11/08 10:52:14.394216 node.go:198: [0;37m[info] stop raft store thread, storeID: 3[0m
2024/11/08 10:52:14.394242 node.go:198: [0;37m[info] stop raft store thread, storeID: 4[0m
2024/11/08 10:52:14.394262 node.go:198: [0;37m[info] stop raft store thread, storeID: 5[0m
2024/11/08 10:52:14.895235 test_test.go:264: [0;33m[warning] restart servers
[0m
2024/11/08 10:52:14.895447 node.go:193: [0;37m[info] start raft store node, storeID: 1[0m
2024/11/08 10:52:14.896766 peer.go:41: [0;37m[info] region id:1 region_epoch:<conf_ver:1 version:1 > peers:<id:1 store_id:1 > peers:<id:2 store_id:2 > peers:<id:3 store_id:3 > peers:<id:4 store_id:4 > peers:<id:5 store_id:5 >  create peer with ID 1[0m
2024/11/08 10:52:14.896882 raftstore.go:176: [0;37m[info] start store 1, region_count 1, tombstone_count 0, takes 212.909µs[0m
2024/11/08 10:52:14.897007 node.go:193: [0;37m[info] start raft store node, storeID: 2[0m
2024/11/08 10:52:14.897080 peer.go:41: [0;37m[info] region id:1 region_epoch:<conf_ver:1 version:1 > peers:<id:1 store_id:1 > peers:<id:2 store_id:2 > peers:<id:3 store_id:3 > peers:<id:4 store_id:4 > peers:<id:5 store_id:5 >  create peer with ID 2[0m
2024/11/08 10:52:14.897131 raftstore.go:176: [0;37m[info] start store 2, region_count 1, tombstone_count 0, takes 76.996µs[0m
2024/11/08 10:52:14.897988 node.go:193: [0;37m[info] start raft store node, storeID: 3[0m
2024/11/08 10:52:14.898087 peer.go:41: [0;37m[info] region id:1 region_epoch:<conf_ver:1 version:1 > peers:<id:1 store_id:1 > peers:<id:2 store_id:2 > peers:<id:3 store_id:3 > peers:<id:4 store_id:4 > peers:<id:5 store_id:5 >  create peer with ID 3[0m
2024/11/08 10:52:14.898138 raftstore.go:176: [0;37m[info] start store 3, region_count 1, tombstone_count 0, takes 87.197µs[0m
2024/11/08 10:52:14.898893 node.go:193: [0;37m[info] start raft store node, storeID: 4[0m
2024/11/08 10:52:14.899020 peer.go:41: [0;37m[info] region id:1 region_epoch:<conf_ver:1 version:1 > peers:<id:1 store_id:1 > peers:<id:2 store_id:2 > peers:<id:3 store_id:3 > peers:<id:4 store_id:4 > peers:<id:5 store_id:5 >  create peer with ID 4[0m
2024/11/08 10:52:14.899063 raftstore.go:176: [0;37m[info] start store 4, region_count 1, tombstone_count 0, takes 70.407µs[0m
2024/11/08 10:52:14.899945 node.go:193: [0;37m[info] start raft store node, storeID: 5[0m
2024/11/08 10:52:14.900047 peer.go:41: [0;37m[info] region id:1 region_epoch:<conf_ver:1 version:1 > peers:<id:1 store_id:1 > peers:<id:2 store_id:2 > peers:<id:3 store_id:3 > peers:<id:4 store_id:4 > peers:<id:5 store_id:5 >  create peer with ID 5[0m
2024/11/08 10:52:14.900097 raftstore.go:176: [0;37m[info] start store 5, region_count 1, tombstone_count 0, takes 82.911µs[0m
2024/11/08 10:52:24.976998 raftlog_gc.go:52: [0;37m[info] no need to gc, [regionId: 1][0m
2024/11/08 10:52:24.977083 raftlog_gc.go:52: [0;37m[info] no need to gc, [regionId: 1][0m
2024/11/08 10:52:24.977940 peer_storage.go:182: [0;37m[info] [region 1] 2 requesting snapshot[0m
2024/11/08 10:52:24.977976 raft.go:236: [0;37m[info] 2 failed to send snapshot to 4 because snapshot is temporarily unavailable[0m
2024/11/08 10:52:24.979913 snap.go:549: [0;37m[info] region 1 scan snapshot /tmp/test-raftstore4201186699/snap/gen_1_9_2826_(default|write|lock).sst, key count 517, size 13411[0m
2024/11/08 10:52:24.987284 raftlog_gc.go:52: [0;37m[info] no need to gc, [regionId: 1][0m
2024/11/08 10:52:24.987322 raftlog_gc.go:52: [0;37m[info] no need to gc, [regionId: 1][0m
2024/11/08 10:52:24.989959 raftlog_gc.go:52: [0;37m[info] no need to gc, [regionId: 1][0m
2024/11/08 10:52:24.989986 raftlog_gc.go:52: [0;37m[info] no need to gc, [regionId: 1][0m
2024/11/08 10:52:25.004338 raftlog_gc.go:52: [0;37m[info] no need to gc, [regionId: 1][0m
2024/11/08 10:52:25.004372 raftlog_gc.go:52: [0;37m[info] no need to gc, [regionId: 1][0m
2024/11/08 10:52:25.004380 raftlog_gc.go:52: [0;37m[info] no need to gc, [regionId: 1][0m
2024/11/08 10:52:25.004382 raftlog_gc.go:52: [0;37m[info] no need to gc, [regionId: 1][0m
2024/11/08 10:52:27.656929 test_test.go:257: [0;33m[warning] shutdown servers
[0m
2024/11/08 10:52:27.656972 node.go:198: [0;37m[info] stop raft store thread, storeID: 1[0m
2024/11/08 10:52:27.658534 node.go:198: [0;37m[info] stop raft store thread, storeID: 2[0m
2024/11/08 10:52:27.661811 node.go:198: [0;37m[info] stop raft store thread, storeID: 3[0m
2024/11/08 10:52:27.661850 node.go:198: [0;37m[info] stop raft store thread, storeID: 4[0m
2024/11/08 10:52:27.661866 node.go:198: [0;37m[info] stop raft store thread, storeID: 5[0m
2024/11/08 10:52:28.162484 test_test.go:264: [0;33m[warning] restart servers
[0m
2024/11/08 10:52:28.162845 node.go:193: [0;37m[info] start raft store node, storeID: 1[0m
2024/11/08 10:52:28.163102 peer.go:41: [0;37m[info] region id:1 region_epoch:<conf_ver:1 version:1 > peers:<id:1 store_id:1 > peers:<id:2 store_id:2 > peers:<id:3 store_id:3 > peers:<id:4 store_id:4 > peers:<id:5 store_id:5 >  create peer with ID 1[0m
2024/11/08 10:52:28.163241 raftstore.go:176: [0;37m[info] start store 1, region_count 1, tombstone_count 0, takes 256.549µs[0m
2024/11/08 10:52:28.163400 node.go:193: [0;37m[info] start raft store node, storeID: 2[0m
2024/11/08 10:52:28.163517 peer.go:41: [0;37m[info] region id:1 region_epoch:<conf_ver:1 version:1 > peers:<id:1 store_id:1 > peers:<id:2 store_id:2 > peers:<id:3 store_id:3 > peers:<id:4 store_id:4 > peers:<id:5 store_id:5 >  create peer with ID 2[0m
2024/11/08 10:52:28.163583 raftstore.go:176: [0;37m[info] start store 2, region_count 1, tombstone_count 0, takes 97.774µs[0m
2024/11/08 10:52:28.164573 node.go:193: [0;37m[info] start raft store node, storeID: 3[0m
2024/11/08 10:52:28.164696 peer.go:41: [0;37m[info] region id:1 region_epoch:<conf_ver:1 version:1 > peers:<id:1 store_id:1 > peers:<id:2 store_id:2 > peers:<id:3 store_id:3 > peers:<id:4 store_id:4 > peers:<id:5 store_id:5 >  create peer with ID 3[0m
2024/11/08 10:52:28.164768 raftstore.go:176: [0;37m[info] start store 3, region_count 1, tombstone_count 0, takes 117.506µs[0m
2024/11/08 10:52:28.165669 node.go:193: [0;37m[info] start raft store node, storeID: 4[0m
2024/11/08 10:52:28.165875 peer.go:41: [0;37m[info] region id:1 region_epoch:<conf_ver:1 version:1 > peers:<id:1 store_id:1 > peers:<id:2 store_id:2 > peers:<id:3 store_id:3 > peers:<id:4 store_id:4 > peers:<id:5 store_id:5 >  create peer with ID 4[0m
2024/11/08 10:52:28.166738 raftstore.go:176: [0;37m[info] start store 4, region_count 1, tombstone_count 0, takes 901.237µs[0m
2024/11/08 10:52:28.167543 node.go:193: [0;37m[info] start raft store node, storeID: 5[0m
2024/11/08 10:52:28.167686 peer.go:41: [0;37m[info] region id:1 region_epoch:<conf_ver:1 version:1 > peers:<id:1 store_id:1 > peers:<id:2 store_id:2 > peers:<id:3 store_id:3 > peers:<id:4 store_id:4 > peers:<id:5 store_id:5 >  create peer with ID 5[0m
2024/11/08 10:52:28.167766 raftstore.go:176: [0;37m[info] start store 5, region_count 1, tombstone_count 0, takes 136.718µs[0m
2024/11/08 10:52:39.495373 peer_storage.go:182: [0;37m[info] [region 1] 3 requesting snapshot[0m
2024/11/08 10:52:39.495440 raft.go:236: [0;37m[info] 3 failed to send snapshot to 5 because snapshot is temporarily unavailable[0m
2024/11/08 10:52:39.495455 raft.go:236: [0;37m[info] 3 failed to send snapshot to 2 because snapshot is temporarily unavailable[0m
2024/11/08 10:52:39.495466 raft.go:236: [0;37m[info] 3 failed to send snapshot to 5 because snapshot is temporarily unavailable[0m
2024/11/08 10:52:39.495475 raft.go:236: [0;37m[info] 3 failed to send snapshot to 2 because snapshot is temporarily unavailable[0m
2024/11/08 10:52:39.496419 snap.go:549: [0;37m[info] region 1 scan snapshot /tmp/test-raftstore2973511648/snap/gen_1_12_4640_(default|write|lock).sst, key count 565, size 14705[0m
2024/11/08 10:52:40.997972 log.go:200: Append fail: Get Entries fail!
panic: Append fail: Get Entries fail!

goroutine 457 [running]:
log.(*Logger).Panicf(0xc000196c90, {0xbeb05d?, 0x5?}, {0x0?, 0xba0880?, 0xc1e9300000?})
	/usr/local/go/src/log/log.go:310 +0x6e
github.com/pingcap-incubator/tinykv/log.(*Logger).Panicf(...)
	/home/jiang/tinykv/log/log.go:200
github.com/pingcap-incubator/tinykv/log.Panicf(...)
	/home/jiang/tinykv/log/log.go:89
github.com/pingcap-incubator/tinykv/raft.(*Raft).Step(0xc1aec6e900, {0x4, 0x3, 0x5, 0xf, 0x0, 0x121b, {0x0, 0x0, 0x0}, ...})
	/home/jiang/tinykv/raft/raft.go:615 +0x812
github.com/pingcap-incubator/tinykv/raft.(*RawNode).Step(0xc1aec47450, {0x4, 0x3, 0x5, 0xf, 0x0, 0x121b, {0x0, 0x0, 0x0}, ...})
	/home/jiang/tinykv/raft/rawnode.go:163 +0xd8
github.com/pingcap-incubator/tinykv/kv/raftstore.(*peerMsgHandler).onRaftMsg(0xc1c7fafe20, 0xc1c8515900)
	/home/jiang/tinykv/kv/raftstore/peer_msg_handler.go:353 +0x318
github.com/pingcap-incubator/tinykv/kv/raftstore.(*peerMsgHandler).HandleMsg(0xc1c7fafe20, {0xc1c7fafec0?, 0x1?, {0xbb8620?, 0xc1c8515900?}})
	/home/jiang/tinykv/kv/raftstore/peer_msg_handler.go:198 +0x76
github.com/pingcap-incubator/tinykv/kv/raftstore.(*raftWorker).run(0xc1ae16f560, 0xc1ae142700, 0xc0001a6ff0?)
	/home/jiang/tinykv/kv/raftstore/raft_worker.go:54 +0x485
created by github.com/pingcap-incubator/tinykv/kv/raftstore.(*Raftstore).startWorkers in goroutine 40
	/home/jiang/tinykv/kv/raftstore/raftstore.go:272 +0x152
FAIL	github.com/pingcap-incubator/tinykv/kv/test_raftstore	34.054s
FAIL
GO111MODULE=on go test -v --count=1 --parallel=1 -p=1 ./kv/test_raftstore -run ^TestSnapshotUnreliableRecoverConcurrentPartition2C|| true
=== RUN   TestSnapshotUnreliableRecoverConcurrentPartition2C
2024/11/08 10:52:42.809692 node.go:193: [0;37m[info] start raft store node, storeID: 1[0m
2024/11/08 10:52:42.810339 peer.go:41: [0;37m[info] region id:1 region_epoch:<conf_ver:1 version:1 > peers:<id:1 store_id:1 > peers:<id:2 store_id:2 > peers:<id:3 store_id:3 > peers:<id:4 store_id:4 > peers:<id:5 store_id:5 >  create peer with ID 1[0m
2024/11/08 10:52:42.810416 raftstore.go:176: [0;37m[info] start store 1, region_count 1, tombstone_count 0, takes 518.065µs[0m
2024/11/08 10:52:42.810799 node.go:193: [0;37m[info] start raft store node, storeID: 2[0m
2024/11/08 10:52:42.810909 peer.go:41: [0;37m[info] region id:1 region_epoch:<conf_ver:1 version:1 > peers:<id:1 store_id:1 > peers:<id:2 store_id:2 > peers:<id:3 store_id:3 > peers:<id:4 store_id:4 > peers:<id:5 store_id:5 >  create peer with ID 2[0m
2024/11/08 10:52:42.810943 raftstore.go:176: [0;37m[info] start store 2, region_count 1, tombstone_count 0, takes 61.894µs[0m
2024/11/08 10:52:42.811307 node.go:193: [0;37m[info] start raft store node, storeID: 3[0m
2024/11/08 10:52:42.811394 peer.go:41: [0;37m[info] region id:1 region_epoch:<conf_ver:1 version:1 > peers:<id:1 store_id:1 > peers:<id:2 store_id:2 > peers:<id:3 store_id:3 > peers:<id:4 store_id:4 > peers:<id:5 store_id:5 >  create peer with ID 3[0m
2024/11/08 10:52:42.811427 raftstore.go:176: [0;37m[info] start store 3, region_count 1, tombstone_count 0, takes 58.067µs[0m
2024/11/08 10:52:42.811776 node.go:193: [0;37m[info] start raft store node, storeID: 4[0m
2024/11/08 10:52:42.811871 peer.go:41: [0;37m[info] region id:1 region_epoch:<conf_ver:1 version:1 > peers:<id:1 store_id:1 > peers:<id:2 store_id:2 > peers:<id:3 store_id:3 > peers:<id:4 store_id:4 > peers:<id:5 store_id:5 >  create peer with ID 4[0m
2024/11/08 10:52:42.811903 raftstore.go:176: [0;37m[info] start store 4, region_count 1, tombstone_count 0, takes 59.926µs[0m
2024/11/08 10:52:42.812376 node.go:193: [0;37m[info] start raft store node, storeID: 5[0m
2024/11/08 10:52:42.812472 peer.go:41: [0;37m[info] region id:1 region_epoch:<conf_ver:1 version:1 > peers:<id:1 store_id:1 > peers:<id:2 store_id:2 > peers:<id:3 store_id:3 > peers:<id:4 store_id:4 > peers:<id:5 store_id:5 >  create peer with ID 5[0m
2024/11/08 10:52:42.812506 raftstore.go:176: [0;37m[info] start store 5, region_count 1, tombstone_count 0, takes 61.5µs[0m
2024/11/08 10:52:44.113144 test_test.go:104: [0;37m[info] partition: [2 4], [1 3 5][0m
2024/11/08 10:52:44.329760 peer_storage.go:182: [0;37m[info] [region 1] 5 requesting snapshot[0m
2024/11/08 10:52:44.329804 raft.go:236: [0;37m[info] 5 failed to send snapshot to 4 because snapshot is temporarily unavailable[0m
2024/11/08 10:52:44.329820 raft.go:236: [0;37m[info] 5 failed to send snapshot to 2 because snapshot is temporarily unavailable[0m
2024/11/08 10:52:44.329829 raft.go:236: [0;37m[info] 5 failed to send snapshot to 4 because snapshot is temporarily unavailable[0m
2024/11/08 10:52:44.329835 raft.go:236: [0;37m[info] 5 failed to send snapshot to 2 because snapshot is temporarily unavailable[0m
2024/11/08 10:52:44.329848 raft.go:236: [0;37m[info] 5 failed to send snapshot to 2 because snapshot is temporarily unavailable[0m
2024/11/08 10:52:44.329856 raft.go:236: [0;37m[info] 5 failed to send snapshot to 4 because snapshot is temporarily unavailable[0m
2024/11/08 10:52:44.329865 raft.go:236: [0;37m[info] 5 failed to send snapshot to 4 because snapshot is temporarily unavailable[0m
2024/11/08 10:52:44.329869 raft.go:236: [0;37m[info] 5 failed to send snapshot to 2 because snapshot is temporarily unavailable[0m
2024/11/08 10:52:44.330086 snap.go:549: [0;37m[info] region 1 scan snapshot /tmp/test-raftstore1292730875/snap/gen_1_7_116_(default|write|lock).sst, key count 61, size 1539[0m
2024/11/08 10:52:44.335285 raft.go:246: [0;37m[info] Send Snapshot[116,7] from 5 to 2[0m
2024/11/08 10:52:44.335324 peer_storage.go:182: [0;37m[info] [region 1] 5 requesting snapshot[0m
2024/11/08 10:52:44.335349 raft.go:236: [0;37m[info] 5 failed to send snapshot to 4 because snapshot is temporarily unavailable[0m
2024/11/08 10:52:44.335363 raft.go:236: [0;37m[info] 5 failed to send snapshot to 2 because snapshot is temporarily unavailable[0m
2024/11/08 10:52:44.335370 raft.go:236: [0;37m[info] 5 failed to send snapshot to 4 because snapshot is temporarily unavailable[0m
2024/11/08 10:52:44.335378 raft.go:236: [0;37m[info] 5 failed to send snapshot to 2 because snapshot is temporarily unavailable[0m
2024/11/08 10:52:44.335383 raft.go:236: [0;37m[info] 5 failed to send snapshot to 4 because snapshot is temporarily unavailable[0m
2024/11/08 10:52:44.335390 raft.go:236: [0;37m[info] 5 failed to send snapshot to 2 because snapshot is temporarily unavailable[0m
2024/11/08 10:52:44.335400 raft.go:236: [0;37m[info] 5 failed to send snapshot to 4 because snapshot is temporarily unavailable[0m
2024/11/08 10:52:44.335408 raft.go:236: [0;37m[info] 5 failed to send snapshot to 4 because snapshot is temporarily unavailable[0m
2024/11/08 10:52:44.335411 raft.go:236: [0;37m[info] 5 failed to send snapshot to 2 because snapshot is temporarily unavailable[0m
2024/11/08 10:52:44.335685 snap.go:549: [0;37m[info] region 1 scan snapshot /tmp/test-raftstore1292730875/snap/gen_1_7_119_(default|write|lock).sst, key count 62, size 1565[0m
2024/11/08 10:52:44.339077 raft.go:246: [0;37m[info] Send Snapshot[119,7] from 5 to 4[0m
2024/11/08 10:52:44.339115 peer_storage.go:182: [0;37m[info] [region 1] 5 requesting snapshot[0m
2024/11/08 10:52:44.339154 raft.go:236: [0;37m[info] 5 failed to send snapshot to 2 because snapshot is temporarily unavailable[0m
2024/11/08 10:52:44.339170 raft.go:236: [0;37m[info] 5 failed to send snapshot to 2 because snapshot is temporarily unavailable[0m
2024/11/08 10:52:44.339177 raft.go:236: [0;37m[info] 5 failed to send snapshot to 4 because snapshot is temporarily unavailable[0m
2024/11/08 10:52:44.339483 snap.go:549: [0;37m[info] region 1 scan snapshot /tmp/test-raftstore1292730875/snap/gen_1_7_121_(default|write|lock).sst, key count 63, size 1591[0m
2024/11/08 10:52:44.341007 raft.go:236: [0;37m[info] 5 failed to send snapshot to 2 because snapshot is temporarily unavailable[0m
2024/11/08 10:52:44.341049 raft.go:236: [0;37m[info] 5 failed to send snapshot to 4 because snapshot is temporarily unavailable[0m
2024/11/08 10:52:44.341058 raft.go:236: [0;37m[info] 5 failed to send snapshot to 2 because snapshot is temporarily unavailable[0m
2024/11/08 10:52:44.341063 raft.go:236: [0;37m[info] 5 failed to send snapshot to 4 because snapshot is temporarily unavailable[0m
2024/11/08 10:52:44.346939 raft.go:246: [0;37m[info] Send Snapshot[121,7] from 5 to 2[0m
2024/11/08 10:52:44.346989 peer_storage.go:182: [0;37m[info] [region 1] 5 requesting snapshot[0m
2024/11/08 10:52:44.347014 raft.go:236: [0;37m[info] 5 failed to send snapshot to 4 because snapshot is temporarily unavailable[0m
2024/11/08 10:52:44.347027 raft.go:236: [0;37m[info] 5 failed to send snapshot to 2 because snapshot is temporarily unavailable[0m
2024/11/08 10:52:44.347033 raft.go:236: [0;37m[info] 5 failed to send snapshot to 4 because snapshot is temporarily unavailable[0m
2024/11/08 10:52:44.347042 raft.go:236: [0;37m[info] 5 failed to send snapshot to 2 because snapshot is temporarily unavailable[0m
2024/11/08 10:52:44.347045 raft.go:236: [0;37m[info] 5 failed to send snapshot to 4 because snapshot is temporarily unavailable[0m
2024/11/08 10:52:44.347048 raft.go:236: [0;37m[info] 5 failed to send snapshot to 2 because snapshot is temporarily unavailable[0m
2024/11/08 10:52:44.347052 raft.go:236: [0;37m[info] 5 failed to send snapshot to 4 because snapshot is temporarily unavailable[0m
2024/11/08 10:52:44.347058 raft.go:236: [0;37m[info] 5 failed to send snapshot to 4 because snapshot is temporarily unavailable[0m
2024/11/08 10:52:44.347061 raft.go:236: [0;37m[info] 5 failed to send snapshot to 2 because snapshot is temporarily unavailable[0m
2024/11/08 10:52:44.347486 snap.go:549: [0;37m[info] region 1 scan snapshot /tmp/test-raftstore1292730875/snap/gen_1_7_124_(default|write|lock).sst, key count 65, size 1643[0m
2024/11/08 10:52:44.350912 raft.go:236: [0;37m[info] 5 failed to send snapshot to 2 because snapshot is temporarily unavailable[0m
2024/11/08 10:52:44.350946 raft.go:236: [0;37m[info] 5 failed to send snapshot to 4 because snapshot is temporarily unavailable[0m
2024/11/08 10:52:44.350958 raft.go:236: [0;37m[info] 5 failed to send snapshot to 2 because snapshot is temporarily unavailable[0m
2024/11/08 10:52:44.350964 raft.go:236: [0;37m[info] 5 failed to send snapshot to 4 because snapshot is temporarily unavailable[0m
2024/11/08 10:52:44.352776 raft.go:236: [0;37m[info] 5 failed to send snapshot to 2 because snapshot is temporarily unavailable[0m
2024/11/08 10:52:44.352873 raft.go:236: [0;37m[info] 5 failed to send snapshot to 4 because snapshot is temporarily unavailable[0m
2024/11/08 10:52:44.352891 raft.go:236: [0;37m[info] 5 failed to send snapshot to 2 because snapshot is temporarily unavailable[0m
2024/11/08 10:52:44.352897 raft.go:236: [0;37m[info] 5 failed to send snapshot to 4 because snapshot is temporarily unavailable[0m
2024/11/08 10:52:44.356781 raft.go:236: [0;37m[info] 5 failed to send snapshot to 2 because snapshot is temporarily unavailable[0m
2024/11/08 10:52:44.356813 raft.go:236: [0;37m[info] 5 failed to send snapshot to 4 because snapshot is temporarily unavailable[0m
2024/11/08 10:52:44.356825 raft.go:236: [0;37m[info] 5 failed to send snapshot to 2 because snapshot is temporarily unavailable[0m
2024/11/08 10:52:44.356828 raft.go:236: [0;37m[info] 5 failed to send snapshot to 4 because snapshot is temporarily unavailable[0m
2024/11/08 10:52:44.356833 raft.go:236: [0;37m[info] 5 failed to send snapshot to 4 because snapshot is temporarily unavailable[0m
2024/11/08 10:52:44.356838 raft.go:236: [0;37m[info] 5 failed to send snapshot to 2 because snapshot is temporarily unavailable[0m
2024/11/08 10:52:44.356849 raft.go:236: [0;37m[info] 5 failed to send snapshot to 2 because snapshot is temporarily unavailable[0m
2024/11/08 10:52:44.356853 raft.go:236: [0;37m[info] 5 failed to send snapshot to 4 because snapshot is temporarily unavailable[0m
2024/11/08 10:52:44.356858 raft.go:236: [0;37m[info] 5 failed to send snapshot to 2 because snapshot is temporarily unavailable[0m
2024/11/08 10:52:44.356861 raft.go:236: [0;37m[info] 5 failed to send snapshot to 4 because snapshot is temporarily unavailable[0m
2024/11/08 10:52:44.360774 raft.go:236: [0;37m[info] 5 failed to send snapshot to 2 because snapshot is temporarily unavailable[0m
2024/11/08 10:52:44.360898 raft.go:236: [0;37m[info] 5 failed to send snapshot to 4 because snapshot is temporarily unavailable[0m
2024/11/08 10:52:44.360910 raft.go:236: [0;37m[info] 5 failed to send snapshot to 2 because snapshot is temporarily unavailable[0m
2024/11/08 10:52:44.360917 raft.go:236: [0;37m[info] 5 failed to send snapshot to 4 because snapshot is temporarily unavailable[0m
2024/11/08 10:52:44.362582 raft.go:236: [0;37m[info] 5 failed to send snapshot to 2 because snapshot is temporarily unavailable[0m
2024/11/08 10:52:44.362618 raft.go:236: [0;37m[info] 5 failed to send snapshot to 4 because snapshot is temporarily unavailable[0m
2024/11/08 10:52:44.362625 raft.go:236: [0;37m[info] 5 failed to send snapshot to 2 because snapshot is temporarily unavailable[0m
2024/11/08 10:52:44.362632 raft.go:236: [0;37m[info] 5 failed to send snapshot to 4 because snapshot is temporarily unavailable[0m
2024/11/08 10:52:44.362643 raft.go:236: [0;37m[info] 5 failed to send snapshot to 4 because snapshot is temporarily unavailable[0m
2024/11/08 10:52:44.362648 raft.go:236: [0;37m[info] 5 failed to send snapshot to 2 because snapshot is temporarily unavailable[0m
2024/11/08 10:52:44.365842 raft.go:236: [0;37m[info] 5 failed to send snapshot to 4 because snapshot is temporarily unavailable[0m
2024/11/08 10:52:44.365876 raft.go:236: [0;37m[info] 5 failed to send snapshot to 2 because snapshot is temporarily unavailable[0m
2024/11/08 10:52:44.365884 raft.go:236: [0;37m[info] 5 failed to send snapshot to 4 because snapshot is temporarily unavailable[0m
2024/11/08 10:52:44.365894 raft.go:236: [0;37m[info] 5 failed to send snapshot to 2 because snapshot is temporarily unavailable[0m
2024/11/08 10:52:44.365907 raft.go:236: [0;37m[info] 5 failed to send snapshot to 2 because snapshot is temporarily unavailable[0m
2024/11/08 10:52:44.365911 raft.go:236: [0;37m[info] 5 failed to send snapshot to 4 because snapshot is temporarily unavailable[0m
2024/11/08 10:52:44.365917 raft.go:236: [0;37m[info] 5 failed to send snapshot to 2 because snapshot is temporarily unavailable[0m
2024/11/08 10:52:44.365922 raft.go:236: [0;37m[info] 5 failed to send snapshot to 4 because snapshot is temporarily unavailable[0m
2024/11/08 10:52:44.368767 raft.go:236: [0;37m[info] 5 failed to send snapshot to 4 because snapshot is temporarily unavailable[0m
2024/11/08 10:52:44.368805 raft.go:236: [0;37m[info] 5 failed to send snapshot to 2 because snapshot is temporarily unavailable[0m
2024/11/08 10:52:44.368827 raft.go:236: [0;37m[info] 5 failed to send snapshot to 2 because snapshot is temporarily unavailable[0m
2024/11/08 10:52:44.368835 raft.go:236: [0;37m[info] 5 failed to send snapshot to 4 because snapshot is temporarily unavailable[0m
2024/11/08 10:52:44.371353 raft.go:236: [0;37m[info] 5 failed to send snapshot to 4 because snapshot is temporarily unavailable[0m
2024/11/08 10:52:44.371387 raft.go:236: [0;37m[info] 5 failed to send snapshot to 2 because snapshot is temporarily unavailable[0m
2024/11/08 10:52:44.373469 raft.go:236: [0;37m[info] 5 failed to send snapshot to 4 because snapshot is temporarily unavailable[0m
2024/11/08 10:52:44.373523 raft.go:236: [0;37m[info] 5 failed to send snapshot to 2 because snapshot is temporarily unavailable[0m
2024/11/08 10:52:44.373536 raft.go:236: [0;37m[info] 5 failed to send snapshot to 2 because snapshot is temporarily unavailable[0m
2024/11/08 10:52:44.373545 raft.go:236: [0;37m[info] 5 failed to send snapshot to 4 because snapshot is temporarily unavailable[0m
2024/11/08 10:52:44.376929 raft.go:236: [0;37m[info] 5 failed to send snapshot to 2 because snapshot is temporarily unavailable[0m
2024/11/08 10:52:44.376966 raft.go:236: [0;37m[info] 5 failed to send snapshot to 4 because snapshot is temporarily unavailable[0m
2024/11/08 10:52:44.376978 raft.go:236: [0;37m[info] 5 failed to send snapshot to 2 because snapshot is temporarily unavailable[0m
2024/11/08 10:52:44.376983 raft.go:236: [0;37m[info] 5 failed to send snapshot to 4 because snapshot is temporarily unavailable[0m
2024/11/08 10:52:44.376991 raft.go:236: [0;37m[info] 5 failed to send snapshot to 2 because snapshot is temporarily unavailable[0m
2024/11/08 10:52:44.376995 raft.go:236: [0;37m[info] 5 failed to send snapshot to 4 because snapshot is temporarily unavailable[0m
2024/11/08 10:52:44.377079 raft.go:236: [0;37m[info] 5 failed to send snapshot to 2 because snapshot is temporarily unavailable[0m
2024/11/08 10:52:44.377112 raft.go:236: [0;37m[info] 5 failed to send snapshot to 4 because snapshot is temporarily unavailable[0m
2024/11/08 10:52:44.379763 raft.go:236: [0;37m[info] 5 failed to send snapshot to 4 because snapshot is temporarily unavailable[0m
2024/11/08 10:52:44.379797 raft.go:236: [0;37m[info] 5 failed to send snapshot to 2 because snapshot is temporarily unavailable[0m
2024/11/08 10:52:44.379812 raft.go:236: [0;37m[info] 5 failed to send snapshot to 2 because snapshot is temporarily unavailable[0m
2024/11/08 10:52:44.379819 raft.go:236: [0;37m[info] 5 failed to send snapshot to 4 because snapshot is temporarily unavailable[0m
2024/11/08 10:52:44.382123 raft.go:236: [0;37m[info] 5 failed to send snapshot to 2 because snapshot is temporarily unavailable[0m
2024/11/08 10:52:44.382156 raft.go:236: [0;37m[info] 5 failed to send snapshot to 4 because snapshot is temporarily unavailable[0m
2024/11/08 10:52:44.385171 raft.go:236: [0;37m[info] 5 failed to send snapshot to 2 because snapshot is temporarily unavailable[0m
2024/11/08 10:52:44.385205 raft.go:236: [0;37m[info] 5 failed to send snapshot to 4 because snapshot is temporarily unavailable[0m
2024/11/08 10:52:44.385216 raft.go:236: [0;37m[info] 5 failed to send snapshot to 4 because snapshot is temporarily unavailable[0m
2024/11/08 10:52:44.385226 raft.go:236: [0;37m[info] 5 failed to send snapshot to 2 because snapshot is temporarily unavailable[0m
2024/11/08 10:52:44.385235 raft.go:236: [0;37m[info] 5 failed to send snapshot to 4 because snapshot is temporarily unavailable[0m
2024/11/08 10:52:44.385242 raft.go:236: [0;37m[info] 5 failed to send snapshot to 2 because snapshot is temporarily unavailable[0m
2024/11/08 10:52:44.389427 raft.go:236: [0;37m[info] 5 failed to send snapshot to 2 because snapshot is temporarily unavailable[0m
2024/11/08 10:52:44.389473 raft.go:236: [0;37m[info] 5 failed to send snapshot to 4 because snapshot is temporarily unavailable[0m
2024/11/08 10:52:44.389510 raft.go:236: [0;37m[info] 5 failed to send snapshot to 2 because snapshot is temporarily unavailable[0m
2024/11/08 10:52:44.389595 raft.go:236: [0;37m[info] 5 failed to send snapshot to 4 because snapshot is temporarily unavailable[0m
2024/11/08 10:52:44.389608 raft.go:236: [0;37m[info] 5 failed to send snapshot to 2 because snapshot is temporarily unavailable[0m
2024/11/08 10:52:44.389612 raft.go:236: [0;37m[info] 5 failed to send snapshot to 4 because snapshot is temporarily unavailable[0m
2024/11/08 10:52:44.389619 raft.go:236: [0;37m[info] 5 failed to send snapshot to 4 because snapshot is temporarily unavailable[0m
2024/11/08 10:52:44.389622 raft.go:236: [0;37m[info] 5 failed to send snapshot to 2 because snapshot is temporarily unavailable[0m
2024/11/08 10:52:44.389636 raft.go:236: [0;37m[info] 5 failed to send snapshot to 2 because snapshot is temporarily unavailable[0m
2024/11/08 10:52:44.389640 raft.go:236: [0;37m[info] 5 failed to send snapshot to 4 because snapshot is temporarily unavailable[0m
2024/11/08 10:52:44.392468 raft.go:236: [0;37m[info] 5 failed to send snapshot to 2 because snapshot is temporarily unavailable[0m
2024/11/08 10:52:44.392519 raft.go:236: [0;37m[info] 5 failed to send snapshot to 4 because snapshot is temporarily unavailable[0m
2024/11/08 10:52:44.394226 raft.go:236: [0;37m[info] 5 failed to send snapshot to 2 because snapshot is temporarily unavailable[0m
2024/11/08 10:52:44.394260 raft.go:236: [0;37m[info] 5 failed to send snapshot to 4 because snapshot is temporarily unavailable[0m
2024/11/08 10:52:44.394269 raft.go:236: [0;37m[info] 5 failed to send snapshot to 4 because snapshot is temporarily unavailable[0m
2024/11/08 10:52:44.394274 raft.go:236: [0;37m[info] 5 failed to send snapshot to 2 because snapshot is temporarily unavailable[0m
2024/11/08 10:52:44.394277 raft.go:236: [0;37m[info] 5 failed to send snapshot to 4 because snapshot is temporarily unavailable[0m
2024/11/08 10:52:44.394282 raft.go:236: [0;37m[info] 5 failed to send snapshot to 2 because snapshot is temporarily unavailable[0m
2024/11/08 10:52:44.397941 raft.go:236: [0;37m[info] 5 failed to send snapshot to 2 because snapshot is temporarily unavailable[0m
2024/11/08 10:52:44.397974 raft.go:236: [0;37m[info] 5 failed to send snapshot to 4 because snapshot is temporarily unavailable[0m
2024/11/08 10:52:44.397985 raft.go:236: [0;37m[info] 5 failed to send snapshot to 4 because snapshot is temporarily unavailable[0m
2024/11/08 10:52:44.397991 raft.go:236: [0;37m[info] 5 failed to send snapshot to 2 because snapshot is temporarily unavailable[0m
2024/11/08 10:52:44.397999 raft.go:236: [0;37m[info] 5 failed to send snapshot to 2 because snapshot is temporarily unavailable[0m
2024/11/08 10:52:44.398025 raft.go:236: [0;37m[info] 5 failed to send snapshot to 4 because snapshot is temporarily unavailable[0m
2024/11/08 10:52:44.398034 raft.go:236: [0;37m[info] 5 failed to send snapshot to 2 because snapshot is temporarily unavailable[0m
2024/11/08 10:52:44.398038 raft.go:236: [0;37m[info] 5 failed to send snapshot to 4 because snapshot is temporarily unavailable[0m
2024/11/08 10:52:44.398043 raft.go:236: [0;37m[info] 5 failed to send snapshot to 4 because snapshot is temporarily unavailable[0m
2024/11/08 10:52:44.398047 raft.go:236: [0;37m[info] 5 failed to send snapshot to 2 because snapshot is temporarily unavailable[0m
2024/11/08 10:52:44.400449 raft.go:236: [0;37m[info] 5 failed to send snapshot to 2 because snapshot is temporarily unavailable[0m
2024/11/08 10:52:44.400489 raft.go:236: [0;37m[info] 5 failed to send snapshot to 4 because snapshot is temporarily unavailable[0m
2024/11/08 10:52:44.402569 raft.go:236: [0;37m[info] 5 failed to send snapshot to 2 because snapshot is temporarily unavailable[0m
2024/11/08 10:52:44.402604 raft.go:236: [0;37m[info] 5 failed to send snapshot to 4 because snapshot is temporarily unavailable[0m
2024/11/08 10:52:44.402620 raft.go:236: [0;37m[info] 5 failed to send snapshot to 2 because snapshot is temporarily unavailable[0m
2024/11/08 10:52:44.402625 raft.go:236: [0;37m[info] 5 failed to send snapshot to 4 because snapshot is temporarily unavailable[0m
2024/11/08 10:52:44.402647 raft.go:236: [0;37m[info] 5 failed to send snapshot to 2 because snapshot is temporarily unavailable[0m
2024/11/08 10:52:44.402651 raft.go:236: [0;37m[info] 5 failed to send snapshot to 4 because snapshot is temporarily unavailable[0m
2024/11/08 10:52:44.407538 raft.go:236: [0;37m[info] 5 failed to send snapshot to 4 because snapshot is temporarily unavailable[0m
2024/11/08 10:52:44.407582 raft.go:236: [0;37m[info] 5 failed to send snapshot to 2 because snapshot is temporarily unavailable[0m
2024/11/08 10:52:44.407593 raft.go:236: [0;37m[info] 5 failed to send snapshot to 4 because snapshot is temporarily unavailable[0m
2024/11/08 10:52:44.407600 raft.go:236: [0;37m[info] 5 failed to send snapshot to 2 because snapshot is temporarily unavailable[0m
2024/11/08 10:52:44.407616 raft.go:236: [0;37m[info] 5 failed to send snapshot to 2 because snapshot is temporarily unavailable[0m
2024/11/08 10:52:44.407622 raft.go:236: [0;37m[info] 5 failed to send snapshot to 4 because snapshot is temporarily unavailable[0m
2024/11/08 10:52:44.407626 raft.go:236: [0;37m[info] 5 failed to send snapshot to 2 because snapshot is temporarily unavailable[0m
2024/11/08 10:52:44.407629 raft.go:236: [0;37m[info] 5 failed to send snapshot to 4 because snapshot is temporarily unavailable[0m
2024/11/08 10:52:44.407636 raft.go:236: [0;37m[info] 5 failed to send snapshot to 2 because snapshot is temporarily unavailable[0m
2024/11/08 10:52:44.407640 raft.go:236: [0;37m[info] 5 failed to send snapshot to 4 because snapshot is temporarily unavailable[0m
2024/11/08 10:52:44.410057 raft.go:236: [0;37m[info] 5 failed to send snapshot to 2 because snapshot is temporarily unavailable[0m
2024/11/08 10:52:44.410091 raft.go:236: [0;37m[info] 5 failed to send snapshot to 4 because snapshot is temporarily unavailable[0m
2024/11/08 10:52:44.411799 raft.go:236: [0;37m[info] 5 failed to send snapshot to 2 because snapshot is temporarily unavailable[0m
2024/11/08 10:52:44.411830 raft.go:236: [0;37m[info] 5 failed to send snapshot to 4 because snapshot is temporarily unavailable[0m
2024/11/08 10:52:44.411837 raft.go:236: [0;37m[info] 5 failed to send snapshot to 2 because snapshot is temporarily unavailable[0m
2024/11/08 10:52:44.411843 raft.go:236: [0;37m[info] 5 failed to send snapshot to 4 because snapshot is temporarily unavailable[0m
2024/11/08 10:52:44.411850 raft.go:236: [0;37m[info] 5 failed to send snapshot to 2 because snapshot is temporarily unavailable[0m
2024/11/08 10:52:44.411854 raft.go:236: [0;37m[info] 5 failed to send snapshot to 4 because snapshot is temporarily unavailable[0m
2024/11/08 10:52:44.415459 raft.go:236: [0;37m[info] 5 failed to send snapshot to 2 because snapshot is temporarily unavailable[0m
2024/11/08 10:52:44.415490 raft.go:236: [0;37m[info] 5 failed to send snapshot to 4 because snapshot is temporarily unavailable[0m
2024/11/08 10:52:44.415530 raft.go:236: [0;37m[info] 5 failed to send snapshot to 4 because snapshot is temporarily unavailable[0m
2024/11/08 10:52:44.415538 raft.go:236: [0;37m[info] 5 failed to send snapshot to 2 because snapshot is temporarily unavailable[0m
2024/11/08 10:52:44.415547 raft.go:236: [0;37m[info] 5 failed to send snapshot to 2 because snapshot is temporarily unavailable[0m
2024/11/08 10:52:44.415552 raft.go:236: [0;37m[info] 5 failed to send snapshot to 4 because snapshot is temporarily unavailable[0m
2024/11/08 10:52:44.415559 raft.go:236: [0;37m[info] 5 failed to send snapshot to 4 because snapshot is temporarily unavailable[0m
2024/11/08 10:52:44.415562 raft.go:236: [0;37m[info] 5 failed to send snapshot to 2 because snapshot is temporarily unavailable[0m
2024/11/08 10:52:44.415568 raft.go:236: [0;37m[info] 5 failed to send snapshot to 2 because snapshot is temporarily unavailable[0m
2024/11/08 10:52:44.415572 raft.go:236: [0;37m[info] 5 failed to send snapshot to 4 because snapshot is temporarily unavailable[0m
2024/11/08 10:52:44.418020 raft.go:236: [0;37m[info] 5 failed to send snapshot to 2 because snapshot is temporarily unavailable[0m
2024/11/08 10:52:44.418043 raft.go:236: [0;37m[info] 5 failed to send snapshot to 4 because snapshot is temporarily unavailable[0m
2024/11/08 10:52:44.420157 raft.go:236: [0;37m[info] 5 failed to send snapshot to 4 because snapshot is temporarily unavailable[0m
2024/11/08 10:52:44.420192 raft.go:236: [0;37m[info] 5 failed to send snapshot to 2 because snapshot is temporarily unavailable[0m
2024/11/08 10:52:44.420209 raft.go:236: [0;37m[info] 5 failed to send snapshot to 4 because snapshot is temporarily unavailable[0m
2024/11/08 10:52:44.420214 raft.go:236: [0;37m[info] 5 failed to send snapshot to 2 because snapshot is temporarily unavailable[0m
2024/11/08 10:52:44.420223 raft.go:236: [0;37m[info] 5 failed to send snapshot to 2 because snapshot is temporarily unavailable[0m
2024/11/08 10:52:44.420227 raft.go:236: [0;37m[info] 5 failed to send snapshot to 4 because snapshot is temporarily unavailable[0m
2024/11/08 10:52:44.420234 raft.go:236: [0;37m[info] 5 failed to send snapshot to 2 because snapshot is temporarily unavailable[0m
2024/11/08 10:52:44.420238 raft.go:236: [0;37m[info] 5 failed to send snapshot to 4 because snapshot is temporarily unavailable[0m
2024/11/08 10:52:44.424608 raft.go:246: [0;37m[info] Send Snapshot[124,7] from 5 to 4[0m
2024/11/08 10:52:44.424654 peer_storage.go:182: [0;37m[info] [region 1] 5 requesting snapshot[0m
2024/11/08 10:52:44.424665 raft.go:236: [0;37m[info] 5 failed to send snapshot to 2 because snapshot is temporarily unavailable[0m
2024/11/08 10:52:44.424695 raft.go:236: [0;37m[info] 5 failed to send snapshot to 4 because snapshot is temporarily unavailable[0m
2024/11/08 10:52:44.424702 raft.go:236: [0;37m[info] 5 failed to send snapshot to 2 because snapshot is temporarily unavailable[0m
2024/11/08 10:52:44.424711 raft.go:236: [0;37m[info] 5 failed to send snapshot to 2 because snapshot is temporarily unavailable[0m
2024/11/08 10:52:44.424716 raft.go:236: [0;37m[info] 5 failed to send snapshot to 4 because snapshot is temporarily unavailable[0m
2024/11/08 10:52:44.424719 raft.go:236: [0;37m[info] 5 failed to send snapshot to 4 because snapshot is temporarily unavailable[0m
2024/11/08 10:52:44.424723 raft.go:236: [0;37m[info] 5 failed to send snapshot to 2 because snapshot is temporarily unavailable[0m
2024/11/08 10:52:44.424732 raft.go:236: [0;37m[info] 5 failed to send snapshot to 2 because snapshot is temporarily unavailable[0m
2024/11/08 10:52:44.424736 raft.go:236: [0;37m[info] 5 failed to send snapshot to 4 because snapshot is temporarily unavailable[0m
2024/11/08 10:52:44.425221 snap.go:549: [0;37m[info] region 1 scan snapshot /tmp/test-raftstore1292730875/snap/gen_1_7_165_(default|write|lock).sst, key count 79, size 2005[0m
2024/11/08 10:52:44.430599 raft.go:246: [0;37m[info] Send Snapshot[165,7] from 5 to 2[0m
2024/11/08 10:52:44.430622 peer_storage.go:182: [0;37m[info] [region 1] 5 requesting snapshot[0m
2024/11/08 10:52:44.430649 raft.go:236: [0;37m[info] 5 failed to send snapshot to 4 because snapshot is temporarily unavailable[0m
2024/11/08 10:52:44.430665 raft.go:236: [0;37m[info] 5 failed to send snapshot to 2 because snapshot is temporarily unavailable[0m
2024/11/08 10:52:44.430671 raft.go:236: [0;37m[info] 5 failed to send snapshot to 4 because snapshot is temporarily unavailable[0m
2024/11/08 10:52:44.430674 raft.go:236: [0;37m[info] 5 failed to send snapshot to 2 because snapshot is temporarily unavailable[0m
2024/11/08 10:52:44.430679 raft.go:236: [0;37m[info] 5 failed to send snapshot to 4 because snapshot is temporarily unavailable[0m
2024/11/08 10:52:44.430686 raft.go:236: [0;37m[info] 5 failed to send snapshot to 4 because snapshot is temporarily unavailable[0m
2024/11/08 10:52:44.430691 raft.go:236: [0;37m[info] 5 failed to send snapshot to 2 because snapshot is temporarily unavailable[0m
2024/11/08 10:52:44.431151 snap.go:549: [0;37m[info] region 1 scan snapshot /tmp/test-raftstore1292730875/snap/gen_1_7_166_(default|write|lock).sst, key count 79, size 2005[0m
2024/11/08 10:52:44.435492 raft.go:236: [0;37m[info] 5 failed to send snapshot to 2 because snapshot is temporarily unavailable[0m
2024/11/08 10:52:44.435528 raft.go:236: [0;37m[info] 5 failed to send snapshot to 4 because snapshot is temporarily unavailable[0m
2024/11/08 10:52:44.435539 raft.go:236: [0;37m[info] 5 failed to send snapshot to 4 because snapshot is temporarily unavailable[0m
2024/11/08 10:52:44.435544 raft.go:236: [0;37m[info] 5 failed to send snapshot to 2 because snapshot is temporarily unavailable[0m
2024/11/08 10:52:44.435554 raft.go:236: [0;37m[info] 5 failed to send snapshot to 2 because snapshot is temporarily unavailable[0m
2024/11/08 10:52:44.435560 raft.go:236: [0;37m[info] 5 failed to send snapshot to 4 because snapshot is temporarily unavailable[0m
2024/11/08 10:52:44.438418 raft.go:246: [0;37m[info] Send Snapshot[166,7] from 5 to 2[0m
2024/11/08 10:52:44.438452 peer_storage.go:182: [0;37m[info] [region 1] 5 requesting snapshot[0m
2024/11/08 10:52:44.438478 raft.go:236: [0;37m[info] 5 failed to send snapshot to 4 because snapshot is temporarily unavailable[0m
2024/11/08 10:52:44.439175 snap.go:549: [0;37m[info] region 1 scan snapshot /tmp/test-raftstore1292730875/snap/gen_1_7_169_(default|write|lock).sst, key count 79, size 2005[0m
2024/11/08 10:52:44.441731 raft.go:236: [0;37m[info] 5 failed to send snapshot to 4 because snapshot is temporarily unavailable[0m
2024/11/08 10:52:44.441808 raft.go:236: [0;37m[info] 5 failed to send snapshot to 2 because snapshot is temporarily unavailable[0m
2024/11/08 10:52:44.441829 raft.go:236: [0;37m[info] 5 failed to send snapshot to 2 because snapshot is temporarily unavailable[0m
2024/11/08 10:52:44.441838 raft.go:236: [0;37m[info] 5 failed to send snapshot to 4 because snapshot is temporarily unavailable[0m
2024/11/08 10:52:44.441854 raft.go:236: [0;37m[info] 5 failed to send snapshot to 2 because snapshot is temporarily unavailable[0m
2024/11/08 10:52:44.441861 raft.go:236: [0;37m[info] 5 failed to send snapshot to 4 because snapshot is temporarily unavailable[0m
2024/11/08 10:52:44.444705 raft.go:246: [0;37m[info] Send Snapshot[169,7] from 5 to 2[0m
2024/11/08 10:52:44.444745 peer_storage.go:182: [0;37m[info] [region 1] 5 requesting snapshot[0m
2024/11/08 10:52:44.444770 raft.go:236: [0;37m[info] 5 failed to send snapshot to 4 because snapshot is temporarily unavailable[0m
2024/11/08 10:52:44.444785 raft.go:236: [0;37m[info] 5 failed to send snapshot to 2 because snapshot is temporarily unavailable[0m
2024/11/08 10:52:44.444793 raft.go:236: [0;37m[info] 5 failed to send snapshot to 4 because snapshot is temporarily unavailable[0m
2024/11/08 10:52:44.445193 snap.go:549: [0;37m[info] region 1 scan snapshot /tmp/test-raftstore1292730875/snap/gen_1_7_172_(default|write|lock).sst, key count 80, size 2031[0m
2024/11/08 10:52:44.448485 raft.go:246: [0;37m[info] Send Snapshot[172,7] from 5 to 2[0m
2024/11/08 10:52:44.448518 peer_storage.go:182: [0;37m[info] [region 1] 5 requesting snapshot[0m
2024/11/08 10:52:44.448557 raft.go:236: [0;37m[info] 5 failed to send snapshot to 4 because snapshot is temporarily unavailable[0m
2024/11/08 10:52:44.448579 raft.go:236: [0;37m[info] 5 failed to send snapshot to 2 because snapshot is temporarily unavailable[0m
2024/11/08 10:52:44.448653 raft.go:236: [0;37m[info] 5 failed to send snapshot to 4 because snapshot is temporarily unavailable[0m
2024/11/08 10:52:44.448685 raft.go:236: [0;37m[info] 5 failed to send snapshot to 4 because snapshot is temporarily unavailable[0m
2024/11/08 10:52:44.448692 raft.go:236: [0;37m[info] 5 failed to send snapshot to 2 because snapshot is temporarily unavailable[0m
2024/11/08 10:52:44.448702 raft.go:236: [0;37m[info] 5 failed to send snapshot to 4 because snapshot is temporarily unavailable[0m
2024/11/08 10:52:44.448707 raft.go:236: [0;37m[info] 5 failed to send snapshot to 2 because snapshot is temporarily unavailable[0m
2024/11/08 10:52:44.448883 snap.go:549: [0;37m[info] region 1 scan snapshot /tmp/test-raftstore1292730875/snap/gen_1_7_174_(default|write|lock).sst, key count 81, size 2057[0m
2024/11/08 10:52:44.451472 raft.go:246: [0;37m[info] Send Snapshot[174,7] from 5 to 2[0m
2024/11/08 10:52:44.451505 peer_storage.go:182: [0;37m[info] [region 1] 5 requesting snapshot[0m
2024/11/08 10:52:44.451531 raft.go:236: [0;37m[info] 5 failed to send snapshot to 4 because snapshot is temporarily unavailable[0m
2024/11/08 10:52:44.451540 raft.go:236: [0;37m[info] 5 failed to send snapshot to 2 because snapshot is temporarily unavailable[0m
2024/11/08 10:52:44.451548 raft.go:236: [0;37m[info] 5 failed to send snapshot to 4 because snapshot is temporarily unavailable[0m
2024/11/08 10:52:44.451885 snap.go:549: [0;37m[info] region 1 scan snapshot /tmp/test-raftstore1292730875/snap/gen_1_7_176_(default|write|lock).sst, key count 81, size 2057[0m
2024/11/08 10:52:44.453250 raft.go:236: [0;37m[info] 5 failed to send snapshot to 2 because snapshot is temporarily unavailable[0m
2024/11/08 10:52:44.453284 raft.go:236: [0;37m[info] 5 failed to send snapshot to 4 because snapshot is temporarily unavailable[0m
2024/11/08 10:52:44.453305 raft.go:236: [0;37m[info] 5 failed to send snapshot to 2 because snapshot is temporarily unavailable[0m
2024/11/08 10:52:44.453312 raft.go:236: [0;37m[info] 5 failed to send snapshot to 4 because snapshot is temporarily unavailable[0m
2024/11/08 10:52:44.456023 raft.go:246: [0;37m[info] Send Snapshot[176,7] from 5 to 2[0m
2024/11/08 10:52:44.456055 peer_storage.go:182: [0;37m[info] [region 1] 5 requesting snapshot[0m
2024/11/08 10:52:44.456063 raft.go:236: [0;37m[info] 5 failed to send snapshot to 4 because snapshot is temporarily unavailable[0m
2024/11/08 10:52:44.456073 raft.go:236: [0;37m[info] 5 failed to send snapshot to 2 because snapshot is temporarily unavailable[0m
2024/11/08 10:52:44.456077 raft.go:236: [0;37m[info] 5 failed to send snapshot to 4 because snapshot is temporarily unavailable[0m
2024/11/08 10:52:44.456083 raft.go:236: [0;37m[info] 5 failed to send snapshot to 2 because snapshot is temporarily unavailable[0m
2024/11/08 10:52:44.456088 raft.go:236: [0;37m[info] 5 failed to send snapshot to 4 because snapshot is temporarily unavailable[0m
2024/11/08 10:52:44.456363 snap.go:549: [0;37m[info] region 1 scan snapshot /tmp/test-raftstore1292730875/snap/gen_1_7_178_(default|write|lock).sst, key count 82, size 2083[0m
2024/11/08 10:52:44.460762 raft.go:246: [0;37m[info] Send Snapshot[178,7] from 5 to 2[0m
2024/11/08 10:52:44.460808 peer_storage.go:182: [0;37m[info] [region 1] 5 requesting snapshot[0m
2024/11/08 10:52:44.460833 raft.go:236: [0;37m[info] 5 failed to send snapshot to 4 because snapshot is temporarily unavailable[0m
2024/11/08 10:52:44.460849 raft.go:236: [0;37m[info] 5 failed to send snapshot to 2 because snapshot is temporarily unavailable[0m
2024/11/08 10:52:44.460859 raft.go:236: [0;37m[info] 5 failed to send snapshot to 4 because snapshot is temporarily unavailable[0m
2024/11/08 10:52:44.460871 raft.go:236: [0;37m[info] 5 failed to send snapshot to 4 because snapshot is temporarily unavailable[0m
2024/11/08 10:52:44.460876 raft.go:236: [0;37m[info] 5 failed to send snapshot to 2 because snapshot is temporarily unavailable[0m
2024/11/08 10:52:44.460880 raft.go:236: [0;37m[info] 5 failed to send snapshot to 2 because snapshot is temporarily unavailable[0m
2024/11/08 10:52:44.460886 raft.go:236: [0;37m[info] 5 failed to send snapshot to 4 because snapshot is temporarily unavailable[0m
2024/11/08 10:52:44.460890 raft.go:236: [0;37m[info] 5 failed to send snapshot to 4 because snapshot is temporarily unavailable[0m
2024/11/08 10:52:44.460893 raft.go:236: [0;37m[info] 5 failed to send snapshot to 2 because snapshot is temporarily unavailable[0m
2024/11/08 10:52:44.461190 snap.go:549: [0;37m[info] region 1 scan snapshot /tmp/test-raftstore1292730875/snap/gen_1_7_181_(default|write|lock).sst, key count 84, size 2135[0m
2024/11/08 10:52:44.464387 raft.go:246: [0;37m[info] Send Snapshot[181,7] from 5 to 2[0m
2024/11/08 10:52:44.464427 peer_storage.go:182: [0;37m[info] [region 1] 5 requesting snapshot[0m
2024/11/08 10:52:44.464436 raft.go:236: [0;37m[info] 5 failed to send snapshot to 4 because snapshot is temporarily unavailable[0m
2024/11/08 10:52:44.464443 raft.go:236: [0;37m[info] 5 failed to send snapshot to 2 because snapshot is temporarily unavailable[0m
2024/11/08 10:52:44.464451 raft.go:236: [0;37m[info] 5 failed to send snapshot to 4 because snapshot is temporarily unavailable[0m
2024/11/08 10:52:44.464738 snap.go:549: [0;37m[info] region 1 scan snapshot /tmp/test-raftstore1292730875/snap/gen_1_7_183_(default|write|lock).sst, key count 84, size 2135[0m
2024/11/08 10:52:44.466633 raft.go:236: [0;37m[info] 5 failed to send snapshot to 2 because snapshot is temporarily unavailable[0m
2024/11/08 10:52:44.466666 raft.go:236: [0;37m[info] 5 failed to send snapshot to 4 because snapshot is temporarily unavailable[0m
2024/11/08 10:52:44.466675 raft.go:236: [0;37m[info] 5 failed to send snapshot to 2 because snapshot is temporarily unavailable[0m
2024/11/08 10:52:44.466681 raft.go:236: [0;37m[info] 5 failed to send snapshot to 4 because snapshot is temporarily unavailable[0m
2024/11/08 10:52:44.469992 raft.go:246: [0;37m[info] Send Snapshot[183,7] from 5 to 2[0m
2024/11/08 10:52:44.470060 peer_storage.go:182: [0;37m[info] [region 1] 5 requesting snapshot[0m
2024/11/08 10:52:44.470069 raft.go:236: [0;37m[info] 5 failed to send snapshot to 4 because snapshot is temporarily unavailable[0m
2024/11/08 10:52:44.470079 raft.go:236: [0;37m[info] 5 failed to send snapshot to 4 because snapshot is temporarily unavailable[0m
2024/11/08 10:52:44.470086 raft.go:236: [0;37m[info] 5 failed to send snapshot to 2 because snapshot is temporarily unavailable[0m
2024/11/08 10:52:44.470098 raft.go:236: [0;37m[info] 5 failed to send snapshot to 2 because snapshot is temporarily unavailable[0m
2024/11/08 10:52:44.470104 raft.go:236: [0;37m[info] 5 failed to send snapshot to 4 because snapshot is temporarily unavailable[0m
2024/11/08 10:52:44.470108 raft.go:236: [0;37m[info] 5 failed to send snapshot to 4 because snapshot is temporarily unavailable[0m
2024/11/08 10:52:44.470112 raft.go:236: [0;37m[info] 5 failed to send snapshot to 2 because snapshot is temporarily unavailable[0m
2024/11/08 10:52:44.470116 raft.go:236: [0;37m[info] 5 failed to send snapshot to 2 because snapshot is temporarily unavailable[0m
2024/11/08 10:52:44.470120 raft.go:236: [0;37m[info] 5 failed to send snapshot to 4 because snapshot is temporarily unavailable[0m
2024/11/08 10:52:44.470834 snap.go:549: [0;37m[info] region 1 scan snapshot /tmp/test-raftstore1292730875/snap/gen_1_7_186_(default|write|lock).sst, key count 87, size 2212[0m
2024/11/08 10:52:44.474137 raft.go:246: [0;37m[info] Send Snapshot[186,7] from 5 to 2[0m
2024/11/08 10:52:44.474170 peer_storage.go:182: [0;37m[info] [region 1] 5 requesting snapshot[0m
2024/11/08 10:52:44.474192 raft.go:236: [0;37m[info] 5 failed to send snapshot to 4 because snapshot is temporarily unavailable[0m
2024/11/08 10:52:44.474204 raft.go:236: [0;37m[info] 5 failed to send snapshot to 2 because snapshot is temporarily unavailable[0m
2024/11/08 10:52:44.474212 raft.go:236: [0;37m[info] 5 failed to send snapshot to 4 because snapshot is temporarily unavailable[0m
2024/11/08 10:52:44.474220 raft.go:236: [0;37m[info] 5 failed to send snapshot to 2 because snapshot is temporarily unavailable[0m
2024/11/08 10:52:44.474226 raft.go:236: [0;37m[info] 5 failed to send snapshot to 4 because snapshot is temporarily unavailable[0m
2024/11/08 10:52:44.474655 snap.go:549: [0;37m[info] region 1 scan snapshot /tmp/test-raftstore1292730875/snap/gen_1_7_188_(default|write|lock).sst, key count 88, size 2238[0m
2024/11/08 10:52:44.478869 raft.go:246: [0;37m[info] Send Snapshot[188,7] from 5 to 2[0m
2024/11/08 10:52:44.478891 peer_storage.go:182: [0;37m[info] [region 1] 5 requesting snapshot[0m
2024/11/08 10:52:44.478918 raft.go:236: [0;37m[info] 5 failed to send snapshot to 4 because snapshot is temporarily unavailable[0m
2024/11/08 10:52:44.478930 raft.go:236: [0;37m[info] 5 failed to send snapshot to 2 because snapshot is temporarily unavailable[0m
2024/11/08 10:52:44.478941 raft.go:236: [0;37m[info] 5 failed to send snapshot to 4 because snapshot is temporarily unavailable[0m
2024/11/08 10:52:44.479352 snap.go:549: [0;37m[info] region 1 scan snapshot /tmp/test-raftstore1292730875/snap/gen_1_7_190_(default|write|lock).sst, key count 89, size 2264[0m
2024/11/08 10:52:44.481066 raft.go:236: [0;37m[info] 5 failed to send snapshot to 2 because snapshot is temporarily unavailable[0m
2024/11/08 10:52:44.481099 raft.go:236: [0;37m[info] 5 failed to send snapshot to 4 because snapshot is temporarily unavailable[0m
2024/11/08 10:52:44.482894 raft.go:246: [0;37m[info] Send Snapshot[190,7] from 5 to 4[0m
2024/11/08 10:52:44.482931 peer_storage.go:182: [0;37m[info] [region 1] 5 requesting snapshot[0m
2024/11/08 10:52:44.482956 raft.go:236: [0;37m[info] 5 failed to send snapshot to 2 because snapshot is temporarily unavailable[0m
2024/11/08 10:52:44.484560 raft.go:236: [0;37m[info] 5 failed to send snapshot to 4 because snapshot is temporarily unavailable[0m
2024/11/08 10:52:44.484592 raft.go:236: [0;37m[info] 5 failed to send snapshot to 2 because snapshot is temporarily unavailable[0m
2024/11/08 10:52:44.484600 raft.go:236: [0;37m[info] 5 failed to send snapshot to 2 because snapshot is temporarily unavailable[0m
2024/11/08 10:52:44.484606 raft.go:236: [0;37m[info] 5 failed to send snapshot to 4 because snapshot is temporarily unavailable[0m
2024/11/08 10:52:44.486884 raft.go:236: [0;37m[info] 5 failed to send snapshot to 4 because snapshot is temporarily unavailable[0m
2024/11/08 10:52:44.486920 raft.go:236: [0;37m[info] 5 failed to send snapshot to 2 because snapshot is temporarily unavailable[0m
2024/11/08 10:52:44.486936 raft.go:236: [0;37m[info] 5 failed to send snapshot to 2 because snapshot is temporarily unavailable[0m
2024/11/08 10:52:44.486942 raft.go:236: [0;37m[info] 5 failed to send snapshot to 4 because snapshot is temporarily unavailable[0m
2024/11/08 10:52:44.488678 raft.go:236: [0;37m[info] 5 failed to send snapshot to 2 because snapshot is temporarily unavailable[0m
2024/11/08 10:52:44.488712 raft.go:236: [0;37m[info] 5 failed to send snapshot to 4 because snapshot is temporarily unavailable[0m
2024/11/08 10:52:44.489133 raft.go:236: [0;37m[info] 5 failed to send snapshot to 2 because snapshot is temporarily unavailable[0m
2024/11/08 10:52:44.489168 raft.go:236: [0;37m[info] 5 failed to send snapshot to 4 because snapshot is temporarily unavailable[0m
2024/11/08 10:52:44.489175 raft.go:236: [0;37m[info] 5 failed to send snapshot to 2 because snapshot is temporarily unavailable[0m
2024/11/08 10:52:44.489183 raft.go:236: [0;37m[info] 5 failed to send snapshot to 4 because snapshot is temporarily unavailable[0m
2024/11/08 10:52:44.493390 raft.go:236: [0;37m[info] 5 failed to send snapshot to 2 because snapshot is temporarily unavailable[0m
2024/11/08 10:52:44.493431 raft.go:236: [0;37m[info] 5 failed to send snapshot to 4 because snapshot is temporarily unavailable[0m
2024/11/08 10:52:44.493442 raft.go:236: [0;37m[info] 5 failed to send snapshot to 2 because snapshot is temporarily unavailable[0m
2024/11/08 10:52:44.493451 raft.go:236: [0;37m[info] 5 failed to send snapshot to 4 because snapshot is temporarily unavailable[0m
2024/11/08 10:52:44.493460 raft.go:236: [0;37m[info] 5 failed to send snapshot to 2 because snapshot is temporarily unavailable[0m
2024/11/08 10:52:44.493466 raft.go:236: [0;37m[info] 5 failed to send snapshot to 4 because snapshot is temporarily unavailable[0m
2024/11/08 10:52:44.493479 raft.go:236: [0;37m[info] 5 failed to send snapshot to 4 because snapshot is temporarily unavailable[0m
2024/11/08 10:52:44.493483 raft.go:236: [0;37m[info] 5 failed to send snapshot to 2 because snapshot is temporarily unavailable[0m
2024/11/08 10:52:44.493491 raft.go:236: [0;37m[info] 5 failed to send snapshot to 2 because snapshot is temporarily unavailable[0m
2024/11/08 10:52:44.493494 raft.go:236: [0;37m[info] 5 failed to send snapshot to 4 because snapshot is temporarily unavailable[0m
2024/11/08 10:52:44.497983 raft.go:236: [0;37m[info] 5 failed to send snapshot to 2 because snapshot is temporarily unavailable[0m
2024/11/08 10:52:44.498017 raft.go:236: [0;37m[info] 5 failed to send snapshot to 4 because snapshot is temporarily unavailable[0m
2024/11/08 10:52:44.498024 raft.go:236: [0;37m[info] 5 failed to send snapshot to 4 because snapshot is temporarily unavailable[0m
2024/11/08 10:52:44.498034 raft.go:236: [0;37m[info] 5 failed to send snapshot to 2 because snapshot is temporarily unavailable[0m
2024/11/08 10:52:44.499703 raft.go:236: [0;37m[info] 5 failed to send snapshot to 4 because snapshot is temporarily unavailable[0m
2024/11/08 10:52:44.499736 raft.go:236: [0;37m[info] 5 failed to send snapshot to 2 because snapshot is temporarily unavailable[0m
2024/11/08 10:52:44.499744 raft.go:236: [0;37m[info] 5 failed to send snapshot to 2 because snapshot is temporarily unavailable[0m
2024/11/08 10:52:44.499750 raft.go:236: [0;37m[info] 5 failed to send snapshot to 4 because snapshot is temporarily unavailable[0m
2024/11/08 10:52:44.499757 raft.go:236: [0;37m[info] 5 failed to send snapshot to 2 because snapshot is temporarily unavailable[0m
2024/11/08 10:52:44.499765 raft.go:236: [0;37m[info] 5 failed to send snapshot to 4 because snapshot is temporarily unavailable[0m
2024/11/08 10:52:44.503009 raft.go:236: [0;37m[info] 5 failed to send snapshot to 4 because snapshot is temporarily unavailable[0m
2024/11/08 10:52:44.503042 raft.go:236: [0;37m[info] 5 failed to send snapshot to 2 because snapshot is temporarily unavailable[0m
2024/11/08 10:52:44.503053 raft.go:236: [0;37m[info] 5 failed to send snapshot to 2 because snapshot is temporarily unavailable[0m
2024/11/08 10:52:44.503058 raft.go:236: [0;37m[info] 5 failed to send snapshot to 4 because snapshot is temporarily unavailable[0m
2024/11/08 10:52:44.503072 raft.go:236: [0;37m[info] 5 failed to send snapshot to 2 because snapshot is temporarily unavailable[0m
2024/11/08 10:52:44.503078 raft.go:236: [0;37m[info] 5 failed to send snapshot to 4 because snapshot is temporarily unavailable[0m
2024/11/08 10:52:44.503083 raft.go:236: [0;37m[info] 5 failed to send snapshot to 4 because snapshot is temporarily unavailable[0m
2024/11/08 10:52:44.503089 raft.go:236: [0;37m[info] 5 failed to send snapshot to 2 because snapshot is temporarily unavailable[0m
2024/11/08 10:52:44.503093 raft.go:236: [0;37m[info] 5 failed to send snapshot to 2 because snapshot is temporarily unavailable[0m
2024/11/08 10:52:44.503097 raft.go:236: [0;37m[info] 5 failed to send snapshot to 4 because snapshot is temporarily unavailable[0m
2024/11/08 10:52:44.506171 raft.go:236: [0;37m[info] 5 failed to send snapshot to 4 because snapshot is temporarily unavailable[0m
2024/11/08 10:52:44.506207 raft.go:236: [0;37m[info] 5 failed to send snapshot to 2 because snapshot is temporarily unavailable[0m
2024/11/08 10:52:44.506224 raft.go:236: [0;37m[info] 5 failed to send snapshot to 2 because snapshot is temporarily unavailable[0m
2024/11/08 10:52:44.506232 raft.go:236: [0;37m[info] 5 failed to send snapshot to 4 because snapshot is temporarily unavailable[0m
2024/11/08 10:52:44.507884 raft.go:236: [0;37m[info] 5 failed to send snapshot to 2 because snapshot is temporarily unavailable[0m
2024/11/08 10:52:44.507904 raft.go:236: [0;37m[info] 5 failed to send snapshot to 4 because snapshot is temporarily unavailable[0m
2024/11/08 10:52:44.507912 raft.go:236: [0;37m[info] 5 failed to send snapshot to 2 because snapshot is temporarily unavailable[0m
2024/11/08 10:52:44.507918 raft.go:236: [0;37m[info] 5 failed to send snapshot to 4 because snapshot is temporarily unavailable[0m
2024/11/08 10:52:44.507929 raft.go:236: [0;37m[info] 5 failed to send snapshot to 4 because snapshot is temporarily unavailable[0m
2024/11/08 10:52:44.507935 raft.go:236: [0;37m[info] 5 failed to send snapshot to 2 because snapshot is temporarily unavailable[0m
2024/11/08 10:52:44.512956 raft.go:236: [0;37m[info] 5 failed to send snapshot to 4 because snapshot is temporarily unavailable[0m
2024/11/08 10:52:44.513010 raft.go:236: [0;37m[info] 5 failed to send snapshot to 2 because snapshot is temporarily unavailable[0m
2024/11/08 10:52:44.513036 raft.go:236: [0;37m[info] 5 failed to send snapshot to 2 because snapshot is temporarily unavailable[0m
2024/11/08 10:52:44.513045 raft.go:236: [0;37m[info] 5 failed to send snapshot to 4 because snapshot is temporarily unavailable[0m
2024/11/08 10:52:44.513060 raft.go:236: [0;37m[info] 5 failed to send snapshot to 2 because snapshot is temporarily unavailable[0m
2024/11/08 10:52:44.513068 raft.go:236: [0;37m[info] 5 failed to send snapshot to 4 because snapshot is temporarily unavailable[0m
2024/11/08 10:52:44.513111 raft.go:236: [0;37m[info] 5 failed to send snapshot to 2 because snapshot is temporarily unavailable[0m
2024/11/08 10:52:44.513124 raft.go:236: [0;37m[info] 5 failed to send snapshot to 4 because snapshot is temporarily unavailable[0m
2024/11/08 10:52:44.513168 raft.go:236: [0;37m[info] 5 failed to send snapshot to 4 because snapshot is temporarily unavailable[0m
2024/11/08 10:52:44.513265 raft.go:236: [0;37m[info] 5 failed to send snapshot to 2 because snapshot is temporarily unavailable[0m
2024/11/08 10:52:44.516477 raft.go:236: [0;37m[info] 5 failed to send snapshot to 2 because snapshot is temporarily unavailable[0m
2024/11/08 10:52:44.516501 raft.go:236: [0;37m[info] 5 failed to send snapshot to 4 because snapshot is temporarily unavailable[0m
2024/11/08 10:52:44.516511 raft.go:236: [0;37m[info] 5 failed to send snapshot to 4 because snapshot is temporarily unavailable[0m
2024/11/08 10:52:44.516518 raft.go:236: [0;37m[info] 5 failed to send snapshot to 2 because snapshot is temporarily unavailable[0m
2024/11/08 10:52:44.518235 raft.go:236: [0;37m[info] 5 failed to send snapshot to 2 because snapshot is temporarily unavailable[0m
2024/11/08 10:52:44.518280 raft.go:236: [0;37m[info] 5 failed to send snapshot to 4 because snapshot is temporarily unavailable[0m
2024/11/08 10:52:44.518288 raft.go:236: [0;37m[info] 5 failed to send snapshot to 2 because snapshot is temporarily unavailable[0m
2024/11/08 10:52:44.518293 raft.go:236: [0;37m[info] 5 failed to send snapshot to 4 because snapshot is temporarily unavailable[0m
2024/11/08 10:52:44.518297 raft.go:236: [0;37m[info] 5 failed to send snapshot to 4 because snapshot is temporarily unavailable[0m
2024/11/08 10:52:44.518301 raft.go:236: [0;37m[info] 5 failed to send snapshot to 2 because snapshot is temporarily unavailable[0m
2024/11/08 10:52:44.521660 raft.go:236: [0;37m[info] 5 failed to send snapshot to 4 because snapshot is temporarily unavailable[0m
2024/11/08 10:52:44.521699 raft.go:236: [0;37m[info] 5 failed to send snapshot to 2 because snapshot is temporarily unavailable[0m
2024/11/08 10:52:44.521719 raft.go:236: [0;37m[info] 5 failed to send snapshot to 2 because snapshot is temporarily unavailable[0m
2024/11/08 10:52:44.521725 raft.go:236: [0;37m[info] 5 failed to send snapshot to 4 because snapshot is temporarily unavailable[0m
2024/11/08 10:52:44.521732 raft.go:236: [0;37m[info] 5 failed to send snapshot to 2 because snapshot is temporarily unavailable[0m
2024/11/08 10:52:44.521739 raft.go:236: [0;37m[info] 5 failed to send snapshot to 4 because snapshot is temporarily unavailable[0m
2024/11/08 10:52:44.521748 raft.go:236: [0;37m[info] 5 failed to send snapshot to 2 because snapshot is temporarily unavailable[0m
2024/11/08 10:52:44.521752 raft.go:236: [0;37m[info] 5 failed to send snapshot to 4 because snapshot is temporarily unavailable[0m
2024/11/08 10:52:44.521758 raft.go:236: [0;37m[info] 5 failed to send snapshot to 2 because snapshot is temporarily unavailable[0m
2024/11/08 10:52:44.521761 raft.go:236: [0;37m[info] 5 failed to send snapshot to 4 because snapshot is temporarily unavailable[0m
2024/11/08 10:52:44.525133 raft.go:236: [0;37m[info] 5 failed to send snapshot to 4 because snapshot is temporarily unavailable[0m
2024/11/08 10:52:44.525170 raft.go:236: [0;37m[info] 5 failed to send snapshot to 2 because snapshot is temporarily unavailable[0m
2024/11/08 10:52:44.525177 raft.go:236: [0;37m[info] 5 failed to send snapshot to 4 because snapshot is temporarily unavailable[0m
2024/11/08 10:52:44.525183 raft.go:236: [0;37m[info] 5 failed to send snapshot to 2 because snapshot is temporarily unavailable[0m
2024/11/08 10:52:44.527110 raft.go:236: [0;37m[info] 5 failed to send snapshot to 2 because snapshot is temporarily unavailable[0m
2024/11/08 10:52:44.527146 raft.go:236: [0;37m[info] 5 failed to send snapshot to 4 because snapshot is temporarily unavailable[0m
2024/11/08 10:52:44.527155 raft.go:236: [0;37m[info] 5 failed to send snapshot to 2 because snapshot is temporarily unavailable[0m
2024/11/08 10:52:44.527160 raft.go:236: [0;37m[info] 5 failed to send snapshot to 4 because snapshot is temporarily unavailable[0m
2024/11/08 10:52:44.527166 raft.go:236: [0;37m[info] 5 failed to send snapshot to 2 because snapshot is temporarily unavailable[0m
2024/11/08 10:52:44.527170 raft.go:236: [0;37m[info] 5 failed to send snapshot to 4 because snapshot is temporarily unavailable[0m
2024/11/08 10:52:44.530642 raft.go:236: [0;37m[info] 5 failed to send snapshot to 2 because snapshot is temporarily unavailable[0m
2024/11/08 10:52:44.530679 raft.go:236: [0;37m[info] 5 failed to send snapshot to 4 because snapshot is temporarily unavailable[0m
2024/11/08 10:52:44.530690 raft.go:236: [0;37m[info] 5 failed to send snapshot to 4 because snapshot is temporarily unavailable[0m
2024/11/08 10:52:44.530696 raft.go:236: [0;37m[info] 5 failed to send snapshot to 2 because snapshot is temporarily unavailable[0m
2024/11/08 10:52:44.530706 raft.go:236: [0;37m[info] 5 failed to send snapshot to 2 because snapshot is temporarily unavailable[0m
2024/11/08 10:52:44.530709 raft.go:236: [0;37m[info] 5 failed to send snapshot to 4 because snapshot is temporarily unavailable[0m
2024/11/08 10:52:44.530716 raft.go:236: [0;37m[info] 5 failed to send snapshot to 2 because snapshot is temporarily unavailable[0m
2024/11/08 10:52:44.530720 raft.go:236: [0;37m[info] 5 failed to send snapshot to 4 because snapshot is temporarily unavailable[0m
2024/11/08 10:52:44.533277 raft.go:236: [0;37m[info] 5 failed to send snapshot to 2 because snapshot is temporarily unavailable[0m
2024/11/08 10:52:44.533351 raft.go:236: [0;37m[info] 5 failed to send snapshot to 4 because snapshot is temporarily unavailable[0m
2024/11/08 10:52:44.533370 raft.go:236: [0;37m[info] 5 failed to send snapshot to 2 because snapshot is temporarily unavailable[0m
2024/11/08 10:52:44.533375 raft.go:236: [0;37m[info] 5 failed to send snapshot to 4 because snapshot is temporarily unavailable[0m
2024/11/08 10:52:44.536391 raft.go:236: [0;37m[info] 5 failed to send snapshot to 2 because snapshot is temporarily unavailable[0m
2024/11/08 10:52:44.536421 raft.go:236: [0;37m[info] 5 failed to send snapshot to 4 because snapshot is temporarily unavailable[0m
2024/11/08 10:52:44.538123 raft.go:236: [0;37m[info] 5 failed to send snapshot to 4 because snapshot is temporarily unavailable[0m
2024/11/08 10:52:44.538161 raft.go:236: [0;37m[info] 5 failed to send snapshot to 2 because snapshot is temporarily unavailable[0m
2024/11/08 10:52:44.538174 raft.go:236: [0;37m[info] 5 failed to send snapshot to 2 because snapshot is temporarily unavailable[0m
2024/11/08 10:52:44.538179 raft.go:236: [0;37m[info] 5 failed to send snapshot to 4 because snapshot is temporarily unavailable[0m
2024/11/08 10:52:44.540712 raft.go:236: [0;37m[info] 5 failed to send snapshot to 2 because snapshot is temporarily unavailable[0m
2024/11/08 10:52:44.540728 raft.go:236: [0;37m[info] 5 failed to send snapshot to 4 because snapshot is temporarily unavailable[0m
2024/11/08 10:52:44.540737 raft.go:236: [0;37m[info] 5 failed to send snapshot to 4 because snapshot is temporarily unavailable[0m
2024/11/08 10:52:44.540743 raft.go:236: [0;37m[info] 5 failed to send snapshot to 2 because snapshot is temporarily unavailable[0m
2024/11/08 10:52:44.540750 raft.go:236: [0;37m[info] 5 failed to send snapshot to 2 because snapshot is temporarily unavailable[0m
2024/11/08 10:52:44.540754 raft.go:236: [0;37m[info] 5 failed to send snapshot to 4 because snapshot is temporarily unavailable[0m
2024/11/08 10:52:44.546453 raft.go:236: [0;37m[info] 5 failed to send snapshot to 2 because snapshot is temporarily unavailable[0m
2024/11/08 10:52:44.546489 raft.go:236: [0;37m[info] 5 failed to send snapshot to 4 because snapshot is temporarily unavailable[0m
2024/11/08 10:52:44.546500 raft.go:236: [0;37m[info] 5 failed to send snapshot to 2 because snapshot is temporarily unavailable[0m
2024/11/08 10:52:44.546509 raft.go:236: [0;37m[info] 5 failed to send snapshot to 4 because snapshot is temporarily unavailable[0m
2024/11/08 10:52:44.546519 raft.go:236: [0;37m[info] 5 failed to send snapshot to 2 because snapshot is temporarily unavailable[0m
2024/11/08 10:52:44.546524 raft.go:236: [0;37m[info] 5 failed to send snapshot to 4 because snapshot is temporarily unavailable[0m
2024/11/08 10:52:44.548962 raft.go:236: [0;37m[info] 5 failed to send snapshot to 4 because snapshot is temporarily unavailable[0m
2024/11/08 10:52:44.548994 raft.go:236: [0;37m[info] 5 failed to send snapshot to 2 because snapshot is temporarily unavailable[0m
2024/11/08 10:52:44.549002 raft.go:236: [0;37m[info] 5 failed to send snapshot to 2 because snapshot is temporarily unavailable[0m
2024/11/08 10:52:44.549007 raft.go:236: [0;37m[info] 5 failed to send snapshot to 4 because snapshot is temporarily unavailable[0m
2024/11/08 10:52:44.549013 raft.go:236: [0;37m[info] 5 failed to send snapshot to 2 because snapshot is temporarily unavailable[0m
2024/11/08 10:52:44.549019 raft.go:236: [0;37m[info] 5 failed to send snapshot to 4 because snapshot is temporarily unavailable[0m
2024/11/08 10:52:44.551973 raft.go:236: [0;37m[info] 5 failed to send snapshot to 2 because snapshot is temporarily unavailable[0m
2024/11/08 10:52:44.552005 raft.go:236: [0;37m[info] 5 failed to send snapshot to 4 because snapshot is temporarily unavailable[0m
2024/11/08 10:52:44.552018 raft.go:236: [0;37m[info] 5 failed to send snapshot to 2 because snapshot is temporarily unavailable[0m
2024/11/08 10:52:44.552039 raft.go:236: [0;37m[info] 5 failed to send snapshot to 4 because snapshot is temporarily unavailable[0m
2024/11/08 10:52:44.552047 raft.go:236: [0;37m[info] 5 failed to send snapshot to 2 because snapshot is temporarily unavailable[0m
2024/11/08 10:52:44.552053 raft.go:236: [0;37m[info] 5 failed to send snapshot to 4 because snapshot is temporarily unavailable[0m
2024/11/08 10:52:44.553504 snap.go:549: [0;37m[info] region 1 scan snapshot /tmp/test-raftstore1292730875/snap/gen_1_7_191_(default|write|lock).sst, key count 90, size 2290[0m
2024/11/08 10:52:44.554681 raft.go:236: [0;37m[info] 5 failed to send snapshot to 2 because snapshot is temporarily unavailable[0m
2024/11/08 10:52:44.554711 raft.go:236: [0;37m[info] 5 failed to send snapshot to 4 because snapshot is temporarily unavailable[0m
2024/11/08 10:52:44.554725 raft.go:236: [0;37m[info] 5 failed to send snapshot to 4 because snapshot is temporarily unavailable[0m
2024/11/08 10:52:44.554733 raft.go:236: [0;37m[info] 5 failed to send snapshot to 2 because snapshot is temporarily unavailable[0m
2024/11/08 10:52:44.557604 raft.go:246: [0;37m[info] Send Snapshot[191,7] from 5 to 4[0m
2024/11/08 10:52:44.557641 peer_storage.go:182: [0;37m[info] [region 1] 5 requesting snapshot[0m
2024/11/08 10:52:44.557686 raft.go:236: [0;37m[info] 5 failed to send snapshot to 2 because snapshot is temporarily unavailable[0m
2024/11/08 10:52:44.557697 raft.go:236: [0;37m[info] 5 failed to send snapshot to 2 because snapshot is temporarily unavailable[0m
2024/11/08 10:52:44.557702 raft.go:236: [0;37m[info] 5 failed to send snapshot to 4 because snapshot is temporarily unavailable[0m
2024/11/08 10:52:44.557706 raft.go:236: [0;37m[info] 5 failed to send snapshot to 4 because snapshot is temporarily unavailable[0m
2024/11/08 10:52:44.557713 raft.go:236: [0;37m[info] 5 failed to send snapshot to 2 because snapshot is temporarily unavailable[0m
2024/11/08 10:52:44.557722 raft.go:236: [0;37m[info] 5 failed to send snapshot to 4 because snapshot is temporarily unavailable[0m
2024/11/08 10:52:44.557727 raft.go:236: [0;37m[info] 5 failed to send snapshot to 2 because snapshot is temporarily unavailable[0m
2024/11/08 10:52:44.558234 snap.go:549: [0;37m[info] region 1 scan snapshot /tmp/test-raftstore1292730875/snap/gen_1_7_227_(default|write|lock).sst, key count 110, size 2810[0m
2024/11/08 10:52:44.562824 raft.go:246: [0;37m[info] Send Snapshot[227,7] from 5 to 2[0m
2024/11/08 10:52:44.562867 peer_storage.go:182: [0;37m[info] [region 1] 5 requesting snapshot[0m
2024/11/08 10:52:44.562877 raft.go:236: [0;37m[info] 5 failed to send snapshot to 4 because snapshot is temporarily unavailable[0m
2024/11/08 10:52:44.562889 raft.go:236: [0;37m[info] 5 failed to send snapshot to 2 because snapshot is temporarily unavailable[0m
2024/11/08 10:52:44.562895 raft.go:236: [0;37m[info] 5 failed to send snapshot to 4 because snapshot is temporarily unavailable[0m
2024/11/08 10:52:44.562901 raft.go:236: [0;37m[info] 5 failed to send snapshot to 2 because snapshot is temporarily unavailable[0m
2024/11/08 10:52:44.562908 raft.go:236: [0;37m[info] 5 failed to send snapshot to 4 because snapshot is temporarily unavailable[0m
2024/11/08 10:52:44.562914 raft.go:236: [0;37m[info] 5 failed to send snapshot to 2 because snapshot is temporarily unavailable[0m
2024/11/08 10:52:44.562919 raft.go:236: [0;37m[info] 5 failed to send snapshot to 4 because snapshot is temporarily unavailable[0m
2024/11/08 10:52:44.563465 snap.go:549: [0;37m[info] region 1 scan snapshot /tmp/test-raftstore1292730875/snap/gen_1_7_230_(default|write|lock).sst, key count 111, size 2836[0m
2024/11/08 10:52:44.565958 raft.go:236: [0;37m[info] 5 failed to send snapshot to 2 because snapshot is temporarily unavailable[0m
2024/11/08 10:52:44.565991 raft.go:236: [0;37m[info] 5 failed to send snapshot to 4 because snapshot is temporarily unavailable[0m
2024/11/08 10:52:44.566044 raft.go:236: [0;37m[info] 5 failed to send snapshot to 2 because snapshot is temporarily unavailable[0m
2024/11/08 10:52:44.566058 raft.go:236: [0;37m[info] 5 failed to send snapshot to 4 because snapshot is temporarily unavailable[0m
2024/11/08 10:52:44.566069 raft.go:236: [0;37m[info] 5 failed to send snapshot to 2 because snapshot is temporarily unavailable[0m
2024/11/08 10:52:44.566093 raft.go:236: [0;37m[info] 5 failed to send snapshot to 4 because snapshot is temporarily unavailable[0m
2024/11/08 10:52:44.568456 raft.go:246: [0;37m[info] Send Snapshot[230,7] from 5 to 2[0m
2024/11/08 10:52:44.568490 peer_storage.go:182: [0;37m[info] [region 1] 5 requesting snapshot[0m
2024/11/08 10:52:44.568499 raft.go:236: [0;37m[info] 5 failed to send snapshot to 4 because snapshot is temporarily unavailable[0m
2024/11/08 10:52:44.568505 raft.go:236: [0;37m[info] 5 failed to send snapshot to 2 because snapshot is temporarily unavailable[0m
2024/11/08 10:52:44.568509 raft.go:236: [0;37m[info] 5 failed to send snapshot to 4 because snapshot is temporarily unavailable[0m
2024/11/08 10:52:44.568521 raft.go:236: [0;37m[info] 5 failed to send snapshot to 2 because snapshot is temporarily unavailable[0m
2024/11/08 10:52:44.568525 raft.go:236: [0;37m[info] 5 failed to send snapshot to 4 because snapshot is temporarily unavailable[0m
2024/11/08 10:52:44.568536 raft.go:236: [0;37m[info] 5 failed to send snapshot to 4 because snapshot is temporarily unavailable[0m
2024/11/08 10:52:44.568542 raft.go:236: [0;37m[info] 5 failed to send snapshot to 2 because snapshot is temporarily unavailable[0m
2024/11/08 10:52:44.568870 snap.go:549: [0;37m[info] region 1 scan snapshot /tmp/test-raftstore1292730875/snap/gen_1_7_232_(default|write|lock).sst, key count 113, size 2888[0m
2024/11/08 10:52:44.573811 raft.go:246: [0;37m[info] Send Snapshot[232,7] from 5 to 2[0m
2024/11/08 10:52:44.573853 peer_storage.go:182: [0;37m[info] [region 1] 5 requesting snapshot[0m
2024/11/08 10:52:44.573879 raft.go:236: [0;37m[info] 5 failed to send snapshot to 4 because snapshot is temporarily unavailable[0m
2024/11/08 10:52:44.573889 raft.go:236: [0;37m[info] 5 failed to send snapshot to 2 because snapshot is temporarily unavailable[0m
2024/11/08 10:52:44.573895 raft.go:236: [0;37m[info] 5 failed to send snapshot to 4 because snapshot is temporarily unavailable[0m
2024/11/08 10:52:44.573904 raft.go:236: [0;37m[info] 5 failed to send snapshot to 2 because snapshot is temporarily unavailable[0m
2024/11/08 10:52:44.573909 raft.go:236: [0;37m[info] 5 failed to send snapshot to 4 because snapshot is temporarily unavailable[0m
2024/11/08 10:52:44.573916 raft.go:236: [0;37m[info] 5 failed to send snapshot to 2 because snapshot is temporarily unavailable[0m
2024/11/08 10:52:44.573921 raft.go:236: [0;37m[info] 5 failed to send snapshot to 4 because snapshot is temporarily unavailable[0m
2024/11/08 10:52:44.573931 raft.go:236: [0;37m[info] 5 failed to send snapshot to 4 because snapshot is temporarily unavailable[0m
2024/11/08 10:52:44.573936 raft.go:236: [0;37m[info] 5 failed to send snapshot to 2 because snapshot is temporarily unavailable[0m
2024/11/08 10:52:44.573942 raft.go:236: [0;37m[info] 5 failed to send snapshot to 2 because snapshot is temporarily unavailable[0m
2024/11/08 10:52:44.573947 raft.go:236: [0;37m[info] 5 failed to send snapshot to 4 because snapshot is temporarily unavailable[0m
2024/11/08 10:52:44.574580 snap.go:549: [0;37m[info] region 1 scan snapshot /tmp/test-raftstore1292730875/snap/gen_1_7_235_(default|write|lock).sst, key count 113, size 2888[0m
2024/11/08 10:52:44.580444 raft.go:246: [0;37m[info] Send Snapshot[235,7] from 5 to 2[0m
2024/11/08 10:52:44.580484 peer_storage.go:182: [0;37m[info] [region 1] 5 requesting snapshot[0m
2024/11/08 10:52:44.580510 raft.go:236: [0;37m[info] 5 failed to send snapshot to 4 because snapshot is temporarily unavailable[0m
2024/11/08 10:52:44.580523 raft.go:236: [0;37m[info] 5 failed to send snapshot to 2 because snapshot is temporarily unavailable[0m
2024/11/08 10:52:44.580529 raft.go:236: [0;37m[info] 5 failed to send snapshot to 4 because snapshot is temporarily unavailable[0m
2024/11/08 10:52:44.580539 raft.go:236: [0;37m[info] 5 failed to send snapshot to 4 because snapshot is temporarily unavailable[0m
2024/11/08 10:52:44.580546 raft.go:236: [0;37m[info] 5 failed to send snapshot to 2 because snapshot is temporarily unavailable[0m
2024/11/08 10:52:44.580551 raft.go:236: [0;37m[info] 5 failed to send snapshot to 4 because snapshot is temporarily unavailable[0m
2024/11/08 10:52:44.580562 raft.go:236: [0;37m[info] 5 failed to send snapshot to 2 because snapshot is temporarily unavailable[0m
2024/11/08 10:52:44.580582 raft.go:236: [0;37m[info] 5 failed to send snapshot to 2 because snapshot is temporarily unavailable[0m
2024/11/08 10:52:44.580586 raft.go:236: [0;37m[info] 5 failed to send snapshot to 4 because snapshot is temporarily unavailable[0m
2024/11/08 10:52:44.581294 snap.go:549: [0;37m[info] region 1 scan snapshot /tmp/test-raftstore1292730875/snap/gen_1_7_238_(default|write|lock).sst, key count 114, size 2914[0m
2024/11/08 10:52:44.586264 raft.go:246: [0;37m[info] Send Snapshot[238,7] from 5 to 2[0m
2024/11/08 10:52:44.586301 peer_storage.go:182: [0;37m[info] [region 1] 5 requesting snapshot[0m
2024/11/08 10:52:44.586326 raft.go:236: [0;37m[info] 5 failed to send snapshot to 4 because snapshot is temporarily unavailable[0m
2024/11/08 10:52:44.586339 raft.go:236: [0;37m[info] 5 failed to send snapshot to 2 because snapshot is temporarily unavailable[0m
2024/11/08 10:52:44.586344 raft.go:236: [0;37m[info] 5 failed to send snapshot to 4 because snapshot is temporarily unavailable[0m
2024/11/08 10:52:44.586349 raft.go:236: [0;37m[info] 5 failed to send snapshot to 4 because snapshot is temporarily unavailable[0m
2024/11/08 10:52:44.586593 raft.go:236: [0;37m[info] 5 failed to send snapshot to 2 because snapshot is temporarily unavailable[0m
2024/11/08 10:52:44.586824 snap.go:549: [0;37m[info] region 1 scan snapshot /tmp/test-raftstore1292730875/snap/gen_1_7_241_(default|write|lock).sst, key count 115, size 2940[0m
2024/11/08 10:52:44.588857 raft.go:236: [0;37m[info] 5 failed to send snapshot to 2 because snapshot is temporarily unavailable[0m
2024/11/08 10:52:44.588894 raft.go:236: [0;37m[info] 5 failed to send snapshot to 4 because snapshot is temporarily unavailable[0m
2024/11/08 10:52:44.588904 raft.go:236: [0;37m[info] 5 failed to send snapshot to 2 because snapshot is temporarily unavailable[0m
2024/11/08 10:52:44.588910 raft.go:236: [0;37m[info] 5 failed to send snapshot to 4 because snapshot is temporarily unavailable[0m
2024/11/08 10:52:44.591398 raft.go:246: [0;37m[info] Send Snapshot[241,7] from 5 to 2[0m
2024/11/08 10:52:44.591432 peer_storage.go:182: [0;37m[info] [region 1] 5 requesting snapshot[0m
2024/11/08 10:52:44.591459 raft.go:236: [0;37m[info] 5 failed to send snapshot to 4 because snapshot is temporarily unavailable[0m
2024/11/08 10:52:44.591471 raft.go:236: [0;37m[info] 5 failed to send snapshot to 2 because snapshot is temporarily unavailable[0m
2024/11/08 10:52:44.591478 raft.go:236: [0;37m[info] 5 failed to send snapshot to 4 because snapshot is temporarily unavailable[0m
2024/11/08 10:52:44.591842 snap.go:549: [0;37m[info] region 1 scan snapshot /tmp/test-raftstore1292730875/snap/gen_1_7_243_(default|write|lock).sst, key count 116, size 2966[0m
2024/11/08 10:52:44.594871 raft.go:236: [0;37m[info] 5 failed to send snapshot to 2 because snapshot is temporarily unavailable[0m
2024/11/08 10:52:44.594908 raft.go:236: [0;37m[info] 5 failed to send snapshot to 4 because snapshot is temporarily unavailable[0m
2024/11/08 10:52:44.594919 raft.go:236: [0;37m[info] 5 failed to send snapshot to 2 because snapshot is temporarily unavailable[0m
2024/11/08 10:52:44.594925 raft.go:236: [0;37m[info] 5 failed to send snapshot to 4 because snapshot is temporarily unavailable[0m
2024/11/08 10:52:44.594931 raft.go:236: [0;37m[info] 5 failed to send snapshot to 2 because snapshot is temporarily unavailable[0m
2024/11/08 10:52:44.594935 raft.go:236: [0;37m[info] 5 failed to send snapshot to 4 because snapshot is temporarily unavailable[0m
2024/11/08 10:52:44.598342 raft.go:246: [0;37m[info] Send Snapshot[243,7] from 5 to 4[0m
2024/11/08 10:52:44.598382 peer_storage.go:182: [0;37m[info] [region 1] 5 requesting snapshot[0m
2024/11/08 10:52:44.598390 raft.go:236: [0;37m[info] 5 failed to send snapshot to 2 because snapshot is temporarily unavailable[0m
2024/11/08 10:52:44.598405 raft.go:236: [0;37m[info] 5 failed to send snapshot to 4 because snapshot is temporarily unavailable[0m
2024/11/08 10:52:44.598410 raft.go:236: [0;37m[info] 5 failed to send snapshot to 2 because snapshot is temporarily unavailable[0m
2024/11/08 10:52:44.598414 raft.go:236: [0;37m[info] 5 failed to send snapshot to 4 because snapshot is temporarily unavailable[0m
2024/11/08 10:52:44.598417 raft.go:236: [0;37m[info] 5 failed to send snapshot to 2 because snapshot is temporarily unavailable[0m
2024/11/08 10:52:44.598425 raft.go:236: [0;37m[info] 5 failed to send snapshot to 2 because snapshot is temporarily unavailable[0m
2024/11/08 10:52:44.598428 raft.go:236: [0;37m[info] 5 failed to send snapshot to 4 because snapshot is temporarily unavailable[0m
2024/11/08 10:52:44.598437 raft.go:236: [0;37m[info] 5 failed to send snapshot to 2 because snapshot is temporarily unavailable[0m
2024/11/08 10:52:44.598440 raft.go:236: [0;37m[info] 5 failed to send snapshot to 4 because snapshot is temporarily unavailable[0m
2024/11/08 10:52:44.599074 snap.go:549: [0;37m[info] region 1 scan snapshot /tmp/test-raftstore1292730875/snap/gen_1_7_246_(default|write|lock).sst, key count 118, size 3018[0m
2024/11/08 10:52:44.603269 raft.go:246: [0;37m[info] Send Snapshot[246,7] from 5 to 2[0m
2024/11/08 10:52:44.603341 peer_storage.go:182: [0;37m[info] [region 1] 5 requesting snapshot[0m
2024/11/08 10:52:44.603368 raft.go:236: [0;37m[info] 5 failed to send snapshot to 4 because snapshot is temporarily unavailable[0m
2024/11/08 10:52:44.603383 raft.go:236: [0;37m[info] 5 failed to send snapshot to 2 because snapshot is temporarily unavailable[0m
2024/11/08 10:52:44.603390 raft.go:236: [0;37m[info] 5 failed to send snapshot to 4 because snapshot is temporarily unavailable[0m
2024/11/08 10:52:44.603400 raft.go:236: [0;37m[info] 5 failed to send snapshot to 2 because snapshot is temporarily unavailable[0m
2024/11/08 10:52:44.603403 raft.go:236: [0;37m[info] 5 failed to send snapshot to 4 because snapshot is temporarily unavailable[0m
2024/11/08 10:52:44.604182 snap.go:549: [0;37m[info] region 1 scan snapshot /tmp/test-raftstore1292730875/snap/gen_1_7_248_(default|write|lock).sst, key count 120, size 3070[0m
2024/11/08 10:52:44.605827 raft.go:236: [0;37m[info] 5 failed to send snapshot to 4 because snapshot is temporarily unavailable[0m
2024/11/08 10:52:44.605862 raft.go:236: [0;37m[info] 5 failed to send snapshot to 2 because snapshot is temporarily unavailable[0m
2024/11/08 10:52:44.608314 raft.go:246: [0;37m[info] Send Snapshot[248,7] from 5 to 2[0m
2024/11/08 10:52:44.608353 peer_storage.go:182: [0;37m[info] [region 1] 5 requesting snapshot[0m
2024/11/08 10:52:44.608380 raft.go:236: [0;37m[info] 5 failed to send snapshot to 4 because snapshot is temporarily unavailable[0m
2024/11/08 10:52:44.608760 snap.go:549: [0;37m[info] region 1 scan snapshot /tmp/test-raftstore1292730875/snap/gen_1_7_249_(default|write|lock).sst, key count 120, size 3070[0m
2024/11/08 10:52:44.611775 raft.go:236: [0;37m[info] 5 failed to send snapshot to 4 because snapshot is temporarily unavailable[0m
2024/11/08 10:52:44.611805 raft.go:236: [0;37m[info] 5 failed to send snapshot to 2 because snapshot is temporarily unavailable[0m
2024/11/08 10:52:44.611811 raft.go:236: [0;37m[info] 5 failed to send snapshot to 2 because snapshot is temporarily unavailable[0m
2024/11/08 10:52:44.611816 raft.go:236: [0;37m[info] 5 failed to send snapshot to 4 because snapshot is temporarily unavailable[0m
2024/11/08 10:52:44.611831 raft.go:236: [0;37m[info] 5 failed to send snapshot to 2 because snapshot is temporarily unavailable[0m
2024/11/08 10:52:44.611835 raft.go:236: [0;37m[info] 5 failed to send snapshot to 4 because snapshot is temporarily unavailable[0m
2024/11/08 10:52:44.611841 raft.go:236: [0;37m[info] 5 failed to send snapshot to 2 because snapshot is temporarily unavailable[0m
2024/11/08 10:52:44.611846 raft.go:236: [0;37m[info] 5 failed to send snapshot to 4 because snapshot is temporarily unavailable[0m
2024/11/08 10:52:44.611850 raft.go:236: [0;37m[info] 5 failed to send snapshot to 4 because snapshot is temporarily unavailable[0m
2024/11/08 10:52:44.611853 raft.go:236: [0;37m[info] 5 failed to send snapshot to 2 because snapshot is temporarily unavailable[0m
2024/11/08 10:52:44.615994 raft.go:246: [0;37m[info] Send Snapshot[249,7] from 5 to 2[0m
2024/11/08 10:52:44.616030 peer_storage.go:182: [0;37m[info] [region 1] 5 requesting snapshot[0m
2024/11/08 10:52:44.616039 raft.go:236: [0;37m[info] 5 failed to send snapshot to 4 because snapshot is temporarily unavailable[0m
2024/11/08 10:52:44.616048 raft.go:236: [0;37m[info] 5 failed to send snapshot to 2 because snapshot is temporarily unavailable[0m
2024/11/08 10:52:44.616054 raft.go:236: [0;37m[info] 5 failed to send snapshot to 4 because snapshot is temporarily unavailable[0m
2024/11/08 10:52:44.616063 raft.go:236: [0;37m[info] 5 failed to send snapshot to 2 because snapshot is temporarily unavailable[0m
2024/11/08 10:52:44.616069 raft.go:236: [0;37m[info] 5 failed to send snapshot to 4 because snapshot is temporarily unavailable[0m
2024/11/08 10:52:44.616074 raft.go:236: [0;37m[info] 5 failed to send snapshot to 2 because snapshot is temporarily unavailable[0m
2024/11/08 10:52:44.616079 raft.go:236: [0;37m[info] 5 failed to send snapshot to 4 because snapshot is temporarily unavailable[0m
2024/11/08 10:52:44.616885 snap.go:549: [0;37m[info] region 1 scan snapshot /tmp/test-raftstore1292730875/snap/gen_1_7_254_(default|write|lock).sst, key count 123, size 3148[0m
2024/11/08 10:52:44.618761 raft.go:236: [0;37m[info] 5 failed to send snapshot to 2 because snapshot is temporarily unavailable[0m
2024/11/08 10:52:44.618794 raft.go:236: [0;37m[info] 5 failed to send snapshot to 4 because snapshot is temporarily unavailable[0m
2024/11/08 10:52:44.620266 raft.go:246: [0;37m[info] Send Snapshot[254,7] from 5 to 2[0m
2024/11/08 10:52:44.620316 peer_storage.go:182: [0;37m[info] [region 1] 5 requesting snapshot[0m
2024/11/08 10:52:44.620342 raft.go:236: [0;37m[info] 5 failed to send snapshot to 4 because snapshot is temporarily unavailable[0m
2024/11/08 10:52:44.620351 raft.go:236: [0;37m[info] 5 failed to send snapshot to 2 because snapshot is temporarily unavailable[0m
2024/11/08 10:52:44.620356 raft.go:236: [0;37m[info] 5 failed to send snapshot to 4 because snapshot is temporarily unavailable[0m
2024/11/08 10:52:44.620360 raft.go:236: [0;37m[info] 5 failed to send snapshot to 4 because snapshot is temporarily unavailable[0m
2024/11/08 10:52:44.620365 raft.go:236: [0;37m[info] 5 failed to send snapshot to 2 because snapshot is temporarily unavailable[0m
2024/11/08 10:52:44.620705 snap.go:549: [0;37m[info] region 1 scan snapshot /tmp/test-raftstore1292730875/snap/gen_1_7_255_(default|write|lock).sst, key count 123, size 3148[0m
2024/11/08 10:52:44.624619 raft.go:246: [0;37m[info] Send Snapshot[255,7] from 5 to 2[0m
2024/11/08 10:52:44.624696 peer_storage.go:182: [0;37m[info] [region 1] 5 requesting snapshot[0m
2024/11/08 10:52:44.624709 raft.go:236: [0;37m[info] 5 failed to send snapshot to 4 because snapshot is temporarily unavailable[0m
2024/11/08 10:52:44.624727 raft.go:236: [0;37m[info] 5 failed to send snapshot to 2 because snapshot is temporarily unavailable[0m
2024/11/08 10:52:44.624737 raft.go:236: [0;37m[info] 5 failed to send snapshot to 4 because snapshot is temporarily unavailable[0m
2024/11/08 10:52:44.624749 raft.go:236: [0;37m[info] 5 failed to send snapshot to 4 because snapshot is temporarily unavailable[0m
2024/11/08 10:52:44.624754 raft.go:236: [0;37m[info] 5 failed to send snapshot to 2 because snapshot is temporarily unavailable[0m
2024/11/08 10:52:44.624763 raft.go:236: [0;37m[info] 5 failed to send snapshot to 2 because snapshot is temporarily unavailable[0m
2024/11/08 10:52:44.624801 raft.go:236: [0;37m[info] 5 failed to send snapshot to 4 because snapshot is temporarily unavailable[0m
2024/11/08 10:52:44.624820 raft.go:236: [0;37m[info] 5 failed to send snapshot to 2 because snapshot is temporarily unavailable[0m
2024/11/08 10:52:44.624826 raft.go:236: [0;37m[info] 5 failed to send snapshot to 4 because snapshot is temporarily unavailable[0m
2024/11/08 10:52:44.625306 snap.go:549: [0;37m[info] region 1 scan snapshot /tmp/test-raftstore1292730875/snap/gen_1_7_259_(default|write|lock).sst, key count 124, size 3174[0m
2024/11/08 10:52:44.628084 raft.go:246: [0;37m[info] Send Snapshot[259,7] from 5 to 2[0m
2024/11/08 10:52:44.628124 peer_storage.go:182: [0;37m[info] [region 1] 5 requesting snapshot[0m
2024/11/08 10:52:44.628149 raft.go:236: [0;37m[info] 5 failed to send snapshot to 4 because snapshot is temporarily unavailable[0m
2024/11/08 10:52:44.628504 snap.go:549: [0;37m[info] region 1 scan snapshot /tmp/test-raftstore1292730875/snap/gen_1_7_260_(default|write|lock).sst, key count 125, size 3200[0m
2024/11/08 10:52:44.629906 raft.go:236: [0;37m[info] 5 failed to send snapshot to 2 because snapshot is temporarily unavailable[0m
2024/11/08 10:52:44.629939 raft.go:236: [0;37m[info] 5 failed to send snapshot to 4 because snapshot is temporarily unavailable[0m
2024/11/08 10:52:44.629947 raft.go:236: [0;37m[info] 5 failed to send snapshot to 2 because snapshot is temporarily unavailable[0m
2024/11/08 10:52:44.629984 raft.go:236: [0;37m[info] 5 failed to send snapshot to 4 because snapshot is temporarily unavailable[0m
2024/11/08 10:52:44.629995 raft.go:236: [0;37m[info] 5 failed to send snapshot to 4 because snapshot is temporarily unavailable[0m
2024/11/08 10:52:44.630000 raft.go:236: [0;37m[info] 5 failed to send snapshot to 2 because snapshot is temporarily unavailable[0m
2024/11/08 10:52:44.630009 raft.go:236: [0;37m[info] 5 failed to send snapshot to 2 because snapshot is temporarily unavailable[0m
2024/11/08 10:52:44.630014 raft.go:236: [0;37m[info] 5 failed to send snapshot to 4 because snapshot is temporarily unavailable[0m
2024/11/08 10:52:44.634254 raft.go:246: [0;37m[info] Send Snapshot[260,7] from 5 to 2[0m
2024/11/08 10:52:44.634309 peer_storage.go:182: [0;37m[info] [region 1] 5 requesting snapshot[0m
2024/11/08 10:52:44.634353 raft.go:236: [0;37m[info] 5 failed to send snapshot to 4 because snapshot is temporarily unavailable[0m
2024/11/08 10:52:44.634443 raft.go:236: [0;37m[info] 5 failed to send snapshot to 4 because snapshot is temporarily unavailable[0m
2024/11/08 10:52:44.634453 raft.go:236: [0;37m[info] 5 failed to send snapshot to 2 because snapshot is temporarily unavailable[0m
2024/11/08 10:52:44.634469 raft.go:236: [0;37m[info] 5 failed to send snapshot to 2 because snapshot is temporarily unavailable[0m
2024/11/08 10:52:44.634473 raft.go:236: [0;37m[info] 5 failed to send snapshot to 4 because snapshot is temporarily unavailable[0m
2024/11/08 10:52:44.634478 raft.go:236: [0;37m[info] 5 failed to send snapshot to 2 because snapshot is temporarily unavailable[0m
2024/11/08 10:52:44.634484 raft.go:236: [0;37m[info] 5 failed to send snapshot to 4 because snapshot is temporarily unavailable[0m
2024/11/08 10:52:44.634495 raft.go:236: [0;37m[info] 5 failed to send snapshot to 2 because snapshot is temporarily unavailable[0m
2024/11/08 10:52:44.634499 raft.go:236: [0;37m[info] 5 failed to send snapshot to 4 because snapshot is temporarily unavailable[0m
2024/11/08 10:52:44.635268 snap.go:549: [0;37m[info] region 1 scan snapshot /tmp/test-raftstore1292730875/snap/gen_1_7_264_(default|write|lock).sst, key count 125, size 3200[0m
2024/11/08 10:52:44.637044 raft.go:236: [0;37m[info] 5 failed to send snapshot to 2 because snapshot is temporarily unavailable[0m
2024/11/08 10:52:44.637077 raft.go:236: [0;37m[info] 5 failed to send snapshot to 4 because snapshot is temporarily unavailable[0m
2024/11/08 10:52:44.639662 raft.go:246: [0;37m[info] Send Snapshot[264,7] from 5 to 2[0m
2024/11/08 10:52:44.639694 peer_storage.go:182: [0;37m[info] [region 1] 5 requesting snapshot[0m
2024/11/08 10:52:44.639719 raft.go:236: [0;37m[info] 5 failed to send snapshot to 4 because snapshot is temporarily unavailable[0m
2024/11/08 10:52:44.639727 raft.go:236: [0;37m[info] 5 failed to send snapshot to 4 because snapshot is temporarily unavailable[0m
2024/11/08 10:52:44.639736 raft.go:236: [0;37m[info] 5 failed to send snapshot to 2 because snapshot is temporarily unavailable[0m
2024/11/08 10:52:44.639744 raft.go:236: [0;37m[info] 5 failed to send snapshot to 2 because snapshot is temporarily unavailable[0m
2024/11/08 10:52:44.639748 raft.go:236: [0;37m[info] 5 failed to send snapshot to 4 because snapshot is temporarily unavailable[0m
2024/11/08 10:52:44.640174 snap.go:549: [0;37m[info] region 1 scan snapshot /tmp/test-raftstore1292730875/snap/gen_1_7_265_(default|write|lock).sst, key count 126, size 3226[0m
2024/11/08 10:52:44.644260 raft.go:246: [0;37m[info] Send Snapshot[265,7] from 5 to 2[0m
2024/11/08 10:52:44.644335 peer_storage.go:182: [0;37m[info] [region 1] 5 requesting snapshot[0m
2024/11/08 10:52:44.644350 raft.go:236: [0;37m[info] 5 failed to send snapshot to 4 because snapshot is temporarily unavailable[0m
2024/11/08 10:52:44.644368 raft.go:236: [0;37m[info] 5 failed to send snapshot to 4 because snapshot is temporarily unavailable[0m
2024/11/08 10:52:44.644381 raft.go:236: [0;37m[info] 5 failed to send snapshot to 2 because snapshot is temporarily unavailable[0m
2024/11/08 10:52:44.644397 raft.go:236: [0;37m[info] 5 failed to send snapshot to 2 because snapshot is temporarily unavailable[0m
2024/11/08 10:52:44.644402 raft.go:236: [0;37m[info] 5 failed to send snapshot to 4 because snapshot is temporarily unavailable[0m
2024/11/08 10:52:44.645098 snap.go:549: [0;37m[info] region 1 scan snapshot /tmp/test-raftstore1292730875/snap/gen_1_7_268_(default|write|lock).sst, key count 127, size 3252[0m
2024/11/08 10:52:44.646376 raft.go:236: [0;37m[info] 5 failed to send snapshot to 4 because snapshot is temporarily unavailable[0m
2024/11/08 10:52:44.646416 raft.go:236: [0;37m[info] 5 failed to send snapshot to 2 because snapshot is temporarily unavailable[0m
2024/11/08 10:52:44.651090 raft.go:246: [0;37m[info] Send Snapshot[268,7] from 5 to 2[0m
2024/11/08 10:52:44.651123 peer_storage.go:182: [0;37m[info] [region 1] 5 requesting snapshot[0m
2024/11/08 10:52:44.651132 raft.go:236: [0;37m[info] 5 failed to send snapshot to 4 because snapshot is temporarily unavailable[0m
2024/11/08 10:52:44.651148 raft.go:236: [0;37m[info] 5 failed to send snapshot to 2 because snapshot is temporarily unavailable[0m
2024/11/08 10:52:44.651152 raft.go:236: [0;37m[info] 5 failed to send snapshot to 4 because snapshot is temporarily unavailable[0m
2024/11/08 10:52:44.651156 raft.go:236: [0;37m[info] 5 failed to send snapshot to 2 because snapshot is temporarily unavailable[0m
2024/11/08 10:52:44.651159 raft.go:236: [0;37m[info] 5 failed to send snapshot to 4 because snapshot is temporarily unavailable[0m
2024/11/08 10:52:44.651187 raft.go:236: [0;37m[info] 5 failed to send snapshot to 2 because snapshot is temporarily unavailable[0m
2024/11/08 10:52:44.651191 raft.go:236: [0;37m[info] 5 failed to send snapshot to 4 because snapshot is temporarily unavailable[0m
2024/11/08 10:52:44.651198 raft.go:236: [0;37m[info] 5 failed to send snapshot to 2 because snapshot is temporarily unavailable[0m
2024/11/08 10:52:44.651202 raft.go:236: [0;37m[info] 5 failed to send snapshot to 4 because snapshot is temporarily unavailable[0m
2024/11/08 10:52:44.651833 snap.go:549: [0;37m[info] region 1 scan snapshot /tmp/test-raftstore1292730875/snap/gen_1_7_270_(default|write|lock).sst, key count 129, size 3304[0m
2024/11/08 10:52:44.655820 raft.go:246: [0;37m[info] Send Snapshot[270,7] from 5 to 2[0m
2024/11/08 10:52:44.655856 peer_storage.go:182: [0;37m[info] [region 1] 5 requesting snapshot[0m
2024/11/08 10:52:44.655866 raft.go:236: [0;37m[info] 5 failed to send snapshot to 4 because snapshot is temporarily unavailable[0m
2024/11/08 10:52:44.655879 raft.go:236: [0;37m[info] 5 failed to send snapshot to 2 because snapshot is temporarily unavailable[0m
2024/11/08 10:52:44.655886 raft.go:236: [0;37m[info] 5 failed to send snapshot to 4 because snapshot is temporarily unavailable[0m
2024/11/08 10:52:44.655895 raft.go:236: [0;37m[info] 5 failed to send snapshot to 2 because snapshot is temporarily unavailable[0m
2024/11/08 10:52:44.655901 raft.go:236: [0;37m[info] 5 failed to send snapshot to 4 because snapshot is temporarily unavailable[0m
2024/11/08 10:52:44.656426 snap.go:549: [0;37m[info] region 1 scan snapshot /tmp/test-raftstore1292730875/snap/gen_1_7_273_(default|write|lock).sst, key count 130, size 3330[0m
2024/11/08 10:52:44.658196 raft.go:236: [0;37m[info] 5 failed to send snapshot to 2 because snapshot is temporarily unavailable[0m
2024/11/08 10:52:44.658232 raft.go:236: [0;37m[info] 5 failed to send snapshot to 4 because snapshot is temporarily unavailable[0m
2024/11/08 10:52:44.660536 raft.go:246: [0;37m[info] Send Snapshot[273,7] from 5 to 2[0m
2024/11/08 10:52:44.660594 peer_storage.go:182: [0;37m[info] [region 1] 5 requesting snapshot[0m
2024/11/08 10:52:44.660608 raft.go:236: [0;37m[info] 5 failed to send snapshot to 4 because snapshot is temporarily unavailable[0m
2024/11/08 10:52:44.660628 raft.go:236: [0;37m[info] 5 failed to send snapshot to 2 because snapshot is temporarily unavailable[0m
2024/11/08 10:52:44.660634 raft.go:236: [0;37m[info] 5 failed to send snapshot to 4 because snapshot is temporarily unavailable[0m
2024/11/08 10:52:44.660682 raft.go:236: [0;37m[info] 5 failed to send snapshot to 2 because snapshot is temporarily unavailable[0m
2024/11/08 10:52:44.660688 raft.go:236: [0;37m[info] 5 failed to send snapshot to 4 because snapshot is temporarily unavailable[0m
2024/11/08 10:52:44.661141 snap.go:549: [0;37m[info] region 1 scan snapshot /tmp/test-raftstore1292730875/snap/gen_1_7_274_(default|write|lock).sst, key count 130, size 3330[0m
2024/11/08 10:52:44.665811 raft.go:246: [0;37m[info] Send Snapshot[274,7] from 5 to 2[0m
2024/11/08 10:52:44.665847 peer_storage.go:182: [0;37m[info] [region 1] 5 requesting snapshot[0m
2024/11/08 10:52:44.665856 raft.go:236: [0;37m[info] 5 failed to send snapshot to 4 because snapshot is temporarily unavailable[0m
2024/11/08 10:52:44.665868 raft.go:236: [0;37m[info] 5 failed to send snapshot to 4 because snapshot is temporarily unavailable[0m
2024/11/08 10:52:44.665873 raft.go:236: [0;37m[info] 5 failed to send snapshot to 2 because snapshot is temporarily unavailable[0m
2024/11/08 10:52:44.665879 raft.go:236: [0;37m[info] 5 failed to send snapshot to 2 because snapshot is temporarily unavailable[0m
2024/11/08 10:52:44.665884 raft.go:236: [0;37m[info] 5 failed to send snapshot to 4 because snapshot is temporarily unavailable[0m
2024/11/08 10:52:44.665889 raft.go:236: [0;37m[info] 5 failed to send snapshot to 2 because snapshot is temporarily unavailable[0m
2024/11/08 10:52:44.665893 raft.go:236: [0;37m[info] 5 failed to send snapshot to 4 because snapshot is temporarily unavailable[0m
2024/11/08 10:52:44.665899 raft.go:236: [0;37m[info] 5 failed to send snapshot to 2 because snapshot is temporarily unavailable[0m
2024/11/08 10:52:44.665903 raft.go:236: [0;37m[info] 5 failed to send snapshot to 4 because snapshot is temporarily unavailable[0m
2024/11/08 10:52:44.666353 snap.go:549: [0;37m[info] region 1 scan snapshot /tmp/test-raftstore1292730875/snap/gen_1_7_278_(default|write|lock).sst, key count 132, size 3382[0m
2024/11/08 10:52:44.668557 raft.go:236: [0;37m[info] 5 failed to send snapshot to 2 because snapshot is temporarily unavailable[0m
2024/11/08 10:52:44.668589 raft.go:236: [0;37m[info] 5 failed to send snapshot to 4 because snapshot is temporarily unavailable[0m
2024/11/08 10:52:44.670251 raft.go:246: [0;37m[info] Send Snapshot[278,7] from 5 to 2[0m
2024/11/08 10:52:44.670284 peer_storage.go:182: [0;37m[info] [region 1] 5 requesting snapshot[0m
2024/11/08 10:52:44.670312 raft.go:236: [0;37m[info] 5 failed to send snapshot to 4 because snapshot is temporarily unavailable[0m
2024/11/08 10:52:44.670746 snap.go:549: [0;37m[info] region 1 scan snapshot /tmp/test-raftstore1292730875/snap/gen_1_7_279_(default|write|lock).sst, key count 133, size 3408[0m
2024/11/08 10:52:44.672195 raft.go:236: [0;37m[info] 5 failed to send snapshot to 2 because snapshot is temporarily unavailable[0m
2024/11/08 10:52:44.672228 raft.go:236: [0;37m[info] 5 failed to send snapshot to 4 because snapshot is temporarily unavailable[0m
2024/11/08 10:52:44.675233 raft.go:246: [0;37m[info] Send Snapshot[279,7] from 5 to 2[0m
2024/11/08 10:52:44.675272 peer_storage.go:182: [0;37m[info] [region 1] 5 requesting snapshot[0m
2024/11/08 10:52:44.675283 raft.go:236: [0;37m[info] 5 failed to send snapshot to 4 because snapshot is temporarily unavailable[0m
2024/11/08 10:52:44.675292 raft.go:236: [0;37m[info] 5 failed to send snapshot to 2 because snapshot is temporarily unavailable[0m
2024/11/08 10:52:44.675297 raft.go:236: [0;37m[info] 5 failed to send snapshot to 4 because snapshot is temporarily unavailable[0m
2024/11/08 10:52:44.675304 raft.go:236: [0;37m[info] 5 failed to send snapshot to 2 because snapshot is temporarily unavailable[0m
2024/11/08 10:52:44.675308 raft.go:236: [0;37m[info] 5 failed to send snapshot to 4 because snapshot is temporarily unavailable[0m
2024/11/08 10:52:44.675312 raft.go:236: [0;37m[info] 5 failed to send snapshot to 4 because snapshot is temporarily unavailable[0m
2024/11/08 10:52:44.675317 raft.go:236: [0;37m[info] 5 failed to send snapshot to 2 because snapshot is temporarily unavailable[0m
2024/11/08 10:52:44.675751 snap.go:549: [0;37m[info] region 1 scan snapshot /tmp/test-raftstore1292730875/snap/gen_1_7_280_(default|write|lock).sst, key count 133, size 3408[0m
2024/11/08 10:52:44.680561 raft.go:246: [0;37m[info] Send Snapshot[280,7] from 5 to 4[0m
2024/11/08 10:52:44.680597 peer_storage.go:182: [0;37m[info] [region 1] 5 requesting snapshot[0m
2024/11/08 10:52:44.680621 raft.go:236: [0;37m[info] 5 failed to send snapshot to 2 because snapshot is temporarily unavailable[0m
2024/11/08 10:52:44.680636 raft.go:236: [0;37m[info] 5 failed to send snapshot to 2 because snapshot is temporarily unavailable[0m
2024/11/08 10:52:44.680643 raft.go:236: [0;37m[info] 5 failed to send snapshot to 4 because snapshot is temporarily unavailable[0m
2024/11/08 10:52:44.680648 raft.go:236: [0;37m[info] 5 failed to send snapshot to 4 because snapshot is temporarily unavailable[0m
2024/11/08 10:52:44.680654 raft.go:236: [0;37m[info] 5 failed to send snapshot to 2 because snapshot is temporarily unavailable[0m
2024/11/08 10:52:44.680658 raft.go:236: [0;37m[info] 5 failed to send snapshot to 2 because snapshot is temporarily unavailable[0m
2024/11/08 10:52:44.680662 raft.go:236: [0;37m[info] 5 failed to send snapshot to 4 because snapshot is temporarily unavailable[0m
2024/11/08 10:52:44.680669 raft.go:236: [0;37m[info] 5 failed to send snapshot to 2 because snapshot is temporarily unavailable[0m
2024/11/08 10:52:44.680673 raft.go:236: [0;37m[info] 5 failed to send snapshot to 4 because snapshot is temporarily unavailable[0m
2024/11/08 10:52:44.680978 snap.go:549: [0;37m[info] region 1 scan snapshot /tmp/test-raftstore1292730875/snap/gen_1_7_284_(default|write|lock).sst, key count 134, size 3434[0m
2024/11/08 10:52:44.683426 raft.go:246: [0;37m[info] Send Snapshot[284,7] from 5 to 2[0m
2024/11/08 10:52:44.683460 peer_storage.go:182: [0;37m[info] [region 1] 5 requesting snapshot[0m
2024/11/08 10:52:44.683468 raft.go:236: [0;37m[info] 5 failed to send snapshot to 4 because snapshot is temporarily unavailable[0m
2024/11/08 10:52:44.684159 snap.go:549: [0;37m[info] region 1 scan snapshot /tmp/test-raftstore1292730875/snap/gen_1_7_285_(default|write|lock).sst, key count 134, size 3434[0m
2024/11/08 10:52:44.685384 raft.go:236: [0;37m[info] 5 failed to send snapshot to 2 because snapshot is temporarily unavailable[0m
2024/11/08 10:52:44.685415 raft.go:236: [0;37m[info] 5 failed to send snapshot to 4 because snapshot is temporarily unavailable[0m
2024/11/08 10:52:44.685788 raft.go:236: [0;37m[info] 5 failed to send snapshot to 2 because snapshot is temporarily unavailable[0m
2024/11/08 10:52:44.685815 raft.go:236: [0;37m[info] 5 failed to send snapshot to 4 because snapshot is temporarily unavailable[0m
2024/11/08 10:52:44.685823 raft.go:236: [0;37m[info] 5 failed to send snapshot to 2 because snapshot is temporarily unavailable[0m
2024/11/08 10:52:44.685829 raft.go:236: [0;37m[info] 5 failed to send snapshot to 4 because snapshot is temporarily unavailable[0m
2024/11/08 10:52:44.690197 raft.go:246: [0;37m[info] Send Snapshot[285,7] from 5 to 2[0m
2024/11/08 10:52:44.690248 peer_storage.go:182: [0;37m[info] [region 1] 5 requesting snapshot[0m
2024/11/08 10:52:44.690392 raft.go:236: [0;37m[info] 5 failed to send snapshot to 4 because snapshot is temporarily unavailable[0m
2024/11/08 10:52:44.690434 raft.go:236: [0;37m[info] 5 failed to send snapshot to 2 because snapshot is temporarily unavailable[0m
2024/11/08 10:52:44.690448 raft.go:236: [0;37m[info] 5 failed to send snapshot to 4 because snapshot is temporarily unavailable[0m
2024/11/08 10:52:44.690453 raft.go:236: [0;37m[info] 5 failed to send snapshot to 2 because snapshot is temporarily unavailable[0m
2024/11/08 10:52:44.690456 raft.go:236: [0;37m[info] 5 failed to send snapshot to 4 because snapshot is temporarily unavailable[0m
2024/11/08 10:52:44.690467 raft.go:236: [0;37m[info] 5 failed to send snapshot to 4 because snapshot is temporarily unavailable[0m
2024/11/08 10:52:44.690470 raft.go:236: [0;37m[info] 5 failed to send snapshot to 2 because snapshot is temporarily unavailable[0m
2024/11/08 10:52:44.696618 raft.go:236: [0;37m[info] 5 failed to send snapshot to 2 because snapshot is temporarily unavailable[0m
2024/11/08 10:52:44.696664 raft.go:236: [0;37m[info] 5 failed to send snapshot to 4 because snapshot is temporarily unavailable[0m
2024/11/08 10:52:44.696676 raft.go:236: [0;37m[info] 5 failed to send snapshot to 2 because snapshot is temporarily unavailable[0m
2024/11/08 10:52:44.696683 raft.go:236: [0;37m[info] 5 failed to send snapshot to 4 because snapshot is temporarily unavailable[0m
2024/11/08 10:52:44.696688 raft.go:236: [0;37m[info] 5 failed to send snapshot to 4 because snapshot is temporarily unavailable[0m
2024/11/08 10:52:44.696692 raft.go:236: [0;37m[info] 5 failed to send snapshot to 2 because snapshot is temporarily unavailable[0m
2024/11/08 10:52:44.696698 raft.go:236: [0;37m[info] 5 failed to send snapshot to 4 because snapshot is temporarily unavailable[0m
2024/11/08 10:52:44.696700 raft.go:236: [0;37m[info] 5 failed to send snapshot to 2 because snapshot is temporarily unavailable[0m
2024/11/08 10:52:44.696717 raft.go:236: [0;37m[info] 5 failed to send snapshot to 4 because snapshot is temporarily unavailable[0m
2024/11/08 10:52:44.696721 raft.go:236: [0;37m[info] 5 failed to send snapshot to 2 because snapshot is temporarily unavailable[0m
2024/11/08 10:52:44.699400 test_test.go:104: [0;37m[info] partition: [1 2], [3 4 5][0m
2024/11/08 10:52:44.700867 raft.go:236: [0;37m[info] 5 failed to send snapshot to 2 because snapshot is temporarily unavailable[0m
2024/11/08 10:52:44.700901 raft.go:236: [0;37m[info] 5 failed to send snapshot to 4 because snapshot is temporarily unavailable[0m
2024/11/08 10:52:44.700949 raft.go:236: [0;37m[info] 5 failed to send snapshot to 2 because snapshot is temporarily unavailable[0m
2024/11/08 10:52:44.700959 raft.go:236: [0;37m[info] 5 failed to send snapshot to 4 because snapshot is temporarily unavailable[0m
2024/11/08 10:52:44.700969 raft.go:236: [0;37m[info] 5 failed to send snapshot to 4 because snapshot is temporarily unavailable[0m
2024/11/08 10:52:44.700980 raft.go:236: [0;37m[info] 5 failed to send snapshot to 2 because snapshot is temporarily unavailable[0m
2024/11/08 10:52:44.715435 raft.go:236: [0;37m[info] 5 failed to send snapshot to 4 because snapshot is temporarily unavailable[0m
2024/11/08 10:52:44.733776 snap.go:549: [0;37m[info] region 1 scan snapshot /tmp/test-raftstore1292730875/snap/gen_1_7_288_(default|write|lock).sst, key count 135, size 3460[0m
2024/11/08 10:52:44.816880 raft.go:246: [0;37m[info] Send Snapshot[288,7] from 5 to 4[0m
2024/11/08 10:52:44.820809 raft.go:745: [0;37m[info] 4 [commit: 288] restored snapshot [index: 288, term: 7][0m
2024/11/08 10:52:44.820852 peer_storage.go:338: [0;37m[info] [region 1] 4 begin to apply snapshot[0m
2024/11/08 10:52:44.820887 peer_storage.go:298: [0;37m[info] [region 1] clear peer 1 meta key 1 apply key 1 raft key and 61 raft logs, takes 21.02µs[0m
2024/11/08 10:52:44.820942 region_task.go:93: [0;37m[info] begin apply snap data. [regionId: 1][0m
2024/11/08 10:52:44.823098 region_task.go:137: [0;37m[info] succeed in deleting data in range. [regionId: 1, startKey: , endKey: ][0m
2024/11/08 10:52:44.838019 snap.go:700: [0;37m[info] apply snapshot ingested 1 tables[0m
2024/11/08 10:52:44.838084 region_task.go:117: [0;37m[info] applying new data. [regionId: 1, timeTakes: 14.893277ms][0m
2024/11/08 10:52:44.841718 rawnode.go:255: [0;37m[info] Call Advance, Snap is not empty[0m
2024/11/08 10:52:44.841759 log.go:448: [0;37m[info] Ready snap index is 288, PendingSnapshot is 288[0m
2024/11/08 10:52:44.841767 log.go:452: [0;37m[info] Stable Snap to 288, now Snap is nil[0m
2024/11/08 10:52:45.126427 peer_storage.go:182: [0;37m[info] [region 1] 5 requesting snapshot[0m
2024/11/08 10:52:45.126500 raft.go:236: [0;37m[info] 5 failed to send snapshot to 2 because snapshot is temporarily unavailable[0m
2024/11/08 10:52:45.127153 snap.go:549: [0;37m[info] region 1 scan snapshot /tmp/test-raftstore1292730875/snap/gen_1_7_293_(default|write|lock).sst, key count 136, size 3486[0m
2024/11/08 10:52:45.134757 raft.go:246: [0;37m[info] Send Snapshot[293,7] from 5 to 2[0m
2024/11/08 10:52:45.135283 peer_storage.go:182: [0;37m[info] [region 1] 5 requesting snapshot[0m
2024/11/08 10:52:45.135333 raft.go:236: [0;37m[info] 5 failed to send snapshot to 2 because snapshot is temporarily unavailable[0m
2024/11/08 10:52:45.135350 raft.go:236: [0;37m[info] 5 failed to send snapshot to 2 because snapshot is temporarily unavailable[0m
2024/11/08 10:52:45.135361 raft.go:236: [0;37m[info] 5 failed to send snapshot to 2 because snapshot is temporarily unavailable[0m
2024/11/08 10:52:45.135373 raft.go:236: [0;37m[info] 5 failed to send snapshot to 2 because snapshot is temporarily unavailable[0m
2024/11/08 10:52:45.135763 snap.go:549: [0;37m[info] region 1 scan snapshot /tmp/test-raftstore1292730875/snap/gen_1_7_298_(default|write|lock).sst, key count 139, size 3564[0m
2024/11/08 10:52:45.141994 raft.go:246: [0;37m[info] Send Snapshot[298,7] from 5 to 2[0m
2024/11/08 10:52:45.142114 peer_storage.go:182: [0;37m[info] [region 1] 5 requesting snapshot[0m
2024/11/08 10:52:45.142135 raft.go:236: [0;37m[info] 5 failed to send snapshot to 2 because snapshot is temporarily unavailable[0m
2024/11/08 10:52:45.149680 raft.go:246: [0;37m[info] Send Snapshot[298,7] from 5 to 2[0m
2024/11/08 10:52:45.149746 peer_storage.go:182: [0;37m[info] [region 1] 5 requesting snapshot[0m
2024/11/08 10:52:45.149757 raft.go:236: [0;37m[info] 5 failed to send snapshot to 2 because snapshot is temporarily unavailable[0m
2024/11/08 10:52:45.149777 raft.go:236: [0;37m[info] 5 failed to send snapshot to 2 because snapshot is temporarily unavailable[0m
2024/11/08 10:52:45.149786 raft.go:236: [0;37m[info] 5 failed to send snapshot to 2 because snapshot is temporarily unavailable[0m
2024/11/08 10:52:45.149804 raft.go:236: [0;37m[info] 5 failed to send snapshot to 2 because snapshot is temporarily unavailable[0m
2024/11/08 10:52:45.150399 snap.go:549: [0;37m[info] region 1 scan snapshot /tmp/test-raftstore1292730875/snap/gen_1_7_302_(default|write|lock).sst, key count 139, size 3564[0m
2024/11/08 10:52:45.155044 raft.go:246: [0;37m[info] Send Snapshot[302,7] from 5 to 2[0m
2024/11/08 10:52:45.157928 peer_storage.go:182: [0;37m[info] [region 1] 5 requesting snapshot[0m
2024/11/08 10:52:45.158010 raft.go:236: [0;37m[info] 5 failed to send snapshot to 2 because snapshot is temporarily unavailable[0m
2024/11/08 10:52:45.158483 snap.go:549: [0;37m[info] region 1 scan snapshot /tmp/test-raftstore1292730875/snap/gen_1_7_303_(default|write|lock).sst, key count 140, size 3590[0m
2024/11/08 10:52:45.160904 raft.go:236: [0;37m[info] 5 failed to send snapshot to 2 because snapshot is temporarily unavailable[0m
2024/11/08 10:52:45.164721 raft.go:246: [0;37m[info] Send Snapshot[303,7] from 5 to 2[0m
2024/11/08 10:52:45.164779 peer_storage.go:182: [0;37m[info] [region 1] 5 requesting snapshot[0m
2024/11/08 10:52:45.164788 raft.go:236: [0;37m[info] 5 failed to send snapshot to 2 because snapshot is temporarily unavailable[0m
2024/11/08 10:52:45.164806 raft.go:236: [0;37m[info] 5 failed to send snapshot to 2 because snapshot is temporarily unavailable[0m
2024/11/08 10:52:45.164826 raft.go:236: [0;37m[info] 5 failed to send snapshot to 2 because snapshot is temporarily unavailable[0m
2024/11/08 10:52:45.165247 snap.go:549: [0;37m[info] region 1 scan snapshot /tmp/test-raftstore1292730875/snap/gen_1_7_304_(default|write|lock).sst, key count 140, size 3590[0m
2024/11/08 10:52:45.173185 raft.go:246: [0;37m[info] Send Snapshot[304,7] from 5 to 2[0m
2024/11/08 10:52:45.173265 peer_storage.go:182: [0;37m[info] [region 1] 5 requesting snapshot[0m
2024/11/08 10:52:45.173275 raft.go:236: [0;37m[info] 5 failed to send snapshot to 2 because snapshot is temporarily unavailable[0m
2024/11/08 10:52:45.173328 raft.go:236: [0;37m[info] 5 failed to send snapshot to 2 because snapshot is temporarily unavailable[0m
2024/11/08 10:52:45.173344 raft.go:236: [0;37m[info] 5 failed to send snapshot to 2 because snapshot is temporarily unavailable[0m
2024/11/08 10:52:45.173381 raft.go:236: [0;37m[info] 5 failed to send snapshot to 2 because snapshot is temporarily unavailable[0m
2024/11/08 10:52:45.173751 snap.go:549: [0;37m[info] region 1 scan snapshot /tmp/test-raftstore1292730875/snap/gen_1_7_308_(default|write|lock).sst, key count 144, size 3694[0m
2024/11/08 10:52:45.177841 raft.go:246: [0;37m[info] Send Snapshot[308,7] from 5 to 2[0m
2024/11/08 10:52:45.180778 peer_storage.go:182: [0;37m[info] [region 1] 5 requesting snapshot[0m
2024/11/08 10:52:45.180856 raft.go:236: [0;37m[info] 5 failed to send snapshot to 2 because snapshot is temporarily unavailable[0m
2024/11/08 10:52:45.181325 snap.go:549: [0;37m[info] region 1 scan snapshot /tmp/test-raftstore1292730875/snap/gen_1_7_309_(default|write|lock).sst, key count 144, size 3694[0m
2024/11/08 10:52:45.183694 raft.go:236: [0;37m[info] 5 failed to send snapshot to 2 because snapshot is temporarily unavailable[0m
2024/11/08 10:52:45.183751 raft.go:236: [0;37m[info] 5 failed to send snapshot to 2 because snapshot is temporarily unavailable[0m
2024/11/08 10:52:45.183769 raft.go:236: [0;37m[info] 5 failed to send snapshot to 2 because snapshot is temporarily unavailable[0m
2024/11/08 10:52:45.183792 raft.go:236: [0;37m[info] 5 failed to send snapshot to 2 because snapshot is temporarily unavailable[0m
2024/11/08 10:52:45.190581 raft.go:246: [0;37m[info] Send Snapshot[309,7] from 5 to 2[0m
2024/11/08 10:52:45.190639 peer_storage.go:182: [0;37m[info] [region 1] 5 requesting snapshot[0m
2024/11/08 10:52:45.190713 raft.go:236: [0;37m[info] 5 failed to send snapshot to 2 because snapshot is temporarily unavailable[0m
2024/11/08 10:52:45.190794 raft.go:236: [0;37m[info] 5 failed to send snapshot to 2 because snapshot is temporarily unavailable[0m
2024/11/08 10:52:45.190853 raft.go:236: [0;37m[info] 5 failed to send snapshot to 2 because snapshot is temporarily unavailable[0m
2024/11/08 10:52:45.190885 raft.go:236: [0;37m[info] 5 failed to send snapshot to 2 because snapshot is temporarily unavailable[0m
2024/11/08 10:52:45.191068 snap.go:549: [0;37m[info] region 1 scan snapshot /tmp/test-raftstore1292730875/snap/gen_1_7_313_(default|write|lock).sst, key count 146, size 3746[0m
2024/11/08 10:52:45.196784 raft.go:246: [0;37m[info] Send Snapshot[313,7] from 5 to 2[0m
2024/11/08 10:52:45.196874 peer_storage.go:182: [0;37m[info] [region 1] 5 requesting snapshot[0m
2024/11/08 10:52:45.196888 raft.go:236: [0;37m[info] 5 failed to send snapshot to 2 because snapshot is temporarily unavailable[0m
2024/11/08 10:52:45.197452 snap.go:549: [0;37m[info] region 1 scan snapshot /tmp/test-raftstore1292730875/snap/gen_1_7_315_(default|write|lock).sst, key count 147, size 3772[0m
2024/11/08 10:52:45.200166 raft.go:236: [0;37m[info] 5 failed to send snapshot to 2 because snapshot is temporarily unavailable[0m
2024/11/08 10:52:45.200220 raft.go:236: [0;37m[info] 5 failed to send snapshot to 2 because snapshot is temporarily unavailable[0m
2024/11/08 10:52:45.206562 raft.go:246: [0;37m[info] Send Snapshot[315,7] from 5 to 2[0m
2024/11/08 10:52:45.206638 peer_storage.go:182: [0;37m[info] [region 1] 5 requesting snapshot[0m
2024/11/08 10:52:45.206666 raft.go:236: [0;37m[info] 5 failed to send snapshot to 2 because snapshot is temporarily unavailable[0m
2024/11/08 10:52:45.206693 raft.go:236: [0;37m[info] 5 failed to send snapshot to 2 because snapshot is temporarily unavailable[0m
2024/11/08 10:52:45.206715 raft.go:236: [0;37m[info] 5 failed to send snapshot to 2 because snapshot is temporarily unavailable[0m
2024/11/08 10:52:45.206770 raft.go:236: [0;37m[info] 5 failed to send snapshot to 2 because snapshot is temporarily unavailable[0m
2024/11/08 10:52:45.207178 snap.go:549: [0;37m[info] region 1 scan snapshot /tmp/test-raftstore1292730875/snap/gen_1_7_318_(default|write|lock).sst, key count 148, size 3798[0m
2024/11/08 10:52:45.213039 raft.go:246: [0;37m[info] Send Snapshot[318,7] from 5 to 2[0m
2024/11/08 10:52:45.213171 peer_storage.go:182: [0;37m[info] [region 1] 5 requesting snapshot[0m
2024/11/08 10:52:45.213209 raft.go:236: [0;37m[info] 5 failed to send snapshot to 2 because snapshot is temporarily unavailable[0m
2024/11/08 10:52:45.213723 snap.go:549: [0;37m[info] region 1 scan snapshot /tmp/test-raftstore1292730875/snap/gen_1_7_320_(default|write|lock).sst, key count 149, size 3824[0m
2024/11/08 10:52:45.218541 raft.go:236: [0;37m[info] 5 failed to send snapshot to 2 because snapshot is temporarily unavailable[0m
2024/11/08 10:52:45.218599 raft.go:236: [0;37m[info] 5 failed to send snapshot to 2 because snapshot is temporarily unavailable[0m
2024/11/08 10:52:45.218623 raft.go:236: [0;37m[info] 5 failed to send snapshot to 2 because snapshot is temporarily unavailable[0m
2024/11/08 10:52:45.224778 raft.go:246: [0;37m[info] Send Snapshot[320,7] from 5 to 2[0m
2024/11/08 10:52:45.224910 peer_storage.go:182: [0;37m[info] [region 1] 5 requesting snapshot[0m
2024/11/08 10:52:45.224952 raft.go:236: [0;37m[info] 5 failed to send snapshot to 2 because snapshot is temporarily unavailable[0m
2024/11/08 10:52:45.224991 raft.go:236: [0;37m[info] 5 failed to send snapshot to 2 because snapshot is temporarily unavailable[0m
2024/11/08 10:52:45.226061 snap.go:549: [0;37m[info] region 1 scan snapshot /tmp/test-raftstore1292730875/snap/gen_1_7_323_(default|write|lock).sst, key count 150, size 3850[0m
2024/11/08 10:52:45.227971 raft.go:236: [0;37m[info] 5 failed to send snapshot to 2 because snapshot is temporarily unavailable[0m
2024/11/08 10:52:45.232405 raft.go:246: [0;37m[info] Send Snapshot[323,7] from 5 to 2[0m
2024/11/08 10:52:45.232463 peer_storage.go:182: [0;37m[info] [region 1] 5 requesting snapshot[0m
2024/11/08 10:52:45.232472 raft.go:236: [0;37m[info] 5 failed to send snapshot to 2 because snapshot is temporarily unavailable[0m
2024/11/08 10:52:45.232506 raft.go:236: [0;37m[info] 5 failed to send snapshot to 2 because snapshot is temporarily unavailable[0m
2024/11/08 10:52:45.233083 snap.go:549: [0;37m[info] region 1 scan snapshot /tmp/test-raftstore1292730875/snap/gen_1_7_325_(default|write|lock).sst, key count 150, size 3850[0m
2024/11/08 10:52:45.236752 raft.go:246: [0;37m[info] Send Snapshot[325,7] from 5 to 2[0m
2024/11/08 10:52:45.236802 peer_storage.go:182: [0;37m[info] [region 1] 5 requesting snapshot[0m
2024/11/08 10:52:45.236809 raft.go:236: [0;37m[info] 5 failed to send snapshot to 2 because snapshot is temporarily unavailable[0m
2024/11/08 10:52:45.237137 snap.go:549: [0;37m[info] region 1 scan snapshot /tmp/test-raftstore1292730875/snap/gen_1_7_326_(default|write|lock).sst, key count 150, size 3850[0m
2024/11/08 10:52:45.241186 raft.go:246: [0;37m[info] Send Snapshot[326,7] from 5 to 2[0m
2024/11/08 10:52:45.241243 peer_storage.go:182: [0;37m[info] [region 1] 5 requesting snapshot[0m
2024/11/08 10:52:45.241265 raft.go:236: [0;37m[info] 5 failed to send snapshot to 2 because snapshot is temporarily unavailable[0m
2024/11/08 10:52:45.241289 raft.go:236: [0;37m[info] 5 failed to send snapshot to 2 because snapshot is temporarily unavailable[0m
2024/11/08 10:52:45.241311 raft.go:236: [0;37m[info] 5 failed to send snapshot to 2 because snapshot is temporarily unavailable[0m
2024/11/08 10:52:45.241848 snap.go:549: [0;37m[info] region 1 scan snapshot /tmp/test-raftstore1292730875/snap/gen_1_7_327_(default|write|lock).sst, key count 150, size 3850[0m
2024/11/08 10:52:45.249607 raft.go:246: [0;37m[info] Send Snapshot[327,7] from 5 to 2[0m
2024/11/08 10:52:45.249734 peer_storage.go:182: [0;37m[info] [region 1] 5 requesting snapshot[0m
2024/11/08 10:52:45.249789 raft.go:236: [0;37m[info] 5 failed to send snapshot to 2 because snapshot is temporarily unavailable[0m
2024/11/08 10:52:45.249824 raft.go:236: [0;37m[info] 5 failed to send snapshot to 2 because snapshot is temporarily unavailable[0m
2024/11/08 10:52:45.249872 raft.go:236: [0;37m[info] 5 failed to send snapshot to 2 because snapshot is temporarily unavailable[0m
2024/11/08 10:52:45.250385 snap.go:549: [0;37m[info] region 1 scan snapshot /tmp/test-raftstore1292730875/snap/gen_1_7_330_(default|write|lock).sst, key count 152, size 3902[0m
2024/11/08 10:52:45.253628 raft.go:236: [0;37m[info] 5 failed to send snapshot to 2 because snapshot is temporarily unavailable[0m
2024/11/08 10:52:45.253704 raft.go:246: [0;37m[info] Send Snapshot[330,7] from 5 to 2[0m
2024/11/08 10:52:45.256623 peer_storage.go:182: [0;37m[info] [region 1] 5 requesting snapshot[0m
2024/11/08 10:52:45.256676 raft.go:236: [0;37m[info] 5 failed to send snapshot to 2 because snapshot is temporarily unavailable[0m
2024/11/08 10:52:45.256709 raft.go:236: [0;37m[info] 5 failed to send snapshot to 2 because snapshot is temporarily unavailable[0m
2024/11/08 10:52:45.256721 raft.go:236: [0;37m[info] 5 failed to send snapshot to 2 because snapshot is temporarily unavailable[0m
2024/11/08 10:52:45.257499 snap.go:549: [0;37m[info] region 1 scan snapshot /tmp/test-raftstore1292730875/snap/gen_1_7_332_(default|write|lock).sst, key count 152, size 3902[0m
2024/11/08 10:52:45.263386 raft.go:246: [0;37m[info] Send Snapshot[332,7] from 5 to 2[0m
2024/11/08 10:52:45.263496 peer_storage.go:182: [0;37m[info] [region 1] 5 requesting snapshot[0m
2024/11/08 10:52:45.263512 raft.go:236: [0;37m[info] 5 failed to send snapshot to 2 because snapshot is temporarily unavailable[0m
2024/11/08 10:52:45.263539 raft.go:236: [0;37m[info] 5 failed to send snapshot to 2 because snapshot is temporarily unavailable[0m
2024/11/08 10:52:45.263564 raft.go:236: [0;37m[info] 5 failed to send snapshot to 2 because snapshot is temporarily unavailable[0m
2024/11/08 10:52:45.263603 raft.go:236: [0;37m[info] 5 failed to send snapshot to 2 because snapshot is temporarily unavailable[0m
2024/11/08 10:52:45.264211 snap.go:549: [0;37m[info] region 1 scan snapshot /tmp/test-raftstore1292730875/snap/gen_1_7_335_(default|write|lock).sst, key count 152, size 3902[0m
2024/11/08 10:52:45.269775 raft.go:246: [0;37m[info] Send Snapshot[335,7] from 5 to 2[0m
2024/11/08 10:52:45.269847 peer_storage.go:182: [0;37m[info] [region 1] 5 requesting snapshot[0m
2024/11/08 10:52:45.269856 raft.go:236: [0;37m[info] 5 failed to send snapshot to 2 because snapshot is temporarily unavailable[0m
2024/11/08 10:52:45.269885 raft.go:236: [0;37m[info] 5 failed to send snapshot to 2 because snapshot is temporarily unavailable[0m
2024/11/08 10:52:45.270180 snap.go:549: [0;37m[info] region 1 scan snapshot /tmp/test-raftstore1292730875/snap/gen_1_7_337_(default|write|lock).sst, key count 154, size 3954[0m
2024/11/08 10:52:45.272737 raft.go:236: [0;37m[info] 5 failed to send snapshot to 2 because snapshot is temporarily unavailable[0m
2024/11/08 10:52:45.272799 raft.go:236: [0;37m[info] 5 failed to send snapshot to 2 because snapshot is temporarily unavailable[0m
2024/11/08 10:52:45.272825 raft.go:236: [0;37m[info] 5 failed to send snapshot to 2 because snapshot is temporarily unavailable[0m
2024/11/08 10:52:45.277269 raft.go:246: [0;37m[info] Send Snapshot[337,7] from 5 to 2[0m
2024/11/08 10:52:45.277331 peer_storage.go:182: [0;37m[info] [region 1] 5 requesting snapshot[0m
2024/11/08 10:52:45.277356 raft.go:236: [0;37m[info] 5 failed to send snapshot to 2 because snapshot is temporarily unavailable[0m
2024/11/08 10:52:45.277385 raft.go:236: [0;37m[info] 5 failed to send snapshot to 2 because snapshot is temporarily unavailable[0m
2024/11/08 10:52:45.277410 raft.go:236: [0;37m[info] 5 failed to send snapshot to 2 because snapshot is temporarily unavailable[0m
2024/11/08 10:52:45.277726 snap.go:549: [0;37m[info] region 1 scan snapshot /tmp/test-raftstore1292730875/snap/gen_1_7_340_(default|write|lock).sst, key count 155, size 3980[0m
2024/11/08 10:52:45.281762 raft.go:246: [0;37m[info] Send Snapshot[340,7] from 5 to 1[0m
2024/11/08 10:52:45.281796 peer_storage.go:182: [0;37m[info] [region 1] 5 requesting snapshot[0m
2024/11/08 10:52:45.281822 raft.go:236: [0;37m[info] 5 failed to send snapshot to 2 because snapshot is temporarily unavailable[0m
2024/11/08 10:52:45.281868 raft.go:236: [0;37m[info] 5 failed to send snapshot to 1 because snapshot is temporarily unavailable[0m
2024/11/08 10:52:45.281879 raft.go:236: [0;37m[info] 5 failed to send snapshot to 2 because snapshot is temporarily unavailable[0m
2024/11/08 10:52:45.282772 snap.go:549: [0;37m[info] region 1 scan snapshot /tmp/test-raftstore1292730875/snap/gen_1_7_341_(default|write|lock).sst, key count 155, size 3980[0m
2024/11/08 10:52:45.288070 raft.go:246: [0;37m[info] Send Snapshot[341,7] from 5 to 1[0m
2024/11/08 10:52:45.288112 peer_storage.go:182: [0;37m[info] [region 1] 5 requesting snapshot[0m
2024/11/08 10:52:45.288123 raft.go:236: [0;37m[info] 5 failed to send snapshot to 2 because snapshot is temporarily unavailable[0m
2024/11/08 10:52:45.288149 raft.go:236: [0;37m[info] 5 failed to send snapshot to 2 because snapshot is temporarily unavailable[0m
2024/11/08 10:52:45.288162 raft.go:236: [0;37m[info] 5 failed to send snapshot to 1 because snapshot is temporarily unavailable[0m
2024/11/08 10:52:45.288169 raft.go:236: [0;37m[info] 5 failed to send snapshot to 2 because snapshot is temporarily unavailable[0m
2024/11/08 10:52:45.288178 raft.go:236: [0;37m[info] 5 failed to send snapshot to 1 because snapshot is temporarily unavailable[0m
2024/11/08 10:52:45.289645 snap.go:549: [0;37m[info] region 1 scan snapshot /tmp/test-raftstore1292730875/snap/gen_1_7_343_(default|write|lock).sst, key count 156, size 4006[0m
2024/11/08 10:52:45.293913 raft.go:246: [0;37m[info] Send Snapshot[343,7] from 5 to 1[0m
2024/11/08 10:52:45.293950 peer_storage.go:182: [0;37m[info] [region 1] 5 requesting snapshot[0m
2024/11/08 10:52:45.293958 raft.go:236: [0;37m[info] 5 failed to send snapshot to 2 because snapshot is temporarily unavailable[0m
2024/11/08 10:52:45.293984 raft.go:236: [0;37m[info] 5 failed to send snapshot to 1 because snapshot is temporarily unavailable[0m
2024/11/08 10:52:45.293988 raft.go:236: [0;37m[info] 5 failed to send snapshot to 2 because snapshot is temporarily unavailable[0m
2024/11/08 10:52:45.294265 snap.go:549: [0;37m[info] region 1 scan snapshot /tmp/test-raftstore1292730875/snap/gen_1_7_344_(default|write|lock).sst, key count 156, size 4006[0m
2024/11/08 10:52:45.301248 raft.go:246: [0;37m[info] Send Snapshot[344,7] from 5 to 1[0m
2024/11/08 10:52:45.301286 peer_storage.go:182: [0;37m[info] [region 1] 5 requesting snapshot[0m
2024/11/08 10:52:45.301313 raft.go:236: [0;37m[info] 5 failed to send snapshot to 2 because snapshot is temporarily unavailable[0m
2024/11/08 10:52:45.301337 raft.go:236: [0;37m[info] 5 failed to send snapshot to 1 because snapshot is temporarily unavailable[0m
2024/11/08 10:52:45.301341 raft.go:236: [0;37m[info] 5 failed to send snapshot to 2 because snapshot is temporarily unavailable[0m
2024/11/08 10:52:45.301352 raft.go:236: [0;37m[info] 5 failed to send snapshot to 1 because snapshot is temporarily unavailable[0m
2024/11/08 10:52:45.301355 raft.go:236: [0;37m[info] 5 failed to send snapshot to 2 because snapshot is temporarily unavailable[0m
2024/11/08 10:52:45.301366 raft.go:236: [0;37m[info] 5 failed to send snapshot to 2 because snapshot is temporarily unavailable[0m
2024/11/08 10:52:45.301374 raft.go:236: [0;37m[info] 5 failed to send snapshot to 1 because snapshot is temporarily unavailable[0m
2024/11/08 10:52:45.301385 raft.go:236: [0;37m[info] 5 failed to send snapshot to 1 because snapshot is temporarily unavailable[0m
2024/11/08 10:52:45.301390 raft.go:236: [0;37m[info] 5 failed to send snapshot to 2 because snapshot is temporarily unavailable[0m
2024/11/08 10:52:45.301975 snap.go:549: [0;37m[info] region 1 scan snapshot /tmp/test-raftstore1292730875/snap/gen_1_7_346_(default|write|lock).sst, key count 157, size 4032[0m
2024/11/08 10:52:45.307108 raft.go:246: [0;37m[info] Send Snapshot[346,7] from 5 to 1[0m
2024/11/08 10:52:45.307142 peer_storage.go:182: [0;37m[info] [region 1] 5 requesting snapshot[0m
2024/11/08 10:52:45.307154 raft.go:236: [0;37m[info] 5 failed to send snapshot to 2 because snapshot is temporarily unavailable[0m
2024/11/08 10:52:45.307161 raft.go:236: [0;37m[info] 5 failed to send snapshot to 2 because snapshot is temporarily unavailable[0m
2024/11/08 10:52:45.307171 raft.go:236: [0;37m[info] 5 failed to send snapshot to 1 because snapshot is temporarily unavailable[0m
2024/11/08 10:52:45.307176 raft.go:236: [0;37m[info] 5 failed to send snapshot to 1 because snapshot is temporarily unavailable[0m
2024/11/08 10:52:45.307179 raft.go:236: [0;37m[info] 5 failed to send snapshot to 2 because snapshot is temporarily unavailable[0m
2024/11/08 10:52:45.307191 raft.go:236: [0;37m[info] 5 failed to send snapshot to 1 because snapshot is temporarily unavailable[0m
2024/11/08 10:52:45.307194 raft.go:236: [0;37m[info] 5 failed to send snapshot to 2 because snapshot is temporarily unavailable[0m
2024/11/08 10:52:45.307205 raft.go:236: [0;37m[info] 5 failed to send snapshot to 1 because snapshot is temporarily unavailable[0m
2024/11/08 10:52:45.307207 raft.go:236: [0;37m[info] 5 failed to send snapshot to 2 because snapshot is temporarily unavailable[0m
2024/11/08 10:52:45.307563 snap.go:549: [0;37m[info] region 1 scan snapshot /tmp/test-raftstore1292730875/snap/gen_1_7_349_(default|write|lock).sst, key count 159, size 4084[0m
2024/11/08 10:52:45.312262 raft.go:246: [0;37m[info] Send Snapshot[349,7] from 5 to 1[0m
2024/11/08 10:52:45.312306 peer_storage.go:182: [0;37m[info] [region 1] 5 requesting snapshot[0m
2024/11/08 10:52:45.312315 raft.go:236: [0;37m[info] 5 failed to send snapshot to 2 because snapshot is temporarily unavailable[0m
2024/11/08 10:52:45.312343 raft.go:236: [0;37m[info] 5 failed to send snapshot to 2 because snapshot is temporarily unavailable[0m
2024/11/08 10:52:45.312356 raft.go:236: [0;37m[info] 5 failed to send snapshot to 1 because snapshot is temporarily unavailable[0m
2024/11/08 10:52:45.312715 snap.go:549: [0;37m[info] region 1 scan snapshot /tmp/test-raftstore1292730875/snap/gen_1_7_351_(default|write|lock).sst, key count 159, size 4084[0m
2024/11/08 10:52:45.314263 raft.go:236: [0;37m[info] 5 failed to send snapshot to 2 because snapshot is temporarily unavailable[0m
2024/11/08 10:52:45.314304 raft.go:236: [0;37m[info] 5 failed to send snapshot to 1 because snapshot is temporarily unavailable[0m
2024/11/08 10:52:45.316380 raft.go:246: [0;37m[info] Send Snapshot[351,7] from 5 to 1[0m
2024/11/08 10:52:45.316413 peer_storage.go:182: [0;37m[info] [region 1] 5 requesting snapshot[0m
2024/11/08 10:52:45.316421 raft.go:236: [0;37m[info] 5 failed to send snapshot to 2 because snapshot is temporarily unavailable[0m
2024/11/08 10:52:45.316442 raft.go:236: [0;37m[info] 5 failed to send snapshot to 1 because snapshot is temporarily unavailable[0m
2024/11/08 10:52:45.316445 raft.go:236: [0;37m[info] 5 failed to send snapshot to 2 because snapshot is temporarily unavailable[0m
2024/11/08 10:52:45.316752 snap.go:549: [0;37m[info] region 1 scan snapshot /tmp/test-raftstore1292730875/snap/gen_1_7_352_(default|write|lock).sst, key count 160, size 4110[0m
2024/11/08 10:52:45.320838 raft.go:246: [0;37m[info] Send Snapshot[352,7] from 5 to 1[0m
2024/11/08 10:52:45.320868 peer_storage.go:182: [0;37m[info] [region 1] 5 requesting snapshot[0m
2024/11/08 10:52:45.320879 raft.go:236: [0;37m[info] 5 failed to send snapshot to 2 because snapshot is temporarily unavailable[0m
2024/11/08 10:52:45.320910 raft.go:236: [0;37m[info] 5 failed to send snapshot to 1 because snapshot is temporarily unavailable[0m
2024/11/08 10:52:45.320914 raft.go:236: [0;37m[info] 5 failed to send snapshot to 2 because snapshot is temporarily unavailable[0m
2024/11/08 10:52:45.320919 raft.go:236: [0;37m[info] 5 failed to send snapshot to 1 because snapshot is temporarily unavailable[0m
2024/11/08 10:52:45.320922 raft.go:236: [0;37m[info] 5 failed to send snapshot to 2 because snapshot is temporarily unavailable[0m
2024/11/08 10:52:45.321704 snap.go:549: [0;37m[info] region 1 scan snapshot /tmp/test-raftstore1292730875/snap/gen_1_7_354_(default|write|lock).sst, key count 161, size 4136[0m
2024/11/08 10:52:45.326482 raft.go:246: [0;37m[info] Send Snapshot[354,7] from 5 to 1[0m
2024/11/08 10:52:45.326529 peer_storage.go:182: [0;37m[info] [region 1] 5 requesting snapshot[0m
2024/11/08 10:52:45.326555 raft.go:236: [0;37m[info] 5 failed to send snapshot to 2 because snapshot is temporarily unavailable[0m
2024/11/08 10:52:45.326576 raft.go:236: [0;37m[info] 5 failed to send snapshot to 1 because snapshot is temporarily unavailable[0m
2024/11/08 10:52:45.326580 raft.go:236: [0;37m[info] 5 failed to send snapshot to 2 because snapshot is temporarily unavailable[0m
2024/11/08 10:52:45.326588 raft.go:236: [0;37m[info] 5 failed to send snapshot to 1 because snapshot is temporarily unavailable[0m
2024/11/08 10:52:45.326592 raft.go:236: [0;37m[info] 5 failed to send snapshot to 2 because snapshot is temporarily unavailable[0m
2024/11/08 10:52:45.327189 snap.go:549: [0;37m[info] region 1 scan snapshot /tmp/test-raftstore1292730875/snap/gen_1_7_356_(default|write|lock).sst, key count 162, size 4162[0m
2024/11/08 10:52:45.330163 raft.go:236: [0;37m[info] 5 failed to send snapshot to 1 because snapshot is temporarily unavailable[0m
2024/11/08 10:52:45.330191 raft.go:236: [0;37m[info] 5 failed to send snapshot to 2 because snapshot is temporarily unavailable[0m
2024/11/08 10:52:45.330221 raft.go:236: [0;37m[info] 5 failed to send snapshot to 1 because snapshot is temporarily unavailable[0m
2024/11/08 10:52:45.330227 raft.go:236: [0;37m[info] 5 failed to send snapshot to 2 because snapshot is temporarily unavailable[0m
2024/11/08 10:52:45.333670 raft.go:246: [0;37m[info] Send Snapshot[356,7] from 5 to 1[0m
2024/11/08 10:52:45.333704 peer_storage.go:182: [0;37m[info] [region 1] 5 requesting snapshot[0m
2024/11/08 10:52:45.333729 raft.go:236: [0;37m[info] 5 failed to send snapshot to 2 because snapshot is temporarily unavailable[0m
2024/11/08 10:52:45.333752 raft.go:236: [0;37m[info] 5 failed to send snapshot to 1 because snapshot is temporarily unavailable[0m
2024/11/08 10:52:45.333756 raft.go:236: [0;37m[info] 5 failed to send snapshot to 2 because snapshot is temporarily unavailable[0m
2024/11/08 10:52:45.333771 raft.go:236: [0;37m[info] 5 failed to send snapshot to 1 because snapshot is temporarily unavailable[0m
2024/11/08 10:52:45.333773 raft.go:236: [0;37m[info] 5 failed to send snapshot to 2 because snapshot is temporarily unavailable[0m
2024/11/08 10:52:45.333782 raft.go:236: [0;37m[info] 5 failed to send snapshot to 1 because snapshot is temporarily unavailable[0m
2024/11/08 10:52:45.333786 raft.go:236: [0;37m[info] 5 failed to send snapshot to 2 because snapshot is temporarily unavailable[0m
2024/11/08 10:52:45.334183 snap.go:549: [0;37m[info] region 1 scan snapshot /tmp/test-raftstore1292730875/snap/gen_1_7_358_(default|write|lock).sst, key count 162, size 4162[0m
2024/11/08 10:52:45.339322 raft.go:246: [0;37m[info] Send Snapshot[358,7] from 5 to 1[0m
2024/11/08 10:52:45.339365 peer_storage.go:182: [0;37m[info] [region 1] 5 requesting snapshot[0m
2024/11/08 10:52:45.339392 raft.go:236: [0;37m[info] 5 failed to send snapshot to 2 because snapshot is temporarily unavailable[0m
2024/11/08 10:52:45.339416 raft.go:236: [0;37m[info] 5 failed to send snapshot to 1 because snapshot is temporarily unavailable[0m
2024/11/08 10:52:45.339419 raft.go:236: [0;37m[info] 5 failed to send snapshot to 2 because snapshot is temporarily unavailable[0m
2024/11/08 10:52:45.339436 raft.go:236: [0;37m[info] 5 failed to send snapshot to 1 because snapshot is temporarily unavailable[0m
2024/11/08 10:52:45.339439 raft.go:236: [0;37m[info] 5 failed to send snapshot to 2 because snapshot is temporarily unavailable[0m
2024/11/08 10:52:45.339451 raft.go:236: [0;37m[info] 5 failed to send snapshot to 1 because snapshot is temporarily unavailable[0m
2024/11/08 10:52:45.339453 raft.go:236: [0;37m[info] 5 failed to send snapshot to 2 because snapshot is temporarily unavailable[0m
2024/11/08 10:52:45.339941 snap.go:549: [0;37m[info] region 1 scan snapshot /tmp/test-raftstore1292730875/snap/gen_1_7_361_(default|write|lock).sst, key count 162, size 4162[0m
2024/11/08 10:52:45.343190 raft.go:236: [0;37m[info] 5 failed to send snapshot to 1 because snapshot is temporarily unavailable[0m
2024/11/08 10:52:45.343227 raft.go:236: [0;37m[info] 5 failed to send snapshot to 2 because snapshot is temporarily unavailable[0m
2024/11/08 10:52:45.343262 raft.go:236: [0;37m[info] 5 failed to send snapshot to 1 because snapshot is temporarily unavailable[0m
2024/11/08 10:52:45.343266 raft.go:236: [0;37m[info] 5 failed to send snapshot to 2 because snapshot is temporarily unavailable[0m
2024/11/08 10:52:45.346755 raft.go:246: [0;37m[info] Send Snapshot[361,7] from 5 to 2[0m
2024/11/08 10:52:45.347499 peer_storage.go:182: [0;37m[info] [region 1] 5 requesting snapshot[0m
2024/11/08 10:52:45.347548 raft.go:236: [0;37m[info] 5 failed to send snapshot to 1 because snapshot is temporarily unavailable[0m
2024/11/08 10:52:45.347558 raft.go:236: [0;37m[info] 5 failed to send snapshot to 1 because snapshot is temporarily unavailable[0m
2024/11/08 10:52:45.347561 raft.go:236: [0;37m[info] 5 failed to send snapshot to 2 because snapshot is temporarily unavailable[0m
2024/11/08 10:52:45.347586 raft.go:236: [0;37m[info] 5 failed to send snapshot to 1 because snapshot is temporarily unavailable[0m
2024/11/08 10:52:45.347588 raft.go:236: [0;37m[info] 5 failed to send snapshot to 2 because snapshot is temporarily unavailable[0m
2024/11/08 10:52:45.348790 snap.go:549: [0;37m[info] region 1 scan snapshot /tmp/test-raftstore1292730875/snap/gen_1_7_363_(default|write|lock).sst, key count 164, size 4214[0m
2024/11/08 10:52:45.353136 raft.go:246: [0;37m[info] Send Snapshot[363,7] from 5 to 2[0m
2024/11/08 10:52:45.353184 peer_storage.go:182: [0;37m[info] [region 1] 5 requesting snapshot[0m
2024/11/08 10:52:45.353209 raft.go:236: [0;37m[info] 5 failed to send snapshot to 1 because snapshot is temporarily unavailable[0m
2024/11/08 10:52:45.353217 raft.go:236: [0;37m[info] 5 failed to send snapshot to 1 because snapshot is temporarily unavailable[0m
2024/11/08 10:52:45.353220 raft.go:236: [0;37m[info] 5 failed to send snapshot to 2 because snapshot is temporarily unavailable[0m
2024/11/08 10:52:45.353232 raft.go:236: [0;37m[info] 5 failed to send snapshot to 1 because snapshot is temporarily unavailable[0m
2024/11/08 10:52:45.353234 raft.go:236: [0;37m[info] 5 failed to send snapshot to 2 because snapshot is temporarily unavailable[0m
2024/11/08 10:52:45.353245 raft.go:236: [0;37m[info] 5 failed to send snapshot to 1 because snapshot is temporarily unavailable[0m
2024/11/08 10:52:45.353248 raft.go:236: [0;37m[info] 5 failed to send snapshot to 2 because snapshot is temporarily unavailable[0m
2024/11/08 10:52:45.353258 raft.go:236: [0;37m[info] 5 failed to send snapshot to 1 because snapshot is temporarily unavailable[0m
2024/11/08 10:52:45.353261 raft.go:236: [0;37m[info] 5 failed to send snapshot to 2 because snapshot is temporarily unavailable[0m
2024/11/08 10:52:45.353620 snap.go:549: [0;37m[info] region 1 scan snapshot /tmp/test-raftstore1292730875/snap/gen_1_7_366_(default|write|lock).sst, key count 166, size 4266[0m
2024/11/08 10:52:45.358195 raft.go:246: [0;37m[info] Send Snapshot[366,7] from 5 to 1[0m
2024/11/08 10:52:45.358230 peer_storage.go:182: [0;37m[info] [region 1] 5 requesting snapshot[0m
2024/11/08 10:52:45.358255 raft.go:236: [0;37m[info] 5 failed to send snapshot to 2 because snapshot is temporarily unavailable[0m
2024/11/08 10:52:45.358278 raft.go:236: [0;37m[info] 5 failed to send snapshot to 1 because snapshot is temporarily unavailable[0m
2024/11/08 10:52:45.358281 raft.go:236: [0;37m[info] 5 failed to send snapshot to 2 because snapshot is temporarily unavailable[0m
2024/11/08 10:52:45.360352 snap.go:549: [0;37m[info] region 1 scan snapshot /tmp/test-raftstore1292730875/snap/gen_1_7_368_(default|write|lock).sst, key count 168, size 4318[0m
2024/11/08 10:52:45.360773 raft.go:236: [0;37m[info] 5 failed to send snapshot to 1 because snapshot is temporarily unavailable[0m
2024/11/08 10:52:45.360806 raft.go:236: [0;37m[info] 5 failed to send snapshot to 2 because snapshot is temporarily unavailable[0m
2024/11/08 10:52:45.360828 raft.go:236: [0;37m[info] 5 failed to send snapshot to 1 because snapshot is temporarily unavailable[0m
2024/11/08 10:52:45.360832 raft.go:236: [0;37m[info] 5 failed to send snapshot to 2 because snapshot is temporarily unavailable[0m
2024/11/08 10:52:45.360841 raft.go:236: [0;37m[info] 5 failed to send snapshot to 1 because snapshot is temporarily unavailable[0m
2024/11/08 10:52:45.360847 raft.go:236: [0;37m[info] 5 failed to send snapshot to 2 because snapshot is temporarily unavailable[0m
2024/11/08 10:52:45.364449 raft.go:246: [0;37m[info] Send Snapshot[368,7] from 5 to 1[0m
2024/11/08 10:52:45.364479 peer_storage.go:182: [0;37m[info] [region 1] 5 requesting snapshot[0m
2024/11/08 10:52:45.364503 raft.go:236: [0;37m[info] 5 failed to send snapshot to 2 because snapshot is temporarily unavailable[0m
2024/11/08 10:52:45.364552 raft.go:236: [0;37m[info] 5 failed to send snapshot to 1 because snapshot is temporarily unavailable[0m
2024/11/08 10:52:45.364557 raft.go:236: [0;37m[info] 5 failed to send snapshot to 2 because snapshot is temporarily unavailable[0m
2024/11/08 10:52:45.364571 raft.go:236: [0;37m[info] 5 failed to send snapshot to 1 because snapshot is temporarily unavailable[0m
2024/11/08 10:52:45.364575 raft.go:236: [0;37m[info] 5 failed to send snapshot to 2 because snapshot is temporarily unavailable[0m
2024/11/08 10:52:45.365468 snap.go:549: [0;37m[info] region 1 scan snapshot /tmp/test-raftstore1292730875/snap/gen_1_7_371_(default|write|lock).sst, key count 169, size 4344[0m
2024/11/08 10:52:45.367928 raft.go:236: [0;37m[info] 5 failed to send snapshot to 1 because snapshot is temporarily unavailable[0m
2024/11/08 10:52:45.367954 raft.go:236: [0;37m[info] 5 failed to send snapshot to 2 because snapshot is temporarily unavailable[0m
2024/11/08 10:52:45.368760 raft.go:246: [0;37m[info] Send Snapshot[371,7] from 5 to 1[0m
2024/11/08 10:52:45.368794 peer_storage.go:182: [0;37m[info] [region 1] 5 requesting snapshot[0m
2024/11/08 10:52:45.368810 raft.go:236: [0;37m[info] 5 failed to send snapshot to 2 because snapshot is temporarily unavailable[0m
2024/11/08 10:52:45.371704 test_test.go:104: [0;37m[info] partition: [2 3 5], [1 4][0m
2024/11/08 10:52:45.372685 raft.go:246: [0;37m[info] Send Snapshot[371,7] from 5 to 1[0m
2024/11/08 10:52:45.372731 peer_storage.go:182: [0;37m[info] [region 1] 5 requesting snapshot[0m
2024/11/08 10:52:45.372773 raft.go:236: [0;37m[info] 5 failed to send snapshot to 2 because snapshot is temporarily unavailable[0m
2024/11/08 10:52:45.372853 raft.go:236: [0;37m[info] 5 failed to send snapshot to 2 because snapshot is temporarily unavailable[0m
2024/11/08 10:52:45.372861 raft.go:236: [0;37m[info] 5 failed to send snapshot to 1 because snapshot is temporarily unavailable[0m
2024/11/08 10:52:45.372870 raft.go:236: [0;37m[info] 5 failed to send snapshot to 1 because snapshot is temporarily unavailable[0m
2024/11/08 10:52:45.372872 raft.go:236: [0;37m[info] 5 failed to send snapshot to 2 because snapshot is temporarily unavailable[0m
2024/11/08 10:52:45.372882 raft.go:236: [0;37m[info] 5 failed to send snapshot to 1 because snapshot is temporarily unavailable[0m
2024/11/08 10:52:45.372902 raft.go:236: [0;37m[info] 5 failed to send snapshot to 2 because snapshot is temporarily unavailable[0m
2024/11/08 10:52:45.373141 snap.go:549: [0;37m[info] region 1 scan snapshot /tmp/test-raftstore1292730875/snap/gen_1_7_373_(default|write|lock).sst, key count 170, size 4370[0m
2024/11/08 10:52:45.377604 raft.go:246: [0;37m[info] Send Snapshot[373,7] from 5 to 1[0m
2024/11/08 10:52:45.377643 peer_storage.go:182: [0;37m[info] [region 1] 5 requesting snapshot[0m
2024/11/08 10:52:45.377650 raft.go:236: [0;37m[info] 5 failed to send snapshot to 2 because snapshot is temporarily unavailable[0m
2024/11/08 10:52:45.377680 raft.go:236: [0;37m[info] 5 failed to send snapshot to 1 because snapshot is temporarily unavailable[0m
2024/11/08 10:52:45.377684 raft.go:236: [0;37m[info] 5 failed to send snapshot to 2 because snapshot is temporarily unavailable[0m
2024/11/08 10:52:45.377693 raft.go:236: [0;37m[info] 5 failed to send snapshot to 2 because snapshot is temporarily unavailable[0m
2024/11/08 10:52:45.377700 raft.go:236: [0;37m[info] 5 failed to send snapshot to 1 because snapshot is temporarily unavailable[0m
2024/11/08 10:52:45.378093 snap.go:549: [0;37m[info] region 1 scan snapshot /tmp/test-raftstore1292730875/snap/gen_1_7_376_(default|write|lock).sst, key count 172, size 4422[0m
2024/11/08 10:52:45.911460 test_test.go:104: [0;37m[info] partition: [1 3 4 5], [2][0m
2024/11/08 10:52:46.451801 test_test.go:104: [0;37m[info] partition: [2 3 5], [1 4][0m
2024/11/08 10:52:47.081374 test_test.go:104: [0;37m[info] partition: [1 4], [2 3 5][0m
2024/11/08 10:52:47.198646 log.go:200: Append fail: Get Entries fail!
panic: Append fail: Get Entries fail!

goroutine 292 [running]:
log.(*Logger).Panicf(0xc0000cec60, {0xbeb05d?, 0x2?}, {0x0?, 0xba0880?, 0xc1a33d2390?})
	/usr/local/go/src/log/log.go:310 +0x6e
github.com/pingcap-incubator/tinykv/log.(*Logger).Panicf(...)
	/home/jiang/tinykv/log/log.go:200
github.com/pingcap-incubator/tinykv/log.Panicf(...)
	/home/jiang/tinykv/log/log.go:89
github.com/pingcap-incubator/tinykv/raft.(*Raft).Step(0xc17bb37320, {0x4, 0x5, 0x2, 0xa, 0x0, 0x150, {0x0, 0x0, 0x0}, ...})
	/home/jiang/tinykv/raft/raft.go:615 +0x812
github.com/pingcap-incubator/tinykv/raft.(*RawNode).Step(0xc00024ad70, {0x4, 0x5, 0x2, 0xa, 0x0, 0x150, {0x0, 0x0, 0x0}, ...})
	/home/jiang/tinykv/raft/rawnode.go:163 +0xd8
github.com/pingcap-incubator/tinykv/kv/raftstore.(*peerMsgHandler).onRaftMsg(0xc17ccd3e20, 0xc1a334e800)
	/home/jiang/tinykv/kv/raftstore/peer_msg_handler.go:353 +0x318
github.com/pingcap-incubator/tinykv/kv/raftstore.(*peerMsgHandler).HandleMsg(0xc17ccd3e20, {0xc17ccd3ec0?, 0x1?, {0xbb8620?, 0xc1a334e800?}})
	/home/jiang/tinykv/kv/raftstore/peer_msg_handler.go:198 +0x76
github.com/pingcap-incubator/tinykv/kv/raftstore.(*raftWorker).run(0xc089fdf080, 0xc00014d730, 0x0?)
	/home/jiang/tinykv/kv/raftstore/raft_worker.go:54 +0x485
created by github.com/pingcap-incubator/tinykv/kv/raftstore.(*Raftstore).startWorkers in goroutine 27
	/home/jiang/tinykv/kv/raftstore/raftstore.go:272 +0x152
FAIL	github.com/pingcap-incubator/tinykv/kv/test_raftstore	4.628s
FAIL
rm -rf /tmp/*test-raftstore*
